Component: ARM Compiler 5.06 update 7 (build 960) Tool: armlink [4d3601]

==============================================================================

Section Cross References

    startup_stm32g431xx.o(STACK) refers (Special) to heapauxi.o(.text) for __use_two_region_memory
    startup_stm32g431xx.o(HEAP) refers (Special) to heapauxi.o(.text) for __use_two_region_memory
    startup_stm32g431xx.o(RESET) refers (Special) to heapauxi.o(.text) for __use_two_region_memory
    startup_stm32g431xx.o(RESET) refers to startup_stm32g431xx.o(STACK) for __initial_sp
    startup_stm32g431xx.o(RESET) refers to startup_stm32g431xx.o(.text) for Reset_Handler
    startup_stm32g431xx.o(RESET) refers to stm32g4xx_it.o(i.NMI_Handler) for NMI_Handler
    startup_stm32g431xx.o(RESET) refers to stm32g4xx_it.o(i.HardFault_Handler) for HardFault_Handler
    startup_stm32g431xx.o(RESET) refers to stm32g4xx_it.o(i.MemManage_Handler) for MemManage_Handler
    startup_stm32g431xx.o(RESET) refers to stm32g4xx_it.o(i.BusFault_Handler) for BusFault_Handler
    startup_stm32g431xx.o(RESET) refers to stm32g4xx_it.o(i.UsageFault_Handler) for UsageFault_Handler
    startup_stm32g431xx.o(RESET) refers to stm32g4xx_it.o(i.SVC_Handler) for SVC_Handler
    startup_stm32g431xx.o(RESET) refers to stm32g4xx_it.o(i.DebugMon_Handler) for DebugMon_Handler
    startup_stm32g431xx.o(RESET) refers to stm32g4xx_it.o(i.PendSV_Handler) for PendSV_Handler
    startup_stm32g431xx.o(RESET) refers to stm32g4xx_it.o(i.SysTick_Handler) for SysTick_Handler
    startup_stm32g431xx.o(RESET) refers to stm32g4xx_it.o(i.TIM2_IRQHandler) for TIM2_IRQHandler
    startup_stm32g431xx.o(RESET) refers to stm32g4xx_it.o(i.TIM3_IRQHandler) for TIM3_IRQHandler
    startup_stm32g431xx.o(RESET) refers to stm32g4xx_it.o(i.TIM4_IRQHandler) for TIM4_IRQHandler
    startup_stm32g431xx.o(RESET) refers to stm32g4xx_it.o(i.USART1_IRQHandler) for USART1_IRQHandler
    startup_stm32g431xx.o(.text) refers (Special) to heapauxi.o(.text) for __use_two_region_memory
    startup_stm32g431xx.o(.text) refers to system_stm32g4xx.o(i.SystemInit) for SystemInit
    startup_stm32g431xx.o(.text) refers to __main.o(!!!main) for __main
    startup_stm32g431xx.o(.text) refers to startup_stm32g431xx.o(HEAP) for Heap_Mem
    startup_stm32g431xx.o(.text) refers to startup_stm32g431xx.o(STACK) for Stack_Mem
    main.o(i.SystemClock_Config) refers to rt_memclr_w.o(.text) for __aeabi_memclr4
    main.o(i.SystemClock_Config) refers to stm32g4xx_hal_pwr_ex.o(i.HAL_PWREx_ControlVoltageScaling) for HAL_PWREx_ControlVoltageScaling
    main.o(i.SystemClock_Config) refers to stm32g4xx_hal_rcc.o(i.HAL_RCC_OscConfig) for HAL_RCC_OscConfig
    main.o(i.SystemClock_Config) refers to stm32g4xx_hal_rcc.o(i.HAL_RCC_ClockConfig) for HAL_RCC_ClockConfig
    main.o(i.key_proc) refers to _printf_percent.o(.ARM.Collect$$_printf_percent$$00000000) for _printf_percent
    main.o(i.key_proc) refers to _printf_s.o(.ARM.Collect$$_printf_percent$$00000014) for _printf_s
    main.o(i.key_proc) refers to _printf_str.o(.text) for _printf_str
    main.o(i.key_proc) refers to noretval__2sprintf.o(.text) for __2sprintf
    main.o(i.key_proc) refers to lcd.o(i.LCD_DisplayStringLine) for LCD_DisplayStringLine
    main.o(i.key_proc) refers to i2c_hal.o(i.eeprom_write) for eeprom_write
    main.o(i.key_proc) refers to stm32g4xx_hal.o(i.HAL_Delay) for HAL_Delay
    main.o(i.key_proc) refers to myadc.o(i.get_adc) for get_adc
    main.o(i.key_proc) refers to led.o(i.led_disp) for led_disp
    main.o(i.key_proc) refers to timer.o(.bss) for key
    main.o(i.key_proc) refers to main.o(.data) for .data
    main.o(i.key_proc) refers to main.o(.bss) for .bss
    main.o(i.key_proc) refers to timer.o(.data) for frq1
    main.o(i.key_proc) refers to tim.o(.bss) for htim16
    main.o(i.key_proc) refers to adc.o(.bss) for hadc1
    main.o(i.lcd_proc) refers to _printf_percent.o(.ARM.Collect$$_printf_percent$$00000000) for _printf_percent
    main.o(i.lcd_proc) refers to _printf_d.o(.ARM.Collect$$_printf_percent$$00000009) for _printf_d
    main.o(i.lcd_proc) refers to _printf_dec.o(.text) for _printf_int_dec
    main.o(i.lcd_proc) refers to _printf_f.o(.ARM.Collect$$_printf_percent$$00000003) for _printf_f
    main.o(i.lcd_proc) refers to printf1.o(x$fpl$printf1) for _printf_fp_dec
    main.o(i.lcd_proc) refers to noretval__2sprintf.o(.text) for __2sprintf
    main.o(i.lcd_proc) refers to lcd.o(i.LCD_DisplayStringLine) for LCD_DisplayStringLine
    main.o(i.lcd_proc) refers to f2d.o(x$fpl$f2d) for __aeabi_f2d
    main.o(i.lcd_proc) refers to i2c_hal.o(i.eeprom_read) for eeprom_read
    main.o(i.lcd_proc) refers to stm32g4xx_hal.o(.data) for uwTick
    main.o(i.lcd_proc) refers to main.o(.data) for .data
    main.o(i.lcd_proc) refers to main.o(.bss) for .bss
    main.o(i.lcd_proc) refers to timer.o(.data) for frq2
    main.o(i.main) refers to stm32g4xx_hal.o(i.HAL_Init) for HAL_Init
[...]
    i.key_proc                               0x080061ec   Section        0  main.o(i.key_proc)
    i.lcd_proc                               0x08006338   Section        0  main.o(i.lcd_proc)
    i.led_disp                               0x080064e8   Section        0  led.o(i.led_disp)
    i.main                                   0x0800653c   Section        0  main.o(i.main)
    locale$$code                             0x080065e8   Section       44  lc_numeric_c.o(locale$$code)
    x$fpl$d2f                                0x08006614   Section       98  d2f.o(x$fpl$d2f)
    $v0                                      0x08006614   Number         0  d2f.o(x$fpl$d2f)
    x$fpl$ddiv                               0x08006678   Section      688  ddiv.o(x$fpl$ddiv)
    $v0                                      0x08006678   Number         0  ddiv.o(x$fpl$ddiv)
    ddiv_entry                               0x0800667f   Thumb Code     0  ddiv.o(x$fpl$ddiv)
    x$fpl$dfixu                              0x08006928   Section       90  dfixu.o(x$fpl$dfixu)
    $v0                                      0x08006928   Number         0  dfixu.o(x$fpl$dfixu)
    x$fpl$dfltu                              0x08006982   Section       38  dflt_clz.o(x$fpl$dfltu)
    $v0                                      0x08006982   Number         0  dflt_clz.o(x$fpl$dfltu)
    x$fpl$dmul                               0x080069a8   Section      340  dmul.o(x$fpl$dmul)
    $v0                                      0x080069a8   Number         0  dmul.o(x$fpl$dmul)
    x$fpl$dnaninf                            0x08006afc   Section      156  dnaninf.o(x$fpl$dnaninf)
    $v0                                      0x08006afc   Number         0  dnaninf.o(x$fpl$dnaninf)
    x$fpl$dretinf                            0x08006b98   Section       12  dretinf.o(x$fpl$dretinf)
    $v0                                      0x08006b98   Number         0  dretinf.o(x$fpl$dretinf)
    x$fpl$f2d                                0x08006ba4   Section       86  f2d.o(x$fpl$f2d)
    $v0                                      0x08006ba4   Number         0  f2d.o(x$fpl$f2d)
    x$fpl$fnaninf                            0x08006bfa   Section      140  fnaninf.o(x$fpl$fnaninf)
    $v0                                      0x08006bfa   Number         0  fnaninf.o(x$fpl$fnaninf)
    x$fpl$fpinit                             0x08006c86   Section       10  fpinit.o(x$fpl$fpinit)
    $v0                                      0x08006c86   Number         0  fpinit.o(x$fpl$fpinit)
    x$fpl$fretinf                            0x08006c90   Section       10  fretinf.o(x$fpl$fretinf)
    $v0                                      0x08006c90   Number         0  fretinf.o(x$fpl$fretinf)
    x$fpl$printf1                            0x08006c9a   Section        4  printf1.o(x$fpl$printf1)
    $v0                                      0x08006c9a   Number         0  printf1.o(x$fpl$printf1)
    .constdata                               0x08006c9e   Section       24  stm32g4xx_hal_uart.o(.constdata)
    x$fpl$usenofp                            0x08006c9e   Section        0  usenofp.o(x$fpl$usenofp)
    .constdata                               0x08006cb6   Section       16  stm32g4xx_hal_uart_ex.o(.constdata)
    numerator                                0x08006cb6   Data           8  stm32g4xx_hal_uart_ex.o(.constdata)
    denominator                              0x08006cbe   Data           8  stm32g4xx_hal_uart_ex.o(.constdata)
    .constdata                               0x08006cc6   Section       16  system_stm32g4xx.o(.constdata)
    .constdata                               0x08006cd6   Section        8  system_stm32g4xx.o(.constdata)
    .constdata                               0x08006cde   Section     4560  lcd.o(.constdata)
    .constdata                               0x08007eae   Section       17  __printf_flags_wp.o(.constdata)
    maptable                                 0x08007eae   Data          17  __printf_flags_wp.o(.constdata)
    .constdata                               0x08007ec0   Section      148  bigflt0.o(.constdata)
    tenpwrs_x                                0x08007ec0   Data          60  bigflt0.o(.constdata)
    tenpwrs_i                                0x08007efc   Data          64  bigflt0.o(.constdata)
    locale$$data                             0x08007f74   Section       28  lc_numeric_c.o(locale$$data)
    __lcnum_c_name                           0x08007f78   Data           2  lc_numeric_c.o(locale$$data)
    __lcnum_c_start                          0x08007f80   Data           0  lc_numeric_c.o(locale$$data)
    __lcnum_c_point                          0x08007f8c   Data           0  lc_numeric_c.o(locale$$data)
    __lcnum_c_thousands                      0x08007f8e   Data           0  lc_numeric_c.o(locale$$data)
    __lcnum_c_grouping                       0x08007f8f   Data           0  lc_numeric_c.o(locale$$data)
    __lcnum_c_end                            0x08007f90   Data           0  lc_numeric_c.o(locale$$data)
    .data                                    0x20000000   Section       24  main.o(.data)
    .data                                    0x20000018   Section        4  adc.o(.data)
    HAL_RCC_ADC12_CLK_ENABLED                0x20000018   Data           4  adc.o(.data)
    .data                                    0x2000001c   Section       12  stm32g4xx_hal.o(.data)
    .data                                    0x20000028   Section        4  system_stm32g4xx.o(.data)
    .data                                    0x2000002c   Section        6  lcd.o(.data)
    TextColor                                0x2000002c   Data           2  lcd.o(.data)
    BackColor                                0x2000002e   Data           2  lcd.o(.data)
    .data                                    0x20000032   Section        2  myusart.o(.data)
    .data                                    0x20000038   Section       40  timer.o(.data)
    .bss                                     0x20000060   Section       30  main.o(.bss)
    .bss                                     0x20000080   Section      216  adc.o(.bss)
    .bss                                     0x20000158   Section      380  tim.o(.bss)
    .bss                                     0x200002d4   Section      144  usart.o(.bss)
    .bss                                     0x20000364   Section       30  myusart.o(.bss)
    .bss                                     0x20000382   Section       12  timer.o(.bss)
    .bss                                     0x20000390   Section       96  libspace.o(.bss)
    HEAP                                     0x200003f0   Section      512  startup_stm32g431xx.o(HEAP)
    Heap_Mem                                 0x200003f0   Data         512  startup_stm32g431xx.o(HEAP)
    STACK                                    0x200005f0   Section     1024  startup_stm32g431xx.o(STACK)
    Stack_Mem                                0x200005f0   Data        1024  startup_stm32g431xx.o(STACK)
    __initial_sp                             0x200009f0   Data           0  startup_stm32g431xx.o(STACK)

    Global Symbols

    Symbol Name                              Value     Ov Type        Size  Object(Section)

    BuildAttributes$$THM_ISAv4$E$P$D$K$B$S$7EM$VFPi3$EXTD16$VFPS$VFMA$PE$A:L22UL41UL21$X:L11$S22US41US21$IEEE1$IW$USESV6$~STKCKD$USESV7$~SHL$OTIME$ROPI$IEEEJ$EBA8$UX$STANDARDLIB$REQ8$PRES8$EABIv2 0x00000000   Number         0  anon$$obj.o ABSOLUTE
    __ARM_use_no_argv                        0x00000000   Number         0  main.o ABSOLUTE
    _printf_flags                            0x00000000   Number         0  printf_stubs.o ABSOLUTE
    _printf_return_value                     0x00000000   Number         0  printf_stubs.o ABSOLUTE
    _printf_sizespec                         0x00000000   Number         0  printf_stubs.o ABSOLUTE
    _printf_widthprec                        0x00000000   Number         0  printf_stubs.o ABSOLUTE
    __ARM_exceptions_init                     - Undefined Weak Reference
    __alloca_initialize                       - Undefined Weak Reference
    __arm_fini_                               - Undefined Weak Reference
    __arm_preinit_                            - Undefined Weak Reference
    __cpp_initialize__aeabi_                  - Undefined Weak Reference
    __cxa_finalize                            - Undefined Weak Reference
    __sigvec_lookup                           - Undefined Weak Reference
    _atexit_init                              - Undefined Weak Reference
    _call_atexit_fns                          - Undefined Weak Reference
    _clock_init                               - Undefined Weak Reference
    _fp_trap_init                             - Undefined Weak Reference
    _fp_trap_shutdown                         - Undefined Weak Reference
    _get_lc_collate                           - Undefined Weak Reference
    _get_lc_ctype                             - Undefined Weak Reference
    _get_lc_monetary                          - Undefined Weak Reference
    _get_lc_time                              - Undefined Weak Reference
    _getenv_init                              - Undefined Weak Reference
    _handle_redirection                       - Undefined Weak Reference
    _init_alloc                               - Undefined Weak Reference
    _init_user_alloc                          - Undefined Weak Reference
    _initio                                   - Undefined Weak Reference
    _printf_mbtowc                            - Undefined Weak Reference
    _printf_post_padding                      - Undefined Weak Reference
    _printf_pre_padding                       - Undefined Weak Reference
    _printf_truncate_signed                   - Undefined Weak Reference
    _printf_truncate_unsigned                 - Undefined Weak Reference
    _rand_init                                - Undefined Weak Reference
    _signal_finish                            - Undefined Weak Reference
    _signal_init                              - Undefined Weak Reference
    _terminate_alloc                          - Undefined Weak Reference
    _terminate_user_alloc                     - Undefined Weak Reference
    _terminateio                              - Undefined Weak Reference
    __Vectors_Size                           0x000001d8   Number         0  startup_stm32g431xx.o ABSOLUTE
    __Vectors                                0x08000000   Data           4  startup_stm32g431xx.o(RESET)
    __Vectors_End                            0x080001d8   Data           0  startup_stm32g431xx.o(RESET)
    __main                                   0x080001d9   Thumb Code     8  __main.o(!!!main)
    __scatterload                            0x080001e1   Thumb Code     0  __scatter.o(!!!scatter)
    __scatterload_rt2                        0x080001e1   Thumb Code    44  __scatter.o(!!!scatter)
    __scatterload_rt2_thumb_only             0x080001e1   Thumb Code     0  __scatter.o(!!!scatter)
    __scatterload_null                       0x080001ef   Thumb Code     0  __scatter.o(!!!scatter)
    __scatterload_copy                       0x08000215   Thumb Code    26  __scatter_copy.o(!!handler_copy)
    __scatterload_zeroinit                   0x08000231   Thumb Code    28  __scatter_zi.o(!!handler_zi)
    _printf_f                                0x0800024d   Thumb Code     0  _printf_f.o(.ARM.Collect$$_printf_percent$$00000003)
    _printf_percent                          0x0800024d   Thumb Code     0  _printf_percent.o(.ARM.Collect$$_printf_percent$$00000000)
    _printf_d                                0x08000253   Thumb Code     0  _printf_d.o(.ARM.Collect$$_printf_percent$$00000009)
    _printf_s                                0x08000259   Thumb Code     0  _printf_s.o(.ARM.Collect$$_printf_percent$$00000014)
    _printf_percent_end                      0x0800025f   Thumb Code     0  _printf_percent_end.o(.ARM.Collect$$_printf_percent$$00000017)
    __rt_lib_init                            0x08000263   Thumb Code     0  libinit.o(.ARM.Collect$$libinit$$00000000)
    __rt_lib_init_fp_1                       0x08000265   Thumb Code     0  libinit2.o(.ARM.Collect$$libinit$$00000001)
    __rt_lib_init_heap_1                     0x08000269   Thumb Code     0  libinit2.o(.ARM.Collect$$libinit$$0000000A)
    __rt_lib_init_lc_common                  0x08000269   Thumb Code     0  libinit2.o(.ARM.Collect$$libinit$$0000000F)
    __rt_lib_init_preinit_1                  0x08000269   Thumb Code     0  libinit2.o(.ARM.Collect$$libinit$$00000004)
    __rt_lib_init_rand_1                     0x08000269   Thumb Code     0  libinit2.o(.ARM.Collect$$libinit$$0000000E)
    __rt_lib_init_user_alloc_1               0x08000269   Thumb Code     0  libinit2.o(.ARM.Collect$$libinit$$0000000C)
    __rt_lib_init_lc_collate_1               0x0800026f   Thumb Code     0  libinit2.o(.ARM.Collect$$libinit$$00000011)
    __rt_lib_init_lc_ctype_1                 0x0800026f   Thumb Code     0  libinit2.o(.ARM.Collect$$libinit$$00000013)
    __rt_lib_init_lc_monetary_1              0x0800026f   Thumb Code     0  libinit2.o(.ARM.Collect$$libinit$$00000015)
    __rt_lib_init_lc_numeric_2               0x0800026f   Thumb Code     0  libinit2.o(.ARM.Collect$$libinit$$00000016)
    __rt_lib_init_alloca_1                   0x08000279   Thumb Code     0  libinit2.o(.ARM.Collect$$libinit$$0000002E)
    __rt_lib_init_argv_1                     0x08000279   Thumb Code     0  libinit2.o(.ARM.Collect$$libinit$$0000002C)
    __rt_lib_init_atexit_1                   0x08000279   Thumb Code     0  libinit2.o(.ARM.Collect$$libinit$$0000001B)
    __rt_lib_init_clock_1                    0x08000279   Thumb Code     0  libinit2.o(.ARM.Collect$$libinit$$00000021)
    __rt_lib_init_cpp_1                      0x08000279   Thumb Code     0  libinit2.o(.ARM.Collect$$libinit$$00000032)
    __rt_lib_init_exceptions_1               0x08000279   Thumb Code     0  libinit2.o(.ARM.Collect$$libinit$$00000030)
    __rt_lib_init_fp_trap_1                  0x08000279   Thumb Code     0  libinit2.o(.ARM.Collect$$libinit$$0000001F)
    __rt_lib_init_getenv_1                   0x08000279   Thumb Code     0  libinit2.o(.ARM.Collect$$libinit$$00000023)
    __rt_lib_init_lc_numeric_1               0x08000279   Thumb Code     0  libinit2.o(.ARM.Collect$$libinit$$00000017)
    __rt_lib_init_lc_time_1                  0x08000279   Thumb Code     0  libinit2.o(.ARM.Collect$$libinit$$00000019)
    __rt_lib_init_return                     0x08000279   Thumb Code     0  libinit2.o(.ARM.Collect$$libinit$$00000033)
    __rt_lib_init_signal_1                   0x08000279   Thumb Code     0  libinit2.o(.ARM.Collect$$libinit$$0000001D)
    __rt_lib_init_stdio_1                    0x08000279   Thumb Code     0  libinit2.o(.ARM.Collect$$libinit$$00000025)
    __rt_lib_shutdown                        0x0800027b   Thumb Code     0  libshutdown.o(.ARM.Collect$$libshutdown$$00000000)
    __rt_lib_shutdown_cpp_1                  0x0800027d   Thumb Code     0  libshutdown2.o(.ARM.Collect$$libshutdown$$00000004)
    __rt_lib_shutdown_fini_1                 0x0800027d   Thumb Code     0  libshutdown2.o(.ARM.Collect$$libshutdown$$00000002)
    __rt_lib_shutdown_fp_trap_1              0x0800027d   Thumb Code     0  libshutdown2.o(.ARM.Collect$$libshutdown$$00000009)
    __rt_lib_shutdown_heap_1                 0x0800027d   Thumb Code     0  libshutdown2.o(.ARM.Collect$$libshutdown$$00000011)
    __rt_lib_shutdown_return                 0x0800027d   Thumb Code     0  libshutdown2.o(.ARM.Collect$$libshutdown$$00000012)
    __rt_lib_shutdown_signal_1               0x0800027d   Thumb Code     0  libshutdown2.o(.ARM.Collect$$libshutdown$$0000000C)
    __rt_lib_shutdown_stdio_1                0x0800027d   Thumb Code     0  libshutdown2.o(.ARM.Collect$$libshutdown$$00000006)
    __rt_lib_shutdown_user_alloc_1           0x0800027d   Thumb Code     0  libshutdown2.o(.ARM.Collect$$libshutdown$$0000000E)
    __rt_entry                               0x0800027f   Thumb Code     0  __rtentry.o(.ARM.Collect$$rtentry$$00000000)
    __rt_entry_presh_1                       0x0800027f   Thumb Code     0  __rtentry2.o(.ARM.Collect$$rtentry$$00000002)
    __rt_entry_sh                            0x0800027f   Thumb Code     0  __rtentry4.o(.ARM.Collect$$rtentry$$00000004)
    __rt_entry_li                            0x08000285   Thumb Code     0  __rtentry2.o(.ARM.Collect$$rtentry$$0000000A)
    __rt_entry_postsh_1                      0x08000285   Thumb Code     0  __rtentry2.o(.ARM.Collect$$rtentry$$00000009)
    __rt_entry_main                          0x08000289   Thumb Code     0  __rtentry2.o(.ARM.Collect$$rtentry$$0000000D)
    __rt_entry_postli_1                      0x08000289   Thumb Code     0  __rtentry2.o(.ARM.Collect$$rtentry$$0000000C)
    __rt_exit                                0x08000291   Thumb Code     0  rtexit.o(.ARM.Collect$$rtexit$$00000000)
    __rt_exit_ls                             0x08000293   Thumb Code     0  rtexit2.o(.ARM.Collect$$rtexit$$00000003)
    __rt_exit_prels_1                        0x08000293   Thumb Code     0  rtexit2.o(.ARM.Collect$$rtexit$$00000002)
    __rt_exit_exit                           0x08000297   Thumb Code     0  rtexit2.o(.ARM.Collect$$rtexit$$00000004)
    Reset_Handler                            0x0800029d   Thumb Code     8  startup_stm32g431xx.o(.text)
    ADC1_2_IRQHandler                        0x080002b7   Thumb Code     0  startup_stm32g431xx.o(.text)
    COMP1_2_3_IRQHandler                     0x080002b7   Thumb Code     0  startup_stm32g431xx.o(.text)
    COMP4_IRQHandler                         0x080002b7   Thumb Code     0  startup_stm32g431xx.o(.text)
    CORDIC_IRQHandler                        0x080002b7   Thumb Code     0  startup_stm32g431xx.o(.text)
    CRS_IRQHandler                           0x080002b7   Thumb Code     0  startup_stm32g431xx.o(.text)
    DMA1_Channel1_IRQHandler                 0x080002b7   Thumb Code     0  startup_stm32g431xx.o(.text)
    DMA1_Channel2_IRQHandler                 0x080002b7   Thumb Code     0  startup_stm32g431xx.o(.text)
    DMA1_Channel3_IRQHandler                 0x080002b7   Thumb Code     0  startup_stm32g431xx.o(.text)
    DMA1_Channel4_IRQHandler                 0x080002b7   Thumb Code     0  startup_stm32g431xx.o(.text)
    DMA1_Channel5_IRQHandler                 0x080002b7   Thumb Code     0  startup_stm32g431xx.o(.text)
    DMA1_Channel6_IRQHandler                 0x080002b7   Thumb Code     0  startup_stm32g431xx.o(.text)
    DMA2_Channel1_IRQHandler                 0x080002b7   Thumb Code     0  startup_stm32g431xx.o(.text)
    DMA2_Channel2_IRQHandler                 0x080002b7   Thumb Code     0  startup_stm32g431xx.o(.text)
    DMA2_Channel3_IRQHandler                 0x080002b7   Thumb Code     0  startup_stm32g431xx.o(.text)
    DMA2_Channel4_IRQHandler                 0x080002b7   Thumb Code     0  startup_stm32g431xx.o(.text)
    DMA2_Channel5_IRQHandler                 0x080002b7   Thumb Code     0  startup_stm32g431xx.o(.text)
    DMA2_Channel6_IRQHandler                 0x080002b7   Thumb Code     0  startup_stm32g431xx.o(.text)
    DMAMUX_OVR_IRQHandler                    0x080002b7   Thumb Code     0  startup_stm32g431xx.o(.text)
    EXTI0_IRQHandler                         0x080002b7   Thumb Code     0  startup_stm32g431xx.o(.text)
    EXTI15_10_IRQHandler                     0x080002b7   Thumb Code     0  startup_stm32g431xx.o(.text)
    EXTI1_IRQHandler                         0x080002b7   Thumb Code     0  startup_stm32g431xx.o(.text)
    EXTI2_IRQHandler                         0x080002b7   Thumb Code     0  startup_stm32g431xx.o(.text)
    EXTI3_IRQHandler                         0x080002b7   Thumb Code     0  startup_stm32g431xx.o(.text)
    EXTI4_IRQHandler                         0x080002b7   Thumb Code     0  startup_stm32g431xx.o(.text)
    EXTI9_5_IRQHandler                       0x080002b7   Thumb Code     0  startup_stm32g431xx.o(.text)
    FDCAN1_IT0_IRQHandler                    0x080002b7   Thumb Code     0  startup_stm32g431xx.o(.text)
    FDCAN1_IT1_IRQHandler                    0x080002b7   Thumb Code     0  startup_stm32g431xx.o(.text)
    FLASH_IRQHandler                         0x080002b7   Thumb Code     0  startup_stm32g431xx.o(.text)
    FMAC_IRQHandler                          0x080002b7   Thumb Code     0  startup_stm32g431xx.o(.text)
    FPU_IRQHandler                           0x080002b7   Thumb Code     0  startup_stm32g431xx.o(.text)
    I2C1_ER_IRQHandler                       0x080002b7   Thumb Code     0  startup_stm32g431xx.o(.text)
    I2C1_EV_IRQHandler                       0x080002b7   Thumb Code     0  startup_stm32g431xx.o(.text)
    I2C2_ER_IRQHandler                       0x080002b7   Thumb Code     0  startup_stm32g431xx.o(.text)
    I2C2_EV_IRQHandler                       0x080002b7   Thumb Code     0  startup_stm32g431xx.o(.text)
    I2C3_ER_IRQHandler                       0x080002b7   Thumb Code     0  startup_stm32g431xx.o(.text)
    I2C3_EV_IRQHandler                       0x080002b7   Thumb Code     0  startup_stm32g431xx.o(.text)
    LPTIM1_IRQHandler                        0x080002b7   Thumb Code     0  startup_stm32g431xx.o(.text)
    LPUART1_IRQHandler                       0x080002b7   Thumb Code     0  startup_stm32g431xx.o(.text)
    PVD_PVM_IRQHandler                       0x080002b7   Thumb Code     0  startup_stm32g431xx.o(.text)
    RCC_IRQHandler                           0x080002b7   Thumb Code     0  startup_stm32g431xx.o(.text)
    RNG_IRQHandler                           0x080002b7   Thumb Code     0  startup_stm32g431xx.o(.text)
    RTC_Alarm_IRQHandler                     0x080002b7   Thumb Code     0  startup_stm32g431xx.o(.text)
    RTC_TAMP_LSECSS_IRQHandler               0x080002b7   Thumb Code     0  startup_stm32g431xx.o(.text)
    RTC_WKUP_IRQHandler                      0x080002b7   Thumb Code     0  startup_stm32g431xx.o(.text)
    SAI1_IRQHandler                          0x080002b7   Thumb Code     0  startup_stm32g431xx.o(.text)
    SPI1_IRQHandler                          0x080002b7   Thumb Code     0  startup_stm32g431xx.o(.text)
    SPI2_IRQHandler                          0x080002b7   Thumb Code     0  startup_stm32g431xx.o(.text)
    SPI3_IRQHandler                          0x080002b7   Thumb Code     0  startup_stm32g431xx.o(.text)
    TIM1_BRK_TIM15_IRQHandler                0x080002b7   Thumb Code     0  startup_stm32g431xx.o(.text)
    TIM1_CC_IRQHandler                       0x080002b7   Thumb Code     0  startup_stm32g431xx.o(.text)
    TIM1_TRG_COM_TIM17_IRQHandler            0x080002b7   Thumb Code     0  startup_stm32g431xx.o(.text)
    TIM1_UP_TIM16_IRQHandler                 0x080002b7   Thumb Code     0  startup_stm32g431xx.o(.text)
    TIM6_DAC_IRQHandler                      0x080002b7   Thumb Code     0  startup_stm32g431xx.o(.text)
    TIM7_IRQHandler                          0x080002b7   Thumb Code     0  startup_stm32g431xx.o(.text)
    TIM8_BRK_IRQHandler                      0x080002b7   Thumb Code     0  startup_stm32g431xx.o(.text)
    TIM8_CC_IRQHandler                       0x080002b7   Thumb Code     0  startup_stm32g431xx.o(.text)
    TIM8_TRG_COM_IRQHandler                  0x080002b7   Thumb Code     0  startup_stm32g431xx.o(.text)
    TIM8_UP_IRQHandler                       0x080002b7   Thumb Code     0  startup_stm32g431xx.o(.text)
    UART4_IRQHandler                         0x080002b7   Thumb Code     0  startup_stm32g431xx.o(.text)
    UCPD1_IRQHandler                         0x080002b7   Thumb Code     0  startup_stm32g431xx.o(.text)
    USART2_IRQHandler                        0x080002b7   Thumb Code     0  startup_stm32g431xx.o(.text)
    USART3_IRQHandler                        0x080002b7   Thumb Code     0  startup_stm32g431xx.o(.text)
    USBWakeUp_IRQHandler                     0x080002b7   Thumb Code     0  startup_stm32g431xx.o(.text)
    USB_HP_IRQHandler                        0x080002b7   Thumb Code     0  startup_stm32g431xx.o(.text)
    USB_LP_IRQHandler                        0x080002b7   Thumb Code     0  startup_stm32g431xx.o(.text)
    WWDG_IRQHandler                          0x080002b7   Thumb Code     0  startup_stm32g431xx.o(.text)
    __user_initial_stackheap                 0x080002b9   Thumb Code     0  startup_stm32g431xx.o(.text)
    __aeabi_uldivmod                         0x080002dd   Thumb Code     0  lludivv7m.o(.text)
    _ll_udiv                                 0x080002dd   Thumb Code   238  lludivv7m.o(.text)
    __2sprintf                               0x080003cd   Thumb Code    34  noretval__2sprintf.o(.text)
    _printf_str                              0x080003f5   Thumb Code    82  _printf_str.o(.text)
    _printf_int_dec                          0x08000449   Thumb Code   104  _printf_dec.o(.text)
    __printf                                 0x080004c1   Thumb Code   308  __printf_flags_wp.o(.text)
    __aeabi_memclr4                          0x080005f9   Thumb Code     0  rt_memclr_w.o(.text)
    __aeabi_memclr8                          0x080005f9   Thumb Code     0  rt_memclr_w.o(.text)
    __rt_memclr_w                            0x080005f9   Thumb Code    78  rt_memclr_w.o(.text)
    _memset_w                                0x080005fd   Thumb Code     0  rt_memclr_w.o(.text)
    __use_two_region_memory                  0x08000647   Thumb Code     2  heapauxi.o(.text)
    __rt_heap_escrow$2region                 0x08000649   Thumb Code     2  heapauxi.o(.text)
    __rt_heap_expand$2region                 0x0800064b   Thumb Code     2  heapauxi.o(.text)
    _printf_int_common                       0x0800064d   Thumb Code   178  _printf_intcommon.o(.text)
    __lib_sel_fp_printf                      0x080006ff   Thumb Code     2  _printf_fp_dec.o(.text)
    _printf_fp_dec_real                      0x080008b1   Thumb Code   620  _printf_fp_dec.o(.text)
    _printf_char_common                      0x08000b27   Thumb Code    32  _printf_char_common.o(.text)
    _sputc                                   0x08000b4d   Thumb Code    10  _sputc.o(.text)
    _printf_cs_common                        0x08000b57   Thumb Code    20  _printf_char.o(.text)
    _printf_char                             0x08000b6b   Thumb Code    16  _printf_char.o(.text)
    _printf_string                           0x08000b7b   Thumb Code     8  _printf_char.o(.text)
    __rt_locale                              0x08000b85   Thumb Code     8  rt_locale_intlibspace.o(.text)
    _ll_udiv10                               0x08000b8d   Thumb Code   138  lludiv10.o(.text)
    _printf_fp_infnan                        0x08000c19   Thumb Code   112  _printf_fp_infnan.o(.text)
    _btod_etento                             0x08000c99   Thumb Code   224  bigflt0.o(.text)
    __user_libspace                          0x08000d7d   Thumb Code     8  libspace.o(.text)
    __user_perproc_libspace                  0x08000d7d   Thumb Code     0  libspace.o(.text)
    __user_perthread_libspace                0x08000d7d   Thumb Code     0  libspace.o(.text)
    __user_setup_stackheap                   0x08000d85   Thumb Code    74  sys_stackheap_outer.o(.text)
    exit                                     0x08000dcf   Thumb Code    18  exit.o(.text)
    strcmp                                   0x08000de1   Thumb Code   128  strcmpv7m.o(.text)
    _sys_exit                                0x08000e61   Thumb Code     8  sys_exit.o(.text)
    __I$use$semihosting                      0x08000e6d   Thumb Code     0  use_no_semi.o(.text)
    __use_no_semihosting_swi                 0x08000e6d   Thumb Code     2  use_no_semi.o(.text)
    __semihosting_library_function           0x08000e6f   Thumb Code     0  indicate_semi.o(.text)
    _btod_d2e                                0x08000e6f   Thumb Code    62  btod.o(CL$$btod_d2e)
    _d2e_denorm_low                          0x08000ead   Thumb Code    70  btod.o(CL$$btod_d2e_denorm_low)
    _d2e_norm_op1                            0x08000ef3   Thumb Code    96  btod.o(CL$$btod_d2e_norm_op1)
    __btod_div_common                        0x08000f53   Thumb Code   696  btod.o(CL$$btod_div_common)
    _e2e                                     0x0800128b   Thumb Code   220  btod.o(CL$$btod_e2e)
    _btod_ediv                               0x08001367   Thumb Code    42  btod.o(CL$$btod_ediv)
    _btod_emul                               0x08001391   Thumb Code    42  btod.o(CL$$btod_emul)
    __btod_mult_common                       0x080013bb   Thumb Code   580  btod.o(CL$$btod_mult_common)
    ADC_Enable                               0x08001601   Thumb Code   110  stm32g4xx_hal_adc.o(i.ADC_Enable)
    BusFault_Handler                         0x08001675   Thumb Code     2  stm32g4xx_it.o(i.BusFault_Handler)
    DebugMon_Handler                         0x08001677   Thumb Code     2  stm32g4xx_it.o(i.DebugMon_Handler)
    Delay_LCD                                0x08001679   Thumb Code    28  lcd.o(i.Delay_LCD)
    Error_Handler                            0x08001695   Thumb Code     4  main.o(i.Error_Handler)
    HAL_ADCEx_MultiModeConfigChannel         0x08001699   Thumb Code   208  stm32g4xx_hal_adc_ex.o(i.HAL_ADCEx_MultiModeConfigChannel)
    HAL_ADC_ConfigChannel                    0x08001771   Thumb Code   998  stm32g4xx_hal_adc.o(i.HAL_ADC_ConfigChannel)
    HAL_ADC_GetValue                         0x08001b89   Thumb Code     6  stm32g4xx_hal_adc.o(i.HAL_ADC_GetValue)
    HAL_ADC_Init                             0x08001b91   Thumb Code   476  stm32g4xx_hal_adc.o(i.HAL_ADC_Init)
    HAL_ADC_MspInit                          0x08001d8d   Thumb Code   210  adc.o(i.HAL_ADC_MspInit)
    HAL_ADC_Start                            0x08001e71   Thumb Code   230  stm32g4xx_hal_adc.o(i.HAL_ADC_Start)
    HAL_DMA_Abort                            0x08001f65   Thumb Code   106  stm32g4xx_hal_dma.o(i.HAL_DMA_Abort)
    HAL_DMA_Abort_IT                         0x08001fcf   Thumb Code   120  stm32g4xx_hal_dma.o(i.HAL_DMA_Abort_IT)
    HAL_Delay                                0x08002049   Thumb Code    32  stm32g4xx_hal.o(i.HAL_Delay)
    HAL_GPIO_Init                            0x0800206d   Thumb Code   550  stm32g4xx_hal_gpio.o(i.HAL_GPIO_Init)
    HAL_GPIO_ReadPin                         0x080022b5   Thumb Code    10  stm32g4xx_hal_gpio.o(i.HAL_GPIO_ReadPin)
    HAL_GPIO_WritePin                        0x080022bf   Thumb Code    10  stm32g4xx_hal_gpio.o(i.HAL_GPIO_WritePin)
    HAL_GetTick                              0x080022c9   Thumb Code     6  stm32g4xx_hal.o(i.HAL_GetTick)
    HAL_IncTick                              0x080022d5   Thumb Code    12  stm32g4xx_hal.o(i.HAL_IncTick)
    HAL_Init                                 0x080022e5   Thumb Code    30  stm32g4xx_hal.o(i.HAL_Init)
    HAL_InitTick                             0x08002305   Thumb Code    58  stm32g4xx_hal.o(i.HAL_InitTick)
    HAL_MspInit                              0x08002349   Thumb Code    42  stm32g4xx_hal_msp.o(i.HAL_MspInit)
    HAL_NVIC_EnableIRQ                       0x08002379   Thumb Code    26  stm32g4xx_hal_cortex.o(i.HAL_NVIC_EnableIRQ)
    HAL_NVIC_SetPriority                     0x08002395   Thumb Code    60  stm32g4xx_hal_cortex.o(i.HAL_NVIC_SetPriority)
    HAL_NVIC_SetPriorityGrouping             0x080023d5   Thumb Code    26  stm32g4xx_hal_cortex.o(i.HAL_NVIC_SetPriorityGrouping)
    HAL_PWREx_ControlVoltageScaling          0x080023f9   Thumb Code   174  stm32g4xx_hal_pwr_ex.o(i.HAL_PWREx_ControlVoltageScaling)
    HAL_PWREx_DisableUCPDDeadBattery         0x080024b5   Thumb Code    12  stm32g4xx_hal_pwr_ex.o(i.HAL_PWREx_DisableUCPDDeadBattery)
    HAL_RCCEx_PeriphCLKConfig                0x080024c5   Thumb Code   638  stm32g4xx_hal_rcc_ex.o(i.HAL_RCCEx_PeriphCLKConfig)
    HAL_RCC_ClockConfig                      0x0800274d   Thumb Code   444  stm32g4xx_hal_rcc.o(i.HAL_RCC_ClockConfig)
    HAL_RCC_GetPCLK1Freq                     0x08002929   Thumb Code    24  stm32g4xx_hal_rcc.o(i.HAL_RCC_GetPCLK1Freq)
    HAL_RCC_GetPCLK2Freq                     0x0800294d   Thumb Code    24  stm32g4xx_hal_rcc.o(i.HAL_RCC_GetPCLK2Freq)
    HAL_RCC_GetSysClockFreq                  0x08002971   Thumb Code    98  stm32g4xx_hal_rcc.o(i.HAL_RCC_GetSysClockFreq)
    HAL_RCC_OscConfig                        0x080029e1   Thumb Code  1036  stm32g4xx_hal_rcc.o(i.HAL_RCC_OscConfig)
    HAL_SYSTICK_Config                       0x08002ded   Thumb Code    40  stm32g4xx_hal_cortex.o(i.HAL_SYSTICK_Config)
    HAL_TIMEx_Break2Callback                 0x08002e15   Thumb Code     2  stm32g4xx_hal_tim_ex.o(i.HAL_TIMEx_Break2Callback)
    HAL_TIMEx_BreakCallback                  0x08002e17   Thumb Code     2  stm32g4xx_hal_tim_ex.o(i.HAL_TIMEx_BreakCallback)
    HAL_TIMEx_CommutCallback                 0x08002e19   Thumb Code     2  stm32g4xx_hal_tim_ex.o(i.HAL_TIMEx_CommutCallback)
    HAL_TIMEx_ConfigBreakDeadTime            0x08002e1d   Thumb Code   164  stm32g4xx_hal_tim_ex.o(i.HAL_TIMEx_ConfigBreakDeadTime)
    HAL_TIMEx_DirectionChangeCallback        0x08002ec9   Thumb Code     2  stm32g4xx_hal_tim_ex.o(i.HAL_TIMEx_DirectionChangeCallback)
    HAL_TIMEx_EncoderIndexCallback           0x08002ecb   Thumb Code     2  stm32g4xx_hal_tim_ex.o(i.HAL_TIMEx_EncoderIndexCallback)
    HAL_TIMEx_IndexErrorCallback             0x08002ecd   Thumb Code     2  stm32g4xx_hal_tim_ex.o(i.HAL_TIMEx_IndexErrorCallback)
    HAL_TIMEx_MasterConfigSynchronization    0x08002ed1   Thumb Code   132  stm32g4xx_hal_tim_ex.o(i.HAL_TIMEx_MasterConfigSynchronization)
    HAL_TIMEx_TransitionErrorCallback        0x08002f6d   Thumb Code     2  stm32g4xx_hal_tim_ex.o(i.HAL_TIMEx_TransitionErrorCallback)
    HAL_TIM_Base_Init                        0x08002f6f   Thumb Code    98  stm32g4xx_hal_tim.o(i.HAL_TIM_Base_Init)
    HAL_TIM_Base_MspInit                     0x08002fd1   Thumb Code   262  tim.o(i.HAL_TIM_Base_MspInit)
    HAL_TIM_Base_Start_IT                    0x080030f1   Thumb Code    94  stm32g4xx_hal_tim.o(i.HAL_TIM_Base_Start_IT)
    HAL_TIM_ConfigClockSource                0x08003169   Thumb Code   246  stm32g4xx_hal_tim.o(i.HAL_TIM_ConfigClockSource)
    HAL_TIM_IC_CaptureCallback               0x08003269   Thumb Code   260  timer.o(i.HAL_TIM_IC_CaptureCallback)
    HAL_TIM_IC_ConfigChannel                 0x08003385   Thumb Code   286  stm32g4xx_hal_tim.o(i.HAL_TIM_IC_ConfigChannel)
    HAL_TIM_IC_Init                          0x080034a3   Thumb Code    98  stm32g4xx_hal_tim.o(i.HAL_TIM_IC_Init)
    HAL_TIM_IC_MspInit                       0x08003505   Thumb Code     2  stm32g4xx_hal_tim.o(i.HAL_TIM_IC_MspInit)
    HAL_TIM_IC_Start                         0x08003509   Thumb Code   234  stm32g4xx_hal_tim.o(i.HAL_TIM_IC_Start)
    HAL_TIM_IC_Start_IT                      0x0800360d   Thumb Code   274  stm32g4xx_hal_tim.o(i.HAL_TIM_IC_Start_IT)
    HAL_TIM_IRQHandler                       0x08003739   Thumb Code   508  stm32g4xx_hal_tim.o(i.HAL_TIM_IRQHandler)
    HAL_TIM_MspPostInit                      0x08003935   Thumb Code    98  tim.o(i.HAL_TIM_MspPostInit)
    HAL_TIM_OC_DelayElapsedCallback          0x080039a5   Thumb Code     2  stm32g4xx_hal_tim.o(i.HAL_TIM_OC_DelayElapsedCallback)
    HAL_TIM_PWM_ConfigChannel                0x080039a7   Thumb Code   292  stm32g4xx_hal_tim.o(i.HAL_TIM_PWM_ConfigChannel)
    HAL_TIM_PWM_Init                         0x08003acb   Thumb Code    98  stm32g4xx_hal_tim.o(i.HAL_TIM_PWM_Init)
    HAL_TIM_PWM_MspInit                      0x08003b2d   Thumb Code     2  stm32g4xx_hal_tim.o(i.HAL_TIM_PWM_MspInit)
    HAL_TIM_PWM_PulseFinishedCallback        0x08003b2f   Thumb Code     2  stm32g4xx_hal_tim.o(i.HAL_TIM_PWM_PulseFinishedCallback)
    HAL_TIM_PWM_Start                        0x08003b31   Thumb Code   218  stm32g4xx_hal_tim.o(i.HAL_TIM_PWM_Start)
    HAL_TIM_PeriodElapsedCallback            0x08003c2d   Thumb Code   140  timer.o(i.HAL_TIM_PeriodElapsedCallback)
    HAL_TIM_ReadCapturedValue                0x08003cc5   Thumb Code    42  stm32g4xx_hal_tim.o(i.HAL_TIM_ReadCapturedValue)
    HAL_TIM_TriggerCallback                  0x08003cef   Thumb Code     2  stm32g4xx_hal_tim.o(i.HAL_TIM_TriggerCallback)
    HAL_UARTEx_DisableFifoMode               0x08003cf1   Thumb Code    62  stm32g4xx_hal_uart_ex.o(i.HAL_UARTEx_DisableFifoMode)
    HAL_UARTEx_RxEventCallback               0x08003d2f   Thumb Code     2  stm32g4xx_hal_uart.o(i.HAL_UARTEx_RxEventCallback)
    HAL_UARTEx_RxFifoFullCallback            0x08003d31   Thumb Code     2  stm32g4xx_hal_uart_ex.o(i.HAL_UARTEx_RxFifoFullCallback)
    HAL_UARTEx_SetRxFifoThreshold            0x08003d33   Thumb Code    76  stm32g4xx_hal_uart_ex.o(i.HAL_UARTEx_SetRxFifoThreshold)
    HAL_UARTEx_SetTxFifoThreshold            0x08003d7f   Thumb Code    76  stm32g4xx_hal_uart_ex.o(i.HAL_UARTEx_SetTxFifoThreshold)
    HAL_UARTEx_TxFifoEmptyCallback           0x08003dcb   Thumb Code     2  stm32g4xx_hal_uart_ex.o(i.HAL_UARTEx_TxFifoEmptyCallback)
    HAL_UARTEx_WakeupCallback                0x08003dcd   Thumb Code     2  stm32g4xx_hal_uart_ex.o(i.HAL_UARTEx_WakeupCallback)
    HAL_UART_ErrorCallback                   0x08003dcf   Thumb Code     2  stm32g4xx_hal_uart.o(i.HAL_UART_ErrorCallback)
    HAL_UART_IRQHandler                      0x08003dd1   Thumb Code   722  stm32g4xx_hal_uart.o(i.HAL_UART_IRQHandler)
    HAL_UART_Init                            0x080040b1   Thumb Code   106  stm32g4xx_hal_uart.o(i.HAL_UART_Init)
    HAL_UART_MspInit                         0x0800411d   Thumb Code   132  usart.o(i.HAL_UART_MspInit)
    HAL_UART_Receive_IT                      0x080041a9   Thumb Code    80  stm32g4xx_hal_uart.o(i.HAL_UART_Receive_IT)
    HAL_UART_RxCpltCallback                  0x080041fd   Thumb Code    24  myusart.o(i.HAL_UART_RxCpltCallback)
    HAL_UART_TxCpltCallback                  0x08004221   Thumb Code     2  stm32g4xx_hal_uart.o(i.HAL_UART_TxCpltCallback)
    HardFault_Handler                        0x08004223   Thumb Code     2  stm32g4xx_it.o(i.HardFault_Handler)
    I2CReceiveByte                           0x08004225   Thumb Code    78  i2c_hal.o(i.I2CReceiveByte)
    I2CSendByte                              0x08004273   Thumb Code    78  i2c_hal.o(i.I2CSendByte)
    I2CStart                                 0x080042c1   Thumb Code    54  i2c_hal.o(i.I2CStart)
    I2CStop                                  0x080042f7   Thumb Code    54  i2c_hal.o(i.I2CStop)
    I2CWaitAck                               0x0800432d   Thumb Code    80  i2c_hal.o(i.I2CWaitAck)
    LCD_BusIn                                0x0800437d   Thumb Code    40  lcd.o(i.LCD_BusIn)
    LCD_BusOut                               0x080043a9   Thumb Code    42  lcd.o(i.LCD_BusOut)
    LCD_Clear                                0x080043d9   Thumb Code    36  lcd.o(i.LCD_Clear)
    LCD_CtrlLinesConfig                      0x080043fd   Thumb Code   136  lcd.o(i.LCD_CtrlLinesConfig)
    LCD_DisplayChar                          0x0800448d   Thumb Code    18  lcd.o(i.LCD_DisplayChar)
    LCD_DisplayStringLine                    0x080044a5   Thumb Code    42  lcd.o(i.LCD_DisplayStringLine)
    LCD_DrawChar                             0x080044d1   Thumb Code    84  lcd.o(i.LCD_DrawChar)
    LCD_Init                                 0x08004529   Thumb Code    46  lcd.o(i.LCD_Init)
    LCD_ReadReg                              0x0800455d   Thumb Code   120  lcd.o(i.LCD_ReadReg)
    LCD_SetBackColor                         0x080045dd   Thumb Code    12  lcd.o(i.LCD_SetBackColor)
    LCD_SetCursor                            0x080045ed   Thumb Code    24  lcd.o(i.LCD_SetCursor)
    LCD_SetTextColor                         0x08004605   Thumb Code    12  lcd.o(i.LCD_SetTextColor)
    LCD_WriteRAM                             0x08004615   Thumb Code    80  lcd.o(i.LCD_WriteRAM)
    LCD_WriteRAM_Prepare                     0x0800466d   Thumb Code    82  lcd.o(i.LCD_WriteRAM_Prepare)
    LCD_WriteReg                             0x080046c9   Thumb Code   100  lcd.o(i.LCD_WriteReg)
    MX_ADC1_Init                             0x08004789   Thumb Code   136  adc.o(i.MX_ADC1_Init)
    MX_ADC2_Init                             0x08004819   Thumb Code   110  adc.o(i.MX_ADC2_Init)
    MX_GPIO_Init                             0x08004895   Thumb Code   280  gpio.o(i.MX_GPIO_Init)
    MX_TIM16_Init                            0x080049bd   Thumb Code   146  tim.o(i.MX_TIM16_Init)
    MX_TIM17_Init                            0x08004a59   Thumb Code   146  tim.o(i.MX_TIM17_Init)
    MX_TIM2_Init                             0x08004af5   Thumb Code   164  tim.o(i.MX_TIM2_Init)
    MX_TIM3_Init                             0x08004b9d   Thumb Code   164  tim.o(i.MX_TIM3_Init)
    MX_TIM4_Init                             0x08004c49   Thumb Code    96  tim.o(i.MX_TIM4_Init)
    MX_USART1_UART_Init                      0x08004cb1   Thumb Code    94  usart.o(i.MX_USART1_UART_Init)
    MemManage_Handler                        0x08004d19   Thumb Code     2  stm32g4xx_it.o(i.MemManage_Handler)
    NMI_Handler                              0x08004d1b   Thumb Code     2  stm32g4xx_it.o(i.NMI_Handler)
    PendSV_Handler                           0x08004d1d   Thumb Code     2  stm32g4xx_it.o(i.PendSV_Handler)
    REG_8230_Init                            0x08004d1f   Thumb Code   274  lcd.o(i.REG_8230_Init)
    REG_932X_Init                            0x08004e31   Thumb Code   514  lcd.o(i.REG_932X_Init)
    SCL_Output                               0x08005035   Thumb Code    20  i2c_hal.o(i.SCL_Output)
    SDA_Input                                0x0800504d   Thumb Code    18  i2c_hal.o(i.SDA_Input)
    SDA_Input_Mode                           0x08005065   Thumb Code    40  i2c_hal.o(i.SDA_Input_Mode)
    SDA_Output                               0x08005091   Thumb Code    20  i2c_hal.o(i.SDA_Output)
    SDA_Output_Mode                          0x080050a9   Thumb Code    40  i2c_hal.o(i.SDA_Output_Mode)
    SVC_Handler                              0x080050d5   Thumb Code     2  stm32g4xx_it.o(i.SVC_Handler)
    SysTick_Handler                          0x080050d7   Thumb Code     4  stm32g4xx_it.o(i.SysTick_Handler)
    SystemClock_Config                       0x080050db   Thumb Code   102  main.o(i.SystemClock_Config)
    SystemInit                               0x08005141   Thumb Code    12  system_stm32g4xx.o(i.SystemInit)
    TIM2_IRQHandler                          0x08005151   Thumb Code     6  stm32g4xx_it.o(i.TIM2_IRQHandler)
    TIM3_IRQHandler                          0x0800515d   Thumb Code     6  stm32g4xx_it.o(i.TIM3_IRQHandler)
    TIM4_IRQHandler                          0x08005169   Thumb Code     6  stm32g4xx_it.o(i.TIM4_IRQHandler)
    TIM_Base_SetConfig                       0x08005175   Thumb Code   146  stm32g4xx_hal_tim.o(i.TIM_Base_SetConfig)
    TIM_CCxChannelCmd                        0x08005225   Thumb Code    26  stm32g4xx_hal_tim.o(i.TIM_CCxChannelCmd)
    TIM_ETR_SetConfig                        0x0800523f   Thumb Code    20  stm32g4xx_hal_tim.o(i.TIM_ETR_SetConfig)
    TIM_OC2_SetConfig                        0x08005305   Thumb Code   120  stm32g4xx_hal_tim.o(i.TIM_OC2_SetConfig)
    TIM_TI1_SetConfig                        0x080055b9   Thumb Code    88  stm32g4xx_hal_tim.o(i.TIM_TI1_SetConfig)
    UART_AdvFeatureConfig                    0x080056c5   Thumb Code   200  stm32g4xx_hal_uart.o(i.UART_AdvFeatureConfig)
    UART_CheckIdleState                      0x0800578d   Thumb Code    96  stm32g4xx_hal_uart.o(i.UART_CheckIdleState)
    UART_SetConfig                           0x08005c85   Thumb Code   582  stm32g4xx_hal_uart.o(i.UART_SetConfig)
    UART_Start_Receive_IT                    0x08005ef9   Thumb Code   262  stm32g4xx_hal_uart.o(i.UART_Start_Receive_IT)
    UART_WaitOnFlagUntilTimeout              0x08006011   Thumb Code   198  stm32g4xx_hal_uart.o(i.UART_WaitOnFlagUntilTimeout)
    USART1_IRQHandler                        0x080060d9   Thumb Code     6  stm32g4xx_it.o(i.USART1_IRQHandler)
    UsageFault_Handler                       0x080060e5   Thumb Code     2  stm32g4xx_it.o(i.UsageFault_Handler)
    __ARM_fpclassify                         0x080060e7   Thumb Code    48  fpclassify.o(i.__ARM_fpclassify)
    _is_digit                                0x08006137   Thumb Code    14  __printf_wp.o(i._is_digit)
    eeprom_read                              0x08006151   Thumb Code    64  i2c_hal.o(i.eeprom_read)
    eeprom_write                             0x08006191   Thumb Code    48  i2c_hal.o(i.eeprom_write)
    get_adc                                  0x080061c1   Thumb Code    36  myadc.o(i.get_adc)
    key_proc                                 0x080061ed   Thumb Code   260  main.o(i.key_proc)
    lcd_proc                                 0x08006339   Thumb Code   248  main.o(i.lcd_proc)
    led_disp                                 0x080064e9   Thumb Code    74  led.o(i.led_disp)
    main                                     0x0800653d   Thumb Code   138  main.o(i.main)
    _get_lc_numeric                          0x080065e9   Thumb Code    44  lc_numeric_c.o(locale$$code)
    __aeabi_d2f                              0x08006615   Thumb Code     0  d2f.o(x$fpl$d2f)
    _d2f                                     0x08006615   Thumb Code    98  d2f.o(x$fpl$d2f)
    __aeabi_ddiv                             0x08006679   Thumb Code     0  ddiv.o(x$fpl$ddiv)
    _ddiv                                    0x08006679   Thumb Code   552  ddiv.o(x$fpl$ddiv)
    __aeabi_d2uiz                            0x08006929   Thumb Code     0  dfixu.o(x$fpl$dfixu)
    _dfixu                                   0x08006929   Thumb Code    90  dfixu.o(x$fpl$dfixu)
    __aeabi_ui2d                             0x08006983   Thumb Code     0  dflt_clz.o(x$fpl$dfltu)
    _dfltu                                   0x08006983   Thumb Code    38  dflt_clz.o(x$fpl$dfltu)
    __aeabi_dmul                             0x080069a9   Thumb Code     0  dmul.o(x$fpl$dmul)
    _dmul                                    0x080069a9   Thumb Code   332  dmul.o(x$fpl$dmul)
    __fpl_dnaninf                            0x08006afd   Thumb Code   156  dnaninf.o(x$fpl$dnaninf)
    __fpl_dretinf                            0x08006b99   Thumb Code    12  dretinf.o(x$fpl$dretinf)
    __aeabi_f2d                              0x08006ba5   Thumb Code     0  f2d.o(x$fpl$f2d)
    _f2d                                     0x08006ba5   Thumb Code    86  f2d.o(x$fpl$f2d)
    __fpl_fnaninf                            0x08006bfb   Thumb Code   140  fnaninf.o(x$fpl$fnaninf)
    _fp_init                                 0x08006c87   Thumb Code    10  fpinit.o(x$fpl$fpinit)
    __fplib_config_fpu_vfp                   0x08006c8f   Thumb Code     0  fpinit.o(x$fpl$fpinit)
    __fplib_config_pureend_doubles           0x08006c8f   Thumb Code     0  fpinit.o(x$fpl$fpinit)
    __fpl_fretinf                            0x08006c91   Thumb Code    10  fretinf.o(x$fpl$fretinf)
    _printf_fp_dec                           0x08006c9b   Thumb Code     4  printf1.o(x$fpl$printf1)
    UARTPrescTable                           0x08006c9e   Data          24  stm32g4xx_hal_uart.o(.constdata)
    __I$use$fp                               0x08006c9e   Number         0  usenofp.o(x$fpl$usenofp)
    AHBPrescTable                            0x08006cc6   Data          16  system_stm32g4xx.o(.constdata)
    APBPrescTable                            0x08006cd6   Data           8  system_stm32g4xx.o(.constdata)
    ASCII_Table                              0x08006cde   Data        4560  lcd.o(.constdata)
    Region$$Table$$Base                      0x08007f54   Number         0  anon$$obj.o(Region$$Table)
    Region$$Table$$Limit                     0x08007f74   Number         0  anon$$obj.o(Region$$Table)
    ucled                                    0x20000000   Data           1  main.o(.data)
    pa6_duty                                 0x20000001   Data           1  main.o(.data)
    pa7_duty                                 0x20000002   Data           1  main.o(.data)
    uwTick_lcd                               0x20000004   Data           4  main.o(.data)
    pb15_v                                   0x20000008   Data           8  main.o(.data)
    pb12_v                                   0x20000010   Data           8  main.o(.data)
    uwTickPrio                               0x2000001c   Data           4  stm32g4xx_hal.o(.data)
    uwTickFreq                               0x20000020   Data           4  stm32g4xx_hal.o(.data)
    uwTick                                   0x20000024   Data           4  stm32g4xx_hal.o(.data)
    SystemCoreClock                          0x20000028   Data           4  system_stm32g4xx.o(.data)
    dummy                                    0x20000030   Data           2  lcd.o(.data)
    rx_pointer                               0x20000032   Data           1  myusart.o(.data)
    rxdat                                    0x20000033   Data           1  myusart.o(.data)
    duty1                                    0x20000038   Data           4  timer.o(.data)
    duty2                                    0x2000003c   Data           4  timer.o(.data)
    frq1                                     0x20000040   Data           4  timer.o(.data)
    frq2                                     0x20000044   Data           4  timer.o(.data)
    ccrl_val1b                               0x20000048   Data           4  timer.o(.data)
    ccrl_val2b                               0x2000004c   Data           4  timer.o(.data)
    ccrl_val1a                               0x20000050   Data           8  timer.o(.data)
    ccrl_val2a                               0x20000058   Data           8  timer.o(.data)
    text                                     0x20000060   Data          30  main.o(.bss)
    hadc1                                    0x20000080   Data         108  adc.o(.bss)
    hadc2                                    0x200000ec   Data         108  adc.o(.bss)
    htim2                                    0x20000158   Data          76  tim.o(.bss)
    htim3                                    0x200001a4   Data          76  tim.o(.bss)
    htim4                                    0x200001f0   Data          76  tim.o(.bss)
    htim16                                   0x2000023c   Data          76  tim.o(.bss)
    htim17                                   0x20000288   Data          76  tim.o(.bss)
    huart1                                   0x200002d4   Data         144  usart.o(.bss)
    rxdata                                   0x20000364   Data          30  myusart.o(.bss)
    key                                      0x20000382   Data          12  timer.o(.bss)
    __libspace_start                         0x20000390   Data          96  libspace.o(.bss)
    __temporary_stack_top$libspace           0x200003f0   Data           0  libspace.o(.bss)



==============================================================================

Memory Map of the image

  Image Entry point : 0x080001d9

  Load Region LR_IROM1 (Base: 0x08000000, Size: 0x00007ff0, Max: 0x00020000, ABSOLUTE)

    Execution Region ER_IROM1 (Exec base: 0x08000000, Load base: 0x08000000, Size: 0x00007f90, Max: 0x00020000, ABSOLUTE)

    Exec Addr    Load Addr    Size         Type   Attr      Idx    E Section Name        Object

    0x08000000   0x08000000   0x000001d8   Data   RO            3    RESET               startup_stm32g431xx.o
    0x080001d8   0x080001d8   0x00000008   Code   RO         4639  * !!!main             c_w.l(__main.o)
    0x080001e0   0x080001e0   0x00000034   Code   RO         4895    !!!scatter          c_w.l(__scatter.o)
    0x08000214   0x08000214   0x0000001a   Code   RO         4897    !!handler_copy      c_w.l(__scatter_copy.o)
    0x0800022e   0x0800022e   0x00000002   PAD
    0x08000230   0x08000230   0x0000001c   Code   RO         4899    !!handler_zi        c_w.l(__scatter_zi.o)
    0x0800024c   0x0800024c   0x00000000   Code   RO         4634    .ARM.Collect$$_printf_percent$$00000000  c_w.l(_printf_percent.o)
    0x0800024c   0x0800024c   0x00000006   Code   RO         4633    .ARM.Collect$$_printf_percent$$00000003  c_w.l(_printf_f.o)
    0x08000252   0x08000252   0x00000006   Code   RO         4632    .ARM.Collect$$_printf_percent$$00000009  c_w.l(_printf_d.o)
    0x08000258   0x08000258   0x00000006   Code   RO         4631    .ARM.Collect$$_printf_percent$$00000014  c_w.l(_printf_s.o)
    0x0800025e   0x0800025e   0x00000004   Code   RO         4678    .ARM.Collect$$_printf_percent$$00000017  c_w.l(_printf_percent_end.o)
    0x08000262   0x08000262   0x00000002   Code   RO         4766    .ARM.Collect$$libinit$$00000000  c_w.l(libinit.o)
    0x08000264   0x08000264   0x00000004   Code   RO         4767    .ARM.Collect$$libinit$$00000001  c_w.l(libinit2.o)
    0x08000268   0x08000268   0x00000000   Code   RO         4770    .ARM.Collect$$libinit$$00000004  c_w.l(libinit2.o)
    0x08000268   0x08000268   0x00000000   Code   RO         4773    .ARM.Collect$$libinit$$0000000A  c_w.l(libinit2.o)
    0x08000268   0x08000268   0x00000000   Code   RO         4775    .ARM.Collect$$libinit$$0000000C  c_w.l(libinit2.o)
    0x08000268   0x08000268   0x00000000   Code   RO         4777    .ARM.Collect$$libinit$$0000000E  c_w.l(libinit2.o)
    0x08000268   0x08000268   0x00000006   Code   RO         4778    .ARM.Collect$$libinit$$0000000F  c_w.l(libinit2.o)
    0x0800026e   0x0800026e   0x00000000   Code   RO         4780    .ARM.Collect$$libinit$$00000011  c_w.l(libinit2.o)
    0x0800026e   0x0800026e   0x00000000   Code   RO         4782    .ARM.Collect$$libinit$$00000013  c_w.l(libinit2.o)
    0x0800026e   0x0800026e   0x00000000   Code   RO         4784    .ARM.Collect$$libinit$$00000015  c_w.l(libinit2.o)
    0x0800026e   0x0800026e   0x0000000a   Code   RO         4785    .ARM.Collect$$libinit$$00000016  c_w.l(libinit2.o)
    0x08000278   0x08000278   0x00000000   Code   RO         4786    .ARM.Collect$$libinit$$00000017  c_w.l(libinit2.o)
    0x08000278   0x08000278   0x00000000   Code   RO         4788    .ARM.Collect$$libinit$$00000019  c_w.l(libinit2.o)
    0x08000278   0x08000278   0x00000000   Code   RO         4790    .ARM.Collect$$libinit$$0000001B  c_w.l(libinit2.o)
    0x08000278   0x08000278   0x00000000   Code   RO         4792    .ARM.Collect$$libinit$$0000001D  c_w.l(libinit2.o)
    0x08000278   0x08000278   0x00000000   Code   RO         4794    .ARM.Collect$$libinit$$0000001F  c_w.l(libinit2.o)
    0x08000278   0x08000278   0x00000000   Code   RO         4796    .ARM.Collect$$libinit$$00000021  c_w.l(libinit2.o)
    0x08000278   0x08000278   0x00000000   Code   RO         4798    .ARM.Collect$$libinit$$00000023  c_w.l(libinit2.o)
    0x08000278   0x08000278   0x00000000   Code   RO         4800    .ARM.Collect$$libinit$$00000025  c_w.l(libinit2.o)
    0x08000278   0x08000278   0x00000000   Code   RO         4804    .ARM.Collect$$libinit$$0000002C  c_w.l(libinit2.o)
    0x08000278   0x08000278   0x00000000   Code   RO         4806    .ARM.Collect$$libinit$$0000002E  c_w.l(libinit2.o)
    0x08000278   0x08000278   0x00000000   Code   RO         4808    .ARM.Collect$$libinit$$00000030  c_w.l(libinit2.o)
    0x08000278   0x08000278   0x00000000   Code   RO         4810    .ARM.Collect$$libinit$$00000032  c_w.l(libinit2.o)
    0x08000278   0x08000278   0x00000002   Code   RO         4811    .ARM.Collect$$libinit$$00000033  c_w.l(libinit2.o)
    0x0800027a   0x0800027a   0x00000002   Code   RO         4858    .ARM.Collect$$libshutdown$$00000000  c_w.l(libshutdown.o)
    0x0800027c   0x0800027c   0x00000000   Code   RO         4876    .ARM.Collect$$libshutdown$$00000002  c_w.l(libshutdown2.o)
    0x0800027c   0x0800027c   0x00000000   Code   RO         4878    .ARM.Collect$$libshutdown$$00000004  c_w.l(libshutdown2.o)
    0x0800027c   0x0800027c   0x00000000   Code   RO         4880    .ARM.Collect$$libshutdown$$00000006  c_w.l(libshutdown2.o)
    0x0800027c   0x0800027c   0x00000000   Code   RO         4883    .ARM.Collect$$libshutdown$$00000009  c_w.l(libshutdown2.o)
    0x0800027c   0x0800027c   0x00000000   Code   RO         4886    .ARM.Collect$$libshutdown$$0000000C  c_w.l(libshutdown2.o)
    0x0800027c   0x0800027c   0x00000000   Code   RO         4888    .ARM.Collect$$libshutdown$$0000000E  c_w.l(libshutdown2.o)
    0x0800027c   0x0800027c   0x00000000   Code   RO         4891    .ARM.Collect$$libshutdown$$00000011  c_w.l(libshutdown2.o)
    0x0800027c   0x0800027c   0x00000002   Code   RO         4892    .ARM.Collect$$libshutdown$$00000012  c_w.l(libshutdown2.o)
    0x0800027e   0x0800027e   0x00000000   Code   RO         4663    .ARM.Collect$$rtentry$$00000000  c_w.l(__rtentry.o)
    0x0800027e   0x0800027e   0x00000000   Code   RO         4689    .ARM.Collect$$rtentry$$00000002  c_w.l(__rtentry2.o)
    0x0800027e   0x0800027e   0x00000006   Code   RO         4701    .ARM.Collect$$rtentry$$00000004  c_w.l(__rtentry4.o)
    0x08000284   0x08000284   0x00000000   Code   RO         4691    .ARM.Collect$$rtentry$$00000009  c_w.l(__rtentry2.o)
    0x08000284   0x08000284   0x00000004   Code   RO         4692    .ARM.Collect$$rtentry$$0000000A  c_w.l(__rtentry2.o)
    0x08000288   0x08000288   0x00000000   Code   RO         4694    .ARM.Collect$$rtentry$$0000000C  c_w.l(__rtentry2.o)
    0x08000288   0x08000288   0x00000008   Code   RO         4695    .ARM.Collect$$rtentry$$0000000D  c_w.l(__rtentry2.o)
    0x08000290   0x08000290   0x00000002   Code   RO         4812    .ARM.Collect$$rtexit$$00000000  c_w.l(rtexit.o)
    0x08000292   0x08000292   0x00000000   Code   RO         4827    .ARM.Collect$$rtexit$$00000002  c_w.l(rtexit2.o)
    0x08000292   0x08000292   0x00000004   Code   RO         4828    .ARM.Collect$$rtexit$$00000003  c_w.l(rtexit2.o)
    0x08000296   0x08000296   0x00000006   Code   RO         4829    .ARM.Collect$$rtexit$$00000004  c_w.l(rtexit2.o)
    0x0800029c   0x0800029c   0x00000040   Code   RO            4    .text               startup_stm32g431xx.o
    0x080002dc   0x080002dc   0x000000ee   Code   RO         4599    .text               c_w.l(lludivv7m.o)
    0x080003ca   0x080003ca   0x00000002   PAD
    0x080003cc   0x080003cc   0x00000028   Code   RO         4603    .text               c_w.l(noretval__2sprintf.o)
    0x080003f4   0x080003f4   0x00000052   Code   RO         4607    .text               c_w.l(_printf_str.o)
    0x08000446   0x08000446   0x00000002   PAD
    0x08000448   0x08000448   0x00000078   Code   RO         4609    .text               c_w.l(_printf_dec.o)
    0x080004c0   0x080004c0   0x00000138   Code   RO         4623    .text               c_w.l(__printf_flags_wp.o)
    0x080005f8   0x080005f8   0x0000004e   Code   RO         4635    .text               c_w.l(rt_memclr_w.o)
    0x08000646   0x08000646   0x00000006   Code   RO         4637    .text               c_w.l(heapauxi.o)
    0x0800064c   0x0800064c   0x000000b2   Code   RO         4668    .text               c_w.l(_printf_intcommon.o)
    0x080006fe   0x080006fe   0x0000041e   Code   RO         4670    .text               c_w.l(_printf_fp_dec.o)
    0x08000b1c   0x08000b1c   0x00000030   Code   RO         4672    .text               c_w.l(_printf_char_common.o)
    0x08000b4c   0x08000b4c   0x0000000a   Code   RO         4674    .text               c_w.l(_sputc.o)
    0x08000b56   0x08000b56   0x0000002c   Code   RO         4676    .text               c_w.l(_printf_char.o)
    0x08000b82   0x08000b82   0x00000002   PAD
    0x08000b84   0x08000b84   0x00000008   Code   RO         4708    .text               c_w.l(rt_locale_intlibspace.o)
    0x08000b8c   0x08000b8c   0x0000008a   Code   RO         4710    .text               c_w.l(lludiv10.o)
    0x08000c16   0x08000c16   0x00000002   PAD
    0x08000c18   0x08000c18   0x00000080   Code   RO         4712    .text               c_w.l(_printf_fp_infnan.o)
    0x08000c98   0x08000c98   0x000000e4   Code   RO         4716    .text               c_w.l(bigflt0.o)
    0x08000d7c   0x08000d7c   0x00000008   Code   RO         4748    .text               c_w.l(libspace.o)
    0x08000d84   0x08000d84   0x0000004a   Code   RO         4751    .text               c_w.l(sys_stackheap_outer.o)
    0x08000dce   0x08000dce   0x00000012   Code   RO         4753    .text               c_w.l(exit.o)
    0x08000de0   0x08000de0   0x00000080   Code   RO         4759    .text               c_w.l(strcmpv7m.o)
    0x08000e60   0x08000e60   0x0000000c   Code   RO         4824    .text               c_w.l(sys_exit.o)
    0x08000e6c   0x08000e6c   0x00000002   Code   RO         4845    .text               c_w.l(use_no_semi.o)
    0x08000e6e   0x08000e6e   0x00000000   Code   RO         4847    .text               c_w.l(indicate_semi.o)
    0x08000e6e   0x08000e6e   0x0000003e   Code   RO         4719    CL$$btod_d2e        c_w.l(btod.o)
    0x08000eac   0x08000eac   0x00000046   Code   RO         4721    CL$$btod_d2e_denorm_low  c_w.l(btod.o)
    0x08000ef2   0x08000ef2   0x00000060   Code   RO         4720    CL$$btod_d2e_norm_op1  c_w.l(btod.o)
    0x08000f52   0x08000f52   0x00000338   Code   RO         4729    CL$$btod_div_common  c_w.l(btod.o)
    0x0800128a   0x0800128a   0x000000dc   Code   RO         4726    CL$$btod_e2e        c_w.l(btod.o)
    0x08001366   0x08001366   0x0000002a   Code   RO         4723    CL$$btod_ediv       c_w.l(btod.o)
    0x08001390   0x08001390   0x0000002a   Code   RO         4722    CL$$btod_emul       c_w.l(btod.o)
    0x080013ba   0x080013ba   0x00000244   Code   RO         4728    CL$$btod_mult_common  c_w.l(btod.o)
    0x080015fe   0x080015fe   0x00000002   PAD
    0x08001600   0x08001600   0x00000074   Code   RO          537    i.ADC_Enable        stm32g4xx_hal_adc.o
    0x08001674   0x08001674   0x00000002   Code   RO          408    i.BusFault_Handler  stm32g4xx_it.o
    0x08001676   0x08001676   0x00000002   Code   RO          409    i.DebugMon_Handler  stm32g4xx_it.o
    0x08001678   0x08001678   0x0000001c   Code   RO         4278    i.Delay_LCD         lcd.o
    0x08001694   0x08001694   0x00000004   Code   RO           13    i.Error_Handler     main.o
    0x08001698   0x08001698   0x000000d8   Code   RO          787    i.HAL_ADCEx_MultiModeConfigChannel  stm32g4xx_hal_adc_ex.o
    0x08001770   0x08001770   0x00000418   Code   RO          539    i.HAL_ADC_ConfigChannel  stm32g4xx_hal_adc.o
    0x08001b88   0x08001b88   0x00000006   Code   RO          546    i.HAL_ADC_GetValue  stm32g4xx_hal_adc.o
    0x08001b8e   0x08001b8e   0x00000002   PAD
    0x08001b90   0x08001b90   0x000001fc   Code   RO          548    i.HAL_ADC_Init      stm32g4xx_hal_adc.o
    0x08001d8c   0x08001d8c   0x000000e4   Code   RO          246    i.HAL_ADC_MspInit   adc.o
    0x08001e70   0x08001e70   0x000000f4   Code   RO          554    i.HAL_ADC_Start     stm32g4xx_hal_adc.o
    0x08001f64   0x08001f64   0x0000006a   Code   RO         1815    i.HAL_DMA_Abort     stm32g4xx_hal_dma.o
    0x08001fce   0x08001fce   0x00000078   Code   RO         1816    i.HAL_DMA_Abort_IT  stm32g4xx_hal_dma.o
    0x08002046   0x08002046   0x00000002   PAD
    0x08002048   0x08002048   0x00000024   Code   RO          986    i.HAL_Delay         stm32g4xx_hal.o
    0x0800206c   0x0800206c   0x00000248   Code   RO         1677    i.HAL_GPIO_Init     stm32g4xx_hal_gpio.o
    0x080022b4   0x080022b4   0x0000000a   Code   RO         1679    i.HAL_GPIO_ReadPin  stm32g4xx_hal_gpio.o
    0x080022be   0x080022be   0x0000000a   Code   RO         1681    i.HAL_GPIO_WritePin  stm32g4xx_hal_gpio.o
    0x080022c8   0x080022c8   0x0000000c   Code   RO          990    i.HAL_GetTick       stm32g4xx_hal.o
    0x080022d4   0x080022d4   0x00000010   Code   RO          993    i.HAL_IncTick       stm32g4xx_hal.o
    0x080022e4   0x080022e4   0x0000001e   Code   RO          994    i.HAL_Init          stm32g4xx_hal.o
    0x08002302   0x08002302   0x00000002   PAD
    0x08002304   0x08002304   0x00000044   Code   RO          995    i.HAL_InitTick      stm32g4xx_hal.o
    0x08002348   0x08002348   0x00000030   Code   RO          508    i.HAL_MspInit       stm32g4xx_hal_msp.o
    0x08002378   0x08002378   0x0000001a   Code   RO         2324    i.HAL_NVIC_EnableIRQ  stm32g4xx_hal_cortex.o
    0x08002392   0x08002392   0x00000002   PAD
    0x08002394   0x08002394   0x00000040   Code   RO         2330    i.HAL_NVIC_SetPriority  stm32g4xx_hal_cortex.o
    0x080023d4   0x080023d4   0x00000024   Code   RO         2331    i.HAL_NVIC_SetPriorityGrouping  stm32g4xx_hal_cortex.o
    0x080023f8   0x080023f8   0x000000bc   Code   RO         2080    i.HAL_PWREx_ControlVoltageScaling  stm32g4xx_hal_pwr_ex.o
    0x080024b4   0x080024b4   0x00000010   Code   RO         2092    i.HAL_PWREx_DisableUCPDDeadBattery  stm32g4xx_hal_pwr_ex.o
    0x080024c4   0x080024c4   0x00000288   Code   RO         1339    i.HAL_RCCEx_PeriphCLKConfig  stm32g4xx_hal_rcc_ex.o
    0x0800274c   0x0800274c   0x000001dc   Code   RO         1214    i.HAL_RCC_ClockConfig  stm32g4xx_hal_rcc.o
    0x08002928   0x08002928   0x00000024   Code   RO         1222    i.HAL_RCC_GetPCLK1Freq  stm32g4xx_hal_rcc.o
    0x0800294c   0x0800294c   0x00000024   Code   RO         1223    i.HAL_RCC_GetPCLK2Freq  stm32g4xx_hal_rcc.o
    0x08002970   0x08002970   0x00000070   Code   RO         1224    i.HAL_RCC_GetSysClockFreq  stm32g4xx_hal_rcc.o
    0x080029e0   0x080029e0   0x0000040c   Code   RO         1227    i.HAL_RCC_OscConfig  stm32g4xx_hal_rcc.o
    0x08002dec   0x08002dec   0x00000028   Code   RO         2335    i.HAL_SYSTICK_Config  stm32g4xx_hal_cortex.o
    0x08002e14   0x08002e14   0x00000002   Code   RO         3170    i.HAL_TIMEx_Break2Callback  stm32g4xx_hal_tim_ex.o
    0x08002e16   0x08002e16   0x00000002   Code   RO         3171    i.HAL_TIMEx_BreakCallback  stm32g4xx_hal_tim_ex.o
    0x08002e18   0x08002e18   0x00000002   Code   RO         3172    i.HAL_TIMEx_CommutCallback  stm32g4xx_hal_tim_ex.o
    0x08002e1a   0x08002e1a   0x00000002   PAD
    0x08002e1c   0x08002e1c   0x000000ac   Code   RO         3175    i.HAL_TIMEx_ConfigBreakDeadTime  stm32g4xx_hal_tim_ex.o
    0x08002ec8   0x08002ec8   0x00000002   Code   RO         3183    i.HAL_TIMEx_DirectionChangeCallback  stm32g4xx_hal_tim_ex.o
    0x08002eca   0x08002eca   0x00000002   Code   RO         3197    i.HAL_TIMEx_EncoderIndexCallback  stm32g4xx_hal_tim_ex.o
    0x08002ecc   0x08002ecc   0x00000002   Code   RO         3211    i.HAL_TIMEx_IndexErrorCallback  stm32g4xx_hal_tim_ex.o
    0x08002ece   0x08002ece   0x00000002   PAD
    0x08002ed0   0x08002ed0   0x0000009c   Code   RO         3212    i.HAL_TIMEx_MasterConfigSynchronization  stm32g4xx_hal_tim_ex.o
    0x08002f6c   0x08002f6c   0x00000002   Code   RO         3233    i.HAL_TIMEx_TransitionErrorCallback  stm32g4xx_hal_tim_ex.o
    0x08002f6e   0x08002f6e   0x00000062   Code   RO         2456    i.HAL_TIM_Base_Init  stm32g4xx_hal_tim.o
    0x08002fd0   0x08002fd0   0x00000120   Code   RO          295    i.HAL_TIM_Base_MspInit  tim.o
    0x080030f0   0x080030f0   0x00000078   Code   RO         2461    i.HAL_TIM_Base_Start_IT  stm32g4xx_hal_tim.o
    0x08003168   0x08003168   0x00000100   Code   RO         2465    i.HAL_TIM_ConfigClockSource  stm32g4xx_hal_tim.o
    0x08003268   0x08003268   0x0000011c   Code   RO         4563    i.HAL_TIM_IC_CaptureCallback  timer.o
    0x08003384   0x08003384   0x0000011e   Code   RO         2492    i.HAL_TIM_IC_ConfigChannel  stm32g4xx_hal_tim.o
    0x080034a2   0x080034a2   0x00000062   Code   RO         2495    i.HAL_TIM_IC_Init   stm32g4xx_hal_tim.o
    0x08003504   0x08003504   0x00000002   Code   RO         2497    i.HAL_TIM_IC_MspInit  stm32g4xx_hal_tim.o
    0x08003506   0x08003506   0x00000002   PAD
    0x08003508   0x08003508   0x00000104   Code   RO         2498    i.HAL_TIM_IC_Start  stm32g4xx_hal_tim.o
    0x0800360c   0x0800360c   0x0000012c   Code   RO         2500    i.HAL_TIM_IC_Start_IT  stm32g4xx_hal_tim.o
    0x08003738   0x08003738   0x000001fc   Code   RO         2504    i.HAL_TIM_IRQHandler  stm32g4xx_hal_tim.o
    0x08003934   0x08003934   0x00000070   Code   RO          296    i.HAL_TIM_MspPostInit  tim.o
    0x080039a4   0x080039a4   0x00000002   Code   RO         2507    i.HAL_TIM_OC_DelayElapsedCallback  stm32g4xx_hal_tim.o
    0x080039a6   0x080039a6   0x00000124   Code   RO         2528    i.HAL_TIM_PWM_ConfigChannel  stm32g4xx_hal_tim.o
    0x08003aca   0x08003aca   0x00000062   Code   RO         2531    i.HAL_TIM_PWM_Init  stm32g4xx_hal_tim.o
    0x08003b2c   0x08003b2c   0x00000002   Code   RO         2533    i.HAL_TIM_PWM_MspInit  stm32g4xx_hal_tim.o
    0x08003b2e   0x08003b2e   0x00000002   Code   RO         2534    i.HAL_TIM_PWM_PulseFinishedCallback  stm32g4xx_hal_tim.o
    0x08003b30   0x08003b30   0x000000fc   Code   RO         2536    i.HAL_TIM_PWM_Start  stm32g4xx_hal_tim.o
    0x08003c2c   0x08003c2c   0x00000098   Code   RO         4564    i.HAL_TIM_PeriodElapsedCallback  timer.o
    0x08003cc4   0x08003cc4   0x0000002a   Code   RO         2544    i.HAL_TIM_ReadCapturedValue  stm32g4xx_hal_tim.o
    0x08003cee   0x08003cee   0x00000002   Code   RO         2547    i.HAL_TIM_TriggerCallback  stm32g4xx_hal_tim.o
    0x08003cf0   0x08003cf0   0x0000003e   Code   RO         4019    i.HAL_UARTEx_DisableFifoMode  stm32g4xx_hal_uart_ex.o
    0x08003d2e   0x08003d2e   0x00000002   Code   RO         3608    i.HAL_UARTEx_RxEventCallback  stm32g4xx_hal_uart.o
    0x08003d30   0x08003d30   0x00000002   Code   RO         4026    i.HAL_UARTEx_RxFifoFullCallback  stm32g4xx_hal_uart_ex.o
    0x08003d32   0x08003d32   0x0000004c   Code   RO         4027    i.HAL_UARTEx_SetRxFifoThreshold  stm32g4xx_hal_uart_ex.o
    0x08003d7e   0x08003d7e   0x0000004c   Code   RO         4028    i.HAL_UARTEx_SetTxFifoThreshold  stm32g4xx_hal_uart_ex.o
    0x08003dca   0x08003dca   0x00000002   Code   RO         4030    i.HAL_UARTEx_TxFifoEmptyCallback  stm32g4xx_hal_uart_ex.o
    0x08003dcc   0x08003dcc   0x00000002   Code   RO         4031    i.HAL_UARTEx_WakeupCallback  stm32g4xx_hal_uart_ex.o
    0x08003dce   0x08003dce   0x00000002   Code   RO         3624    i.HAL_UART_ErrorCallback  stm32g4xx_hal_uart.o
    0x08003dd0   0x08003dd0   0x000002e0   Code   RO         3627    i.HAL_UART_IRQHandler  stm32g4xx_hal_uart.o
    0x080040b0   0x080040b0   0x0000006a   Code   RO         3628    i.HAL_UART_Init     stm32g4xx_hal_uart.o
    0x0800411a   0x0800411a   0x00000002   PAD
    0x0800411c   0x0800411c   0x0000008c   Code   RO          367    i.HAL_UART_MspInit  usart.o
    0x080041a8   0x080041a8   0x00000054   Code   RO         3633    i.HAL_UART_Receive_IT  stm32g4xx_hal_uart.o
    0x080041fc   0x080041fc   0x00000024   Code   RO         4532    i.HAL_UART_RxCpltCallback  myusart.o
    0x08004220   0x08004220   0x00000002   Code   RO         3640    i.HAL_UART_TxCpltCallback  stm32g4xx_hal_uart.o
    0x08004222   0x08004222   0x00000002   Code   RO          410    i.HardFault_Handler  stm32g4xx_it.o
    0x08004224   0x08004224   0x0000004e   Code   RO         4170    i.I2CReceiveByte    i2c_hal.o
    0x08004272   0x08004272   0x0000004e   Code   RO         4172    i.I2CSendByte       i2c_hal.o
    0x080042c0   0x080042c0   0x00000036   Code   RO         4174    i.I2CStart          i2c_hal.o
    0x080042f6   0x080042f6   0x00000036   Code   RO         4175    i.I2CStop           i2c_hal.o
    0x0800432c   0x0800432c   0x00000050   Code   RO         4176    i.I2CWaitAck        i2c_hal.o
    0x0800437c   0x0800437c   0x0000002c   Code   RO         4279    i.LCD_BusIn         lcd.o
    0x080043a8   0x080043a8   0x00000030   Code   RO         4280    i.LCD_BusOut        lcd.o
    0x080043d8   0x080043d8   0x00000024   Code   RO         4281    i.LCD_Clear         lcd.o
    0x080043fc   0x080043fc   0x00000090   Code   RO         4283    i.LCD_CtrlLinesConfig  lcd.o
    0x0800448c   0x0800448c   0x00000018   Code   RO         4284    i.LCD_DisplayChar   lcd.o
    0x080044a4   0x080044a4   0x0000002a   Code   RO         4287    i.LCD_DisplayStringLine  lcd.o
    0x080044ce   0x080044ce   0x00000002   PAD
    0x080044d0   0x080044d0   0x00000058   Code   RO         4288    i.LCD_DrawChar      lcd.o
    0x08004528   0x08004528   0x00000034   Code   RO         4294    i.LCD_Init          lcd.o
    0x0800455c   0x0800455c   0x00000080   Code   RO         4297    i.LCD_ReadReg       lcd.o
    0x080045dc   0x080045dc   0x00000010   Code   RO         4298    i.LCD_SetBackColor  lcd.o
    0x080045ec   0x080045ec   0x00000018   Code   RO         4299    i.LCD_SetCursor     lcd.o
    0x08004604   0x08004604   0x00000010   Code   RO         4301    i.LCD_SetTextColor  lcd.o
    0x08004614   0x08004614   0x00000058   Code   RO         4304    i.LCD_WriteRAM      lcd.o
    0x0800466c   0x0800466c   0x0000005c   Code   RO         4305    i.LCD_WriteRAM_Prepare  lcd.o
    0x080046c8   0x080046c8   0x0000006c   Code   RO         4306    i.LCD_WriteReg      lcd.o
    0x08004734   0x08004734   0x0000000c   Code   RO          562    i.LL_ADC_GetOffsetChannel  stm32g4xx_hal_adc.o
    0x08004740   0x08004740   0x00000008   Code   RO          563    i.LL_ADC_INJ_IsConversionOngoing  stm32g4xx_hal_adc.o
    0x08004748   0x08004748   0x00000008   Code   RO          564    i.LL_ADC_REG_IsConversionOngoing  stm32g4xx_hal_adc.o
    0x08004750   0x08004750   0x00000008   Code   RO          797    i.LL_ADC_REG_IsConversionOngoing  stm32g4xx_hal_adc_ex.o
    0x08004758   0x08004758   0x0000001e   Code   RO          567    i.LL_ADC_SetChannelSamplingTime  stm32g4xx_hal_adc.o
    0x08004776   0x08004776   0x00000010   Code   RO          568    i.LL_ADC_SetOffsetState  stm32g4xx_hal_adc.o
    0x08004786   0x08004786   0x00000002   PAD
    0x08004788   0x08004788   0x00000090   Code   RO          247    i.MX_ADC1_Init      adc.o
    0x08004818   0x08004818   0x0000007c   Code   RO          248    i.MX_ADC2_Init      adc.o
    0x08004894   0x08004894   0x00000128   Code   RO          221    i.MX_GPIO_Init      gpio.o
    0x080049bc   0x080049bc   0x0000009c   Code   RO          297    i.MX_TIM16_Init     tim.o
    0x08004a58   0x08004a58   0x0000009c   Code   RO          298    i.MX_TIM17_Init     tim.o
    0x08004af4   0x08004af4   0x000000a8   Code   RO          299    i.MX_TIM2_Init      tim.o
    0x08004b9c   0x08004b9c   0x000000ac   Code   RO          300    i.MX_TIM3_Init      tim.o
    0x08004c48   0x08004c48   0x00000068   Code   RO          301    i.MX_TIM4_Init      tim.o
    0x08004cb0   0x08004cb0   0x00000068   Code   RO          368    i.MX_USART1_UART_Init  usart.o
    0x08004d18   0x08004d18   0x00000002   Code   RO          411    i.MemManage_Handler  stm32g4xx_it.o
    0x08004d1a   0x08004d1a   0x00000002   Code   RO          412    i.NMI_Handler       stm32g4xx_it.o
    0x08004d1c   0x08004d1c   0x00000002   Code   RO          413    i.PendSV_Handler    stm32g4xx_it.o
    0x08004d1e   0x08004d1e   0x00000112   Code   RO         4307    i.REG_8230_Init     lcd.o
    0x08004e30   0x08004e30   0x00000202   Code   RO         4308    i.REG_932X_Init     lcd.o
    0x08005032   0x08005032   0x00000002   PAD
    0x08005034   0x08005034   0x00000018   Code   RO         4177    i.SCL_Output        i2c_hal.o
    0x0800504c   0x0800504c   0x00000018   Code   RO         4178    i.SDA_Input         i2c_hal.o
    0x08005064   0x08005064   0x0000002c   Code   RO         4179    i.SDA_Input_Mode    i2c_hal.o
    0x08005090   0x08005090   0x00000018   Code   RO         4180    i.SDA_Output        i2c_hal.o
    0x080050a8   0x080050a8   0x0000002c   Code   RO         4181    i.SDA_Output_Mode   i2c_hal.o
    0x080050d4   0x080050d4   0x00000002   Code   RO          414    i.SVC_Handler       stm32g4xx_it.o
    0x080050d6   0x080050d6   0x00000004   Code   RO          415    i.SysTick_Handler   stm32g4xx_it.o
    0x080050da   0x080050da   0x00000066   Code   RO           14    i.SystemClock_Config  main.o
    0x08005140   0x08005140   0x00000010   Code   RO         4132    i.SystemInit        system_stm32g4xx.o
    0x08005150   0x08005150   0x0000000c   Code   RO          416    i.TIM2_IRQHandler   stm32g4xx_it.o
    0x0800515c   0x0800515c   0x0000000c   Code   RO          417    i.TIM3_IRQHandler   stm32g4xx_it.o
    0x08005168   0x08005168   0x0000000c   Code   RO          418    i.TIM4_IRQHandler   stm32g4xx_it.o
    0x08005174   0x08005174   0x000000b0   Code   RO         2549    i.TIM_Base_SetConfig  stm32g4xx_hal_tim.o
    0x08005224   0x08005224   0x0000001a   Code   RO         2550    i.TIM_CCxChannelCmd  stm32g4xx_hal_tim.o
    0x0800523e   0x0800523e   0x00000014   Code   RO         2560    i.TIM_ETR_SetConfig  stm32g4xx_hal_tim.o
    0x08005252   0x08005252   0x00000002   PAD
    0x08005254   0x08005254   0x00000014   Code   RO         2561    i.TIM_ITRx_SetConfig  stm32g4xx_hal_tim.o
    0x08005268   0x08005268   0x0000009c   Code   RO         2562    i.TIM_OC1_SetConfig  stm32g4xx_hal_tim.o
    0x08005304   0x08005304   0x00000090   Code   RO         2563    i.TIM_OC2_SetConfig  stm32g4xx_hal_tim.o
    0x08005394   0x08005394   0x00000090   Code   RO         2564    i.TIM_OC3_SetConfig  stm32g4xx_hal_tim.o
    0x08005424   0x08005424   0x00000090   Code   RO         2565    i.TIM_OC4_SetConfig  stm32g4xx_hal_tim.o
    0x080054b4   0x080054b4   0x00000070   Code   RO         2566    i.TIM_OC5_SetConfig  stm32g4xx_hal_tim.o
    0x08005524   0x08005524   0x00000070   Code   RO         2567    i.TIM_OC6_SetConfig  stm32g4xx_hal_tim.o
    0x08005594   0x08005594   0x00000022   Code   RO         2569    i.TIM_TI1_ConfigInputStage  stm32g4xx_hal_tim.o
    0x080055b6   0x080055b6   0x00000002   PAD
    0x080055b8   0x080055b8   0x0000006c   Code   RO         2570    i.TIM_TI1_SetConfig  stm32g4xx_hal_tim.o
    0x08005624   0x08005624   0x00000024   Code   RO         2571    i.TIM_TI2_ConfigInputStage  stm32g4xx_hal_tim.o
    0x08005648   0x08005648   0x00000036   Code   RO         2572    i.TIM_TI2_SetConfig  stm32g4xx_hal_tim.o
    0x0800567e   0x0800567e   0x00000002   PAD
    0x08005680   0x08005680   0x00000044   Code   RO         4032    i.UARTEx_SetNbDataToProcess  stm32g4xx_hal_uart_ex.o
    0x080056c4   0x080056c4   0x000000c8   Code   RO         3642    i.UART_AdvFeatureConfig  stm32g4xx_hal_uart.o
    0x0800578c   0x0800578c   0x00000060   Code   RO         3643    i.UART_CheckIdleState  stm32g4xx_hal_uart.o
    0x080057ec   0x080057ec   0x00000014   Code   RO         3644    i.UART_DMAAbortOnError  stm32g4xx_hal_uart.o
    0x08005800   0x08005800   0x00000054   Code   RO         3654    i.UART_EndRxTransfer  stm32g4xx_hal_uart.o
    0x08005854   0x08005854   0x000000a2   Code   RO         3656    i.UART_RxISR_16BIT  stm32g4xx_hal_uart.o
    0x080058f6   0x080058f6   0x00000002   PAD
    0x080058f8   0x080058f8   0x00000174   Code   RO         3657    i.UART_RxISR_16BIT_FIFOEN  stm32g4xx_hal_uart.o
    0x08005a6c   0x08005a6c   0x000000a2   Code   RO         3658    i.UART_RxISR_8BIT   stm32g4xx_hal_uart.o
    0x08005b0e   0x08005b0e   0x00000002   PAD
    0x08005b10   0x08005b10   0x00000174   Code   RO         3659    i.UART_RxISR_8BIT_FIFOEN  stm32g4xx_hal_uart.o
    0x08005c84   0x08005c84   0x00000274   Code   RO         3660    i.UART_SetConfig    stm32g4xx_hal_uart.o
    0x08005ef8   0x08005ef8   0x00000118   Code   RO         3662    i.UART_Start_Receive_IT  stm32g4xx_hal_uart.o
    0x08006010   0x08006010   0x000000c6   Code   RO         3667    i.UART_WaitOnFlagUntilTimeout  stm32g4xx_hal_uart.o
    0x080060d6   0x080060d6   0x00000002   PAD
    0x080060d8   0x080060d8   0x0000000c   Code   RO          419    i.USART1_IRQHandler  stm32g4xx_it.o
    0x080060e4   0x080060e4   0x00000002   Code   RO          420    i.UsageFault_Handler  stm32g4xx_it.o
    0x080060e6   0x080060e6   0x00000030   Code   RO         4746    i.__ARM_fpclassify  m_wm.l(fpclassify.o)
    0x08006116   0x08006116   0x00000020   Code   RO         2337    i.__NVIC_SetPriority  stm32g4xx_hal_cortex.o
    0x08006136   0x08006136   0x0000000e   Code   RO         4621    i._is_digit         c_w.l(__printf_wp.o)
    0x08006144   0x08006144   0x0000000c   Code   RO         4182    i.delay1            i2c_hal.o
    0x08006150   0x08006150   0x00000040   Code   RO         4183    i.eeprom_read       i2c_hal.o
    0x08006190   0x08006190   0x00000030   Code   RO         4184    i.eeprom_write      i2c_hal.o
    0x080061c0   0x080061c0   0x0000002c   Code   RO         4508    i.get_adc           myadc.o
    0x080061ec   0x080061ec   0x0000014c   Code   RO           15    i.key_proc          main.o
    0x08006338   0x08006338   0x000001b0   Code   RO           16    i.lcd_proc          main.o
    0x080064e8   0x080064e8   0x00000054   Code   RO         4484    i.led_disp          led.o
    0x0800653c   0x0800653c   0x000000ac   Code   RO           17    i.main              main.o
    0x080065e8   0x080065e8   0x0000002c   Code   RO         4742    locale$$code        c_w.l(lc_numeric_c.o)
    0x08006614   0x08006614   0x00000062   Code   RO         4641    x$fpl$d2f           fz_wm.l(d2f.o)
    0x08006676   0x08006676   0x00000002   PAD
    0x08006678   0x08006678   0x000002b0   Code   RO         4644    x$fpl$ddiv          fz_wm.l(ddiv.o)
    0x08006928   0x08006928   0x0000005a   Code   RO         4647    x$fpl$dfixu         fz_wm.l(dfixu.o)
    0x08006982   0x08006982   0x00000026   Code   RO         4651    x$fpl$dfltu         fz_wm.l(dflt_clz.o)
    0x080069a8   0x080069a8   0x00000154   Code   RO         4657    x$fpl$dmul          fz_wm.l(dmul.o)
    0x08006afc   0x08006afc   0x0000009c   Code   RO         4679    x$fpl$dnaninf       fz_wm.l(dnaninf.o)
    0x08006b98   0x08006b98   0x0000000c   Code   RO         4681    x$fpl$dretinf       fz_wm.l(dretinf.o)
    0x08006ba4   0x08006ba4   0x00000056   Code   RO         4659    x$fpl$f2d           fz_wm.l(f2d.o)
    0x08006bfa   0x08006bfa   0x0000008c   Code   RO         4683    x$fpl$fnaninf       fz_wm.l(fnaninf.o)
    0x08006c86   0x08006c86   0x0000000a   Code   RO         4822    x$fpl$fpinit        fz_wm.l(fpinit.o)
    0x08006c90   0x08006c90   0x0000000a   Code   RO         4685    x$fpl$fretinf       fz_wm.l(fretinf.o)
    0x08006c9a   0x08006c9a   0x00000004   Code   RO         4661    x$fpl$printf1       fz_wm.l(printf1.o)
    0x08006c9e   0x08006c9e   0x00000000   Code   RO         4687    x$fpl$usenofp       fz_wm.l(usenofp.o)
    0x08006c9e   0x08006c9e   0x00000018   Data   RO         3668    .constdata          stm32g4xx_hal_uart.o
    0x08006cb6   0x08006cb6   0x00000010   Data   RO         4033    .constdata          stm32g4xx_hal_uart_ex.o
    0x08006cc6   0x08006cc6   0x00000010   Data   RO         4133    .constdata          system_stm32g4xx.o
    0x08006cd6   0x08006cd6   0x00000008   Data   RO         4134    .constdata          system_stm32g4xx.o
    0x08006cde   0x08006cde   0x000011d0   Data   RO         4309    .constdata          lcd.o
    0x08007eae   0x08007eae   0x00000011   Data   RO         4624    .constdata          c_w.l(__printf_flags_wp.o)
    0x08007ebf   0x08007ebf   0x00000001   PAD
    0x08007ec0   0x08007ec0   0x00000094   Data   RO         4717    .constdata          c_w.l(bigflt0.o)
    0x08007f54   0x08007f54   0x00000020   Data   RO         4893    Region$$Table       anon$$obj.o
    0x08007f74   0x08007f74   0x0000001c   Data   RO         4741    locale$$data        c_w.l(lc_numeric_c.o)


    Execution Region RW_IRAM1 (Exec base: 0x20000000, Load base: 0x08007f90, Size: 0x000009f0, Max: 0x00008000, ABSOLUTE)

    Exec Addr    Load Addr    Size         Type   Attr      Idx    E Section Name        Object

    0x20000000   0x08007f90   0x00000018   Data   RW           19    .data               main.o
    0x20000018   0x08007fa8   0x00000004   Data   RW          250    .data               adc.o
    0x2000001c   0x08007fac   0x0000000c   Data   RW         1014    .data               stm32g4xx_hal.o
    0x20000028   0x08007fb8   0x00000004   Data   RW         4135    .data               system_stm32g4xx.o
    0x2000002c   0x08007fbc   0x00000006   Data   RW         4310    .data               lcd.o
    0x20000032   0x08007fc2   0x00000002   Data   RW         4534    .data               myusart.o
    0x20000034   0x08007fc4   0x00000004   PAD
    0x20000038   0x08007fc8   0x00000028   Data   RW         4566    .data               timer.o
    0x20000060        -       0x0000001e   Zero   RW           18    .bss                main.o
    0x2000007e   0x08007ff0   0x00000002   PAD
    0x20000080        -       0x000000d8   Zero   RW          249    .bss                adc.o
    0x20000158        -       0x0000017c   Zero   RW          302    .bss                tim.o
    0x200002d4        -       0x00000090   Zero   RW          369    .bss                usart.o
    0x20000364        -       0x0000001e   Zero   RW         4533    .bss                myusart.o
    0x20000382        -       0x0000000c   Zero   RW         4565    .bss                timer.o
    0x2000038e   0x08007ff0   0x00000002   PAD
    0x20000390        -       0x00000060   Zero   RW         4749    .bss                c_w.l(libspace.o)
    0x200003f0        -       0x00000200   Zero   RW            2    HEAP                startup_stm32g431xx.o
    0x200005f0        -       0x00000400   Zero   RW            1    STACK               startup_stm32g431xx.o


==============================================================================

Image component sizes


      Code (inc. data)   RO Data    RW Data    ZI Data      Debug   Object Name

       496         40          0          4        216       2750   adc.o
       296         16          0          0          0       1111   gpio.o
       628         22          0          0          0       7763   i2c_hal.o
      1766         76       4560          6          0      11686   lcd.o
        84         10          0          0          0        583   led.o
      1042        290          0         24         30     684271   main.o
        44          8          0          0          0        874   myadc.o
        36         12          0          2         30       1112   myusart.o
        64         26        472          0       1536        864   startup_stm32g431xx.o
       162         24          0         12          0       4465   stm32g4xx_hal.o
      1996        102          0          0          0      76115   stm32g4xx_hal_adc.o
       224          8          0          0          0      67719   stm32g4xx_hal_adc_ex.o
       198         14          0          0          0      33959   stm32g4xx_hal_cortex.o
       226          0          0          0          0       1999   stm32g4xx_hal_dma.o
       604         34          0          0          0       3083   stm32g4xx_hal_gpio.o
        48          6          0          0          0        902   stm32g4xx_hal_msp.o
       204         18          0          0          0       1445   stm32g4xx_hal_pwr_ex.o
      1696         92          0          0          0       6392   stm32g4xx_hal_rcc.o
       648         10          0          0          0       1916   stm32g4xx_hal_rcc_ex.o
      3906        332          0          0          0      25808   stm32g4xx_hal_tim.o
       342         32          0          0          0       6524   stm32g4xx_hal_tim_ex.o
      3506        124         24          0          0      35846   stm32g4xx_hal_uart.o
       288          6         16          0          0       5518   stm32g4xx_hal_uart_ex.o
        68         24          0          0          0       6280   stm32g4xx_it.o
        16          4         24          4          0       1187   system_stm32g4xx.o
      1156         80          0          0        380       5860   tim.o
       436         36          0         40         12       2721   timer.o
       244         18          0          0        144       1874   usart.o

    ----------------------------------------------------------------------
     20458       1464       5128         96       2352    1000627   Object Totals
         0          0         32          0          0          0   (incl. Generated)
        34          0          0          4          4          0   (incl. Padding)

    ----------------------------------------------------------------------

      Code (inc. data)   RO Data    RW Data    ZI Data      Debug   Library Member Name

         8          0          0          0          0         68   __main.o
       312          4         17          0          0         92   __printf_flags_wp.o
        14          0          0          0          0         68   __printf_wp.o
         0          0          0          0          0          0   __rtentry.o
        12          0          0          0          0          0   __rtentry2.o
         6          0          0          0          0          0   __rtentry4.o
        52          8          0          0          0          0   __scatter.o
        26          0          0          0          0          0   __scatter_copy.o
        28          0          0          0          0          0   __scatter_zi.o
        44          0          0          0          0        108   _printf_char.o
        48          6          0          0          0         96   _printf_char_common.o
         6          0          0          0          0          0   _printf_d.o
       120         16          0          0          0         92   _printf_dec.o
         6          0          0          0          0          0   _printf_f.o
      1054          0          0          0          0        216   _printf_fp_dec.o
       128         16          0          0          0         84   _printf_fp_infnan.o
       178          0          0          0          0         88   _printf_intcommon.o
         0          0          0          0          0          0   _printf_percent.o
         4          0          0          0          0          0   _printf_percent_end.o
         6          0          0          0          0          0   _printf_s.o
        82          0          0          0          0         80   _printf_str.o
        10          0          0          0          0         68   _sputc.o
       228          4        148          0          0         96   bigflt0.o
      1936        128          0          0          0        672   btod.o
        18          0          0          0          0         80   exit.o
         6          0          0          0          0        152   heapauxi.o
         0          0          0          0          0          0   indicate_semi.o
        44         10         28          0          0         76   lc_numeric_c.o
         2          0          0          0          0          0   libinit.o
        22          0          0          0          0          0   libinit2.o
         2          0          0          0          0          0   libshutdown.o
         2          0          0          0          0          0   libshutdown2.o
         8          4          0          0         96         68   libspace.o
       138          0          0          0          0         80   lludiv10.o
       238          0          0          0          0        100   lludivv7m.o
        40          6          0          0          0         84   noretval__2sprintf.o
         8          4          0          0          0         68   rt_locale_intlibspace.o
        78          0          0          0          0         80   rt_memclr_w.o
         2          0          0          0          0          0   rtexit.o
        10          0          0          0          0          0   rtexit2.o
       128          0          0          0          0         68   strcmpv7m.o
        12          4          0          0          0         68   sys_exit.o
        74          0          0          0          0         80   sys_stackheap_outer.o
         2          0          0          0          0         68   use_no_semi.o
        98          4          0          0          0        140   d2f.o
       688        140          0          0          0        256   ddiv.o
        90          4          0          0          0        140   dfixu.o
        38          0          0          0          0        116   dflt_clz.o
       340         12          0          0          0        152   dmul.o
       156          4          0          0          0        140   dnaninf.o
        12          0          0          0          0        116   dretinf.o
        86          4          0          0          0        132   f2d.o
       140          4          0          0          0        132   fnaninf.o
        10          0          0          0          0        116   fpinit.o
        10          0          0          0          0        116   fretinf.o
         4          0          0          0          0        116   printf1.o
         0          0          0          0          0          0   usenofp.o
        48          0          0          0          0        124   fpclassify.o

    ----------------------------------------------------------------------
      6876        382        194          0         96       4696   Library Totals
        14          0          1          0          0          0   (incl. Padding)

    ----------------------------------------------------------------------

      Code (inc. data)   RO Data    RW Data    ZI Data      Debug   Library Name

      5142        210        193          0         96       2900   c_w.l
      1672        172          0          0          0       1672   fz_wm.l
        48          0          0          0          0        124   m_wm.l

    ----------------------------------------------------------------------
      6876        382        194          0         96       4696   Library Totals

    ----------------------------------------------------------------------

==============================================================================


      Code (inc. data)   RO Data    RW Data    ZI Data      Debug   

     27334       1846       5322         96       2448     986563   Grand Totals
     27334       1846       5322         96       2448     986563   ELF Image Totals
     27334       1846       5322         96          0          0   ROM Totals

==============================================================================

    Total RO  Size (Code + RO Data)                32656 (  31.89kB)
    Total RW  Size (RW Data + ZI Data)              2544 (   2.48kB)
    Total ROM Size (Code + RO Data + RW Data)      32752 (  31.98kB)

==============================================================================

