Component: ARM Compiler 6.16 Tool: armlink [5dfeaa00]

==============================================================================

Section Cross References

    startup_stm32g431xx.o(STACK) refers (Special) to heapauxi.o(.text) for __use_two_region_memory
    startup_stm32g431xx.o(HEAP) refers (Special) to heapauxi.o(.text) for __use_two_region_memory
    startup_stm32g431xx.o(RESET) refers (Special) to heapauxi.o(.text) for __use_two_region_memory
    startup_stm32g431xx.o(RESET) refers to startup_stm32g431xx.o(STACK) for __initial_sp
    startup_stm32g431xx.o(RESET) refers to startup_stm32g431xx.o(.text) for Reset_Handler
    startup_stm32g431xx.o(RESET) refers to stm32g4xx_it.o(.text.NMI_Handler) for NMI_Handler
    startup_stm32g431xx.o(RESET) refers to stm32g4xx_it.o(.text.HardFault_Handler) for HardFault_Handler
    startup_stm32g431xx.o(RESET) refers to stm32g4xx_it.o(.text.MemManage_Handler) for MemManage_Handler
    startup_stm32g431xx.o(RESET) refers to stm32g4xx_it.o(.text.BusFault_Handler) for BusFault_Handler
    startup_stm32g431xx.o(RESET) refers to stm32g4xx_it.o(.text.UsageFault_Handler) for UsageFault_Handler
    startup_stm32g431xx.o(RESET) refers to stm32g4xx_it.o(.text.SVC_Handler) for SVC_Handler
    startup_stm32g431xx.o(RESET) refers to stm32g4xx_it.o(.text.DebugMon_Handler) for DebugMon_Handler
    startup_stm32g431xx.o(RESET) refers to stm32g4xx_it.o(.text.PendSV_Handler) for PendSV_Handler
    startup_stm32g431xx.o(RESET) refers to stm32g4xx_it.o(.text.SysTick_Handler) for SysTick_Handler
    startup_stm32g431xx.o(RESET) refers to stm32g4xx_it.o(.text.TIM2_IRQHandler) for TIM2_IRQHandler
    startup_stm32g431xx.o(RESET) refers to stm32g4xx_it.o(.text.TIM3_IRQHandler) for TIM3_IRQHandler
    startup_stm32g431xx.o(RESET) refers to stm32g4xx_it.o(.text.TIM4_IRQHandler) for TIM4_IRQHandler
    startup_stm32g431xx.o(RESET) refers to stm32g4xx_it.o(.text.USART1_IRQHandler) for USART1_IRQHandler
    startup_stm32g431xx.o(.text) refers (Special) to heapauxi.o(.text) for __use_two_region_memory
    startup_stm32g431xx.o(.text) refers to system_stm32g4xx.o(.text.SystemInit) for SystemInit
    startup_stm32g431xx.o(.text) refers to __main.o(!!!main) for __main
    startup_stm32g431xx.o(.text) refers to startup_stm32g431xx.o(HEAP) for Heap_Mem
    startup_stm32g431xx.o(.text) refers to startup_stm32g431xx.o(STACK) for Stack_Mem
    main.o(.text) refers (Special) to _printf_d.o(.ARM.Collect$$_printf_percent$$00000009) for _printf_d
    main.o(.text) refers (Special) to _printf_f.o(.ARM.Collect$$_printf_percent$$00000003) for _printf_f
    main.o(.text) refers (Special) to printf1.o(x$fpl$printf1) for _printf_fp_dec
    main.o(.text) refers (Special) to _printf_dec.o(.text) for _printf_int_dec
    main.o(.text) refers (Special) to _printf_percent.o(.ARM.Collect$$_printf_percent$$00000000) for _printf_percent
    main.o(.text) refers (Special) to _printf_s.o(.ARM.Collect$$_printf_percent$$00000014) for _printf_s
    main.o(.text) refers (Special) to _printf_str.o(.text) for _printf_str
    main.o(.text) refers (Special) to _scanf_str.o(.text) for _scanf_string
    main.o(.text.main) refers (Special) to _printf_d.o(.ARM.Collect$$_printf_percent$$00000009) for _printf_d
    main.o(.text.main) refers (Special) to _printf_f.o(.ARM.Collect$$_printf_percent$$00000003) for _printf_f
    main.o(.text.main) refers (Special) to printf1.o(x$fpl$printf1) for _printf_fp_dec
    main.o(.text.main) refers (Special) to _printf_dec.o(.text) for _printf_int_dec
    main.o(.text.main) refers (Special) to _printf_percent.o(.ARM.Collect$$_printf_percent$$00000000) for _printf_percent
    main.o(.text.main) refers (Special) to _printf_s.o(.ARM.Collect$$_printf_percent$$00000014) for _printf_s
    main.o(.text.main) refers (Special) to _printf_str.o(.text) for _printf_str
    main.o(.text.main) refers (Special) to _scanf_str.o(.text) for _scanf_string
    main.o(.text.main) refers to stm32g4xx_hal.o(.text.HAL_Init) for HAL_Init
    main.o(.text.main) refers to main.o(.text.SystemClock_Config) for SystemClock_Config
    main.o(.text.main) refers to gpio.o(.text.MX_GPIO_Init) for MX_GPIO_Init
    main.o(.text.main) refers to tim.o(.text.MX_TIM2_Init) for MX_TIM2_Init
    main.o(.text.main) refers to tim.o(.text.MX_TIM3_Init) for MX_TIM3_Init
    main.o(.text.main) refers to tim.o(.text.MX_TIM4_Init) for MX_TIM4_Init
    main.o(.text.main) refers to tim.o(.text.MX_TIM16_Init) for MX_TIM16_Init
    main.o(.text.main) refers to tim.o(.text.MX_TIM17_Init) for MX_TIM17_Init
    main.o(.text.main) refers to adc.o(.text.MX_ADC1_Init) for MX_ADC1_Init
    main.o(.text.main) refers to adc.o(.text.MX_ADC2_Init) for MX_ADC2_Init
    main.o(.text.main) refers to usart.o(.text.MX_USART1_UART_Init) for MX_USART1_UART_Init
    main.o(.text.main) refers to led.o(.text.LED_Disp) for LED_Disp
    main.o(.text.main) refers to lcd.o(.text.LCD_Init) for LCD_Init
    main.o(.text.main) refers to usart.o(.bss.huart1) for huart1
[...]
    __rt_lib_init_atexit_1                   0x08000285   Thumb Code     0  libinit2.o(.ARM.Collect$$libinit$$0000001B)
    __rt_lib_init_clock_1                    0x08000285   Thumb Code     0  libinit2.o(.ARM.Collect$$libinit$$00000021)
    __rt_lib_init_cpp_1                      0x08000285   Thumb Code     0  libinit2.o(.ARM.Collect$$libinit$$00000032)
    __rt_lib_init_exceptions_1               0x08000285   Thumb Code     0  libinit2.o(.ARM.Collect$$libinit$$00000030)
    __rt_lib_init_fp_trap_1                  0x08000285   Thumb Code     0  libinit2.o(.ARM.Collect$$libinit$$0000001F)
    __rt_lib_init_getenv_1                   0x08000285   Thumb Code     0  libinit2.o(.ARM.Collect$$libinit$$00000023)
    __rt_lib_init_lc_numeric_1               0x08000285   Thumb Code     0  libinit2.o(.ARM.Collect$$libinit$$00000017)
    __rt_lib_init_lc_time_1                  0x08000285   Thumb Code     0  libinit2.o(.ARM.Collect$$libinit$$00000019)
    __rt_lib_init_return                     0x08000285   Thumb Code     0  libinit2.o(.ARM.Collect$$libinit$$00000033)
    __rt_lib_init_signal_1                   0x08000285   Thumb Code     0  libinit2.o(.ARM.Collect$$libinit$$0000001D)
    __rt_lib_init_stdio_1                    0x08000285   Thumb Code     0  libinit2.o(.ARM.Collect$$libinit$$00000025)
    __rt_lib_shutdown                        0x08000287   Thumb Code     0  libshutdown.o(.ARM.Collect$$libshutdown$$00000000)
    __rt_lib_shutdown_cpp_1                  0x08000289   Thumb Code     0  libshutdown2.o(.ARM.Collect$$libshutdown$$00000002)
    __rt_lib_shutdown_fp_trap_1              0x08000289   Thumb Code     0  libshutdown2.o(.ARM.Collect$$libshutdown$$00000007)
    __rt_lib_shutdown_heap_1                 0x08000289   Thumb Code     0  libshutdown2.o(.ARM.Collect$$libshutdown$$0000000F)
    __rt_lib_shutdown_return                 0x08000289   Thumb Code     0  libshutdown2.o(.ARM.Collect$$libshutdown$$00000010)
    __rt_lib_shutdown_signal_1               0x08000289   Thumb Code     0  libshutdown2.o(.ARM.Collect$$libshutdown$$0000000A)
    __rt_lib_shutdown_stdio_1                0x08000289   Thumb Code     0  libshutdown2.o(.ARM.Collect$$libshutdown$$00000004)
    __rt_lib_shutdown_user_alloc_1           0x08000289   Thumb Code     0  libshutdown2.o(.ARM.Collect$$libshutdown$$0000000C)
    __rt_entry                               0x0800028b   Thumb Code     0  __rtentry.o(.ARM.Collect$$rtentry$$00000000)
    __rt_entry_presh_1                       0x0800028b   Thumb Code     0  __rtentry2.o(.ARM.Collect$$rtentry$$00000002)
    __rt_entry_sh                            0x0800028b   Thumb Code     0  __rtentry4.o(.ARM.Collect$$rtentry$$00000004)
    __rt_entry_li                            0x08000291   Thumb Code     0  __rtentry2.o(.ARM.Collect$$rtentry$$0000000A)
    __rt_entry_postsh_1                      0x08000291   Thumb Code     0  __rtentry2.o(.ARM.Collect$$rtentry$$00000009)
    __rt_entry_main                          0x08000295   Thumb Code     0  __rtentry2.o(.ARM.Collect$$rtentry$$0000000D)
    __rt_entry_postli_1                      0x08000295   Thumb Code     0  __rtentry2.o(.ARM.Collect$$rtentry$$0000000C)
    __rt_exit                                0x0800029d   Thumb Code     0  rtexit.o(.ARM.Collect$$rtexit$$00000000)
    __rt_exit_ls                             0x0800029f   Thumb Code     0  rtexit2.o(.ARM.Collect$$rtexit$$00000003)
    __rt_exit_prels_1                        0x0800029f   Thumb Code     0  rtexit2.o(.ARM.Collect$$rtexit$$00000002)
    __rt_exit_exit                           0x080002a3   Thumb Code     0  rtexit2.o(.ARM.Collect$$rtexit$$00000004)
    Reset_Handler                            0x080002a9   Thumb Code     8  startup_stm32g431xx.o(.text)
    ADC1_2_IRQHandler                        0x080002c3   Thumb Code     0  startup_stm32g431xx.o(.text)
    COMP1_2_3_IRQHandler                     0x080002c3   Thumb Code     0  startup_stm32g431xx.o(.text)
    COMP4_IRQHandler                         0x080002c3   Thumb Code     0  startup_stm32g431xx.o(.text)
    CORDIC_IRQHandler                        0x080002c3   Thumb Code     0  startup_stm32g431xx.o(.text)
    CRS_IRQHandler                           0x080002c3   Thumb Code     0  startup_stm32g431xx.o(.text)
    DMA1_Channel1_IRQHandler                 0x080002c3   Thumb Code     0  startup_stm32g431xx.o(.text)
    DMA1_Channel2_IRQHandler                 0x080002c3   Thumb Code     0  startup_stm32g431xx.o(.text)
    DMA1_Channel3_IRQHandler                 0x080002c3   Thumb Code     0  startup_stm32g431xx.o(.text)
    DMA1_Channel4_IRQHandler                 0x080002c3   Thumb Code     0  startup_stm32g431xx.o(.text)
    DMA1_Channel5_IRQHandler                 0x080002c3   Thumb Code     0  startup_stm32g431xx.o(.text)
    DMA1_Channel6_IRQHandler                 0x080002c3   Thumb Code     0  startup_stm32g431xx.o(.text)
    DMA2_Channel1_IRQHandler                 0x080002c3   Thumb Code     0  startup_stm32g431xx.o(.text)
    DMA2_Channel2_IRQHandler                 0x080002c3   Thumb Code     0  startup_stm32g431xx.o(.text)
    DMA2_Channel3_IRQHandler                 0x080002c3   Thumb Code     0  startup_stm32g431xx.o(.text)
    DMA2_Channel4_IRQHandler                 0x080002c3   Thumb Code     0  startup_stm32g431xx.o(.text)
    DMA2_Channel5_IRQHandler                 0x080002c3   Thumb Code     0  startup_stm32g431xx.o(.text)
    DMA2_Channel6_IRQHandler                 0x080002c3   Thumb Code     0  startup_stm32g431xx.o(.text)
    DMAMUX_OVR_IRQHandler                    0x080002c3   Thumb Code     0  startup_stm32g431xx.o(.text)
    EXTI0_IRQHandler                         0x080002c3   Thumb Code     0  startup_stm32g431xx.o(.text)
    EXTI15_10_IRQHandler                     0x080002c3   Thumb Code     0  startup_stm32g431xx.o(.text)
    EXTI1_IRQHandler                         0x080002c3   Thumb Code     0  startup_stm32g431xx.o(.text)
    EXTI2_IRQHandler                         0x080002c3   Thumb Code     0  startup_stm32g431xx.o(.text)
    EXTI3_IRQHandler                         0x080002c3   Thumb Code     0  startup_stm32g431xx.o(.text)
    EXTI4_IRQHandler                         0x080002c3   Thumb Code     0  startup_stm32g431xx.o(.text)
    EXTI9_5_IRQHandler                       0x080002c3   Thumb Code     0  startup_stm32g431xx.o(.text)
    FDCAN1_IT0_IRQHandler                    0x080002c3   Thumb Code     0  startup_stm32g431xx.o(.text)
    FDCAN1_IT1_IRQHandler                    0x080002c3   Thumb Code     0  startup_stm32g431xx.o(.text)
    FLASH_IRQHandler                         0x080002c3   Thumb Code     0  startup_stm32g431xx.o(.text)
    FMAC_IRQHandler                          0x080002c3   Thumb Code     0  startup_stm32g431xx.o(.text)
    FPU_IRQHandler                           0x080002c3   Thumb Code     0  startup_stm32g431xx.o(.text)
    I2C1_ER_IRQHandler                       0x080002c3   Thumb Code     0  startup_stm32g431xx.o(.text)
    I2C1_EV_IRQHandler                       0x080002c3   Thumb Code     0  startup_stm32g431xx.o(.text)
    I2C2_ER_IRQHandler                       0x080002c3   Thumb Code     0  startup_stm32g431xx.o(.text)
    I2C2_EV_IRQHandler                       0x080002c3   Thumb Code     0  startup_stm32g431xx.o(.text)
    I2C3_ER_IRQHandler                       0x080002c3   Thumb Code     0  startup_stm32g431xx.o(.text)
    I2C3_EV_IRQHandler                       0x080002c3   Thumb Code     0  startup_stm32g431xx.o(.text)
    LPTIM1_IRQHandler                        0x080002c3   Thumb Code     0  startup_stm32g431xx.o(.text)
    LPUART1_IRQHandler                       0x080002c3   Thumb Code     0  startup_stm32g431xx.o(.text)
    PVD_PVM_IRQHandler                       0x080002c3   Thumb Code     0  startup_stm32g431xx.o(.text)
    RCC_IRQHandler                           0x080002c3   Thumb Code     0  startup_stm32g431xx.o(.text)
    RNG_IRQHandler                           0x080002c3   Thumb Code     0  startup_stm32g431xx.o(.text)
    RTC_Alarm_IRQHandler                     0x080002c3   Thumb Code     0  startup_stm32g431xx.o(.text)
    RTC_TAMP_LSECSS_IRQHandler               0x080002c3   Thumb Code     0  startup_stm32g431xx.o(.text)
    RTC_WKUP_IRQHandler                      0x080002c3   Thumb Code     0  startup_stm32g431xx.o(.text)
    SAI1_IRQHandler                          0x080002c3   Thumb Code     0  startup_stm32g431xx.o(.text)
    SPI1_IRQHandler                          0x080002c3   Thumb Code     0  startup_stm32g431xx.o(.text)
    SPI2_IRQHandler                          0x080002c3   Thumb Code     0  startup_stm32g431xx.o(.text)
    SPI3_IRQHandler                          0x080002c3   Thumb Code     0  startup_stm32g431xx.o(.text)
    TIM1_BRK_TIM15_IRQHandler                0x080002c3   Thumb Code     0  startup_stm32g431xx.o(.text)
    TIM1_CC_IRQHandler                       0x080002c3   Thumb Code     0  startup_stm32g431xx.o(.text)
    TIM1_TRG_COM_TIM17_IRQHandler            0x080002c3   Thumb Code     0  startup_stm32g431xx.o(.text)
    TIM1_UP_TIM16_IRQHandler                 0x080002c3   Thumb Code     0  startup_stm32g431xx.o(.text)
    TIM6_DAC_IRQHandler                      0x080002c3   Thumb Code     0  startup_stm32g431xx.o(.text)
    TIM7_IRQHandler                          0x080002c3   Thumb Code     0  startup_stm32g431xx.o(.text)
    TIM8_BRK_IRQHandler                      0x080002c3   Thumb Code     0  startup_stm32g431xx.o(.text)
    TIM8_CC_IRQHandler                       0x080002c3   Thumb Code     0  startup_stm32g431xx.o(.text)
    TIM8_TRG_COM_IRQHandler                  0x080002c3   Thumb Code     0  startup_stm32g431xx.o(.text)
    TIM8_UP_IRQHandler                       0x080002c3   Thumb Code     0  startup_stm32g431xx.o(.text)
    UART4_IRQHandler                         0x080002c3   Thumb Code     0  startup_stm32g431xx.o(.text)
    UCPD1_IRQHandler                         0x080002c3   Thumb Code     0  startup_stm32g431xx.o(.text)
    USART2_IRQHandler                        0x080002c3   Thumb Code     0  startup_stm32g431xx.o(.text)
    USART3_IRQHandler                        0x080002c3   Thumb Code     0  startup_stm32g431xx.o(.text)
    USBWakeUp_IRQHandler                     0x080002c3   Thumb Code     0  startup_stm32g431xx.o(.text)
    USB_HP_IRQHandler                        0x080002c3   Thumb Code     0  startup_stm32g431xx.o(.text)
    USB_LP_IRQHandler                        0x080002c3   Thumb Code     0  startup_stm32g431xx.o(.text)
    WWDG_IRQHandler                          0x080002c3   Thumb Code     0  startup_stm32g431xx.o(.text)
    __user_initial_stackheap                 0x080002c5   Thumb Code     0  startup_stm32g431xx.o(.text)
    __aeabi_uldivmod                         0x080002e9   Thumb Code     0  lludivv7m.o(.text)
    _ll_udiv                                 0x080002e9   Thumb Code   240  lludivv7m.o(.text)
    __2sprintf                               0x080003d9   Thumb Code    34  noretval__2sprintf.o(.text)
    _printf_str                              0x08000401   Thumb Code    82  _printf_str.o(.text)
    _printf_int_dec                          0x08000455   Thumb Code   104  _printf_dec.o(.text)
    __printf                                 0x080004cd   Thumb Code   270  __printf_wp.o(.text)
    __0sscanf                                0x080005dd   Thumb Code    52  __0sscanf.o(.text)
    _scanf_string                            0x08000619   Thumb Code   224  _scanf_str.o(.text)
    strlen                                   0x080006f9   Thumb Code    62  strlen.o(.text)
    __aeabi_memclr4                          0x08000737   Thumb Code     0  rt_memclr_w.o(.text)
    __aeabi_memclr8                          0x08000737   Thumb Code     0  rt_memclr_w.o(.text)
    __rt_memclr_w                            0x08000737   Thumb Code     0  rt_memclr_w.o(.text)
    _memset_w                                0x0800073b   Thumb Code    74  rt_memclr_w.o(.text)
    __use_two_region_memory                  0x08000785   Thumb Code     2  heapauxi.o(.text)
    __rt_heap_escrow$2region                 0x08000787   Thumb Code     2  heapauxi.o(.text)
    __rt_heap_expand$2region                 0x08000789   Thumb Code     2  heapauxi.o(.text)
    _printf_int_common                       0x0800078b   Thumb Code   178  _printf_intcommon.o(.text)
    _printf_fp_dec_real                      0x080009ed   Thumb Code   620  _printf_fp_dec.o(.text)
    _printf_char_common                      0x08000c63   Thumb Code    32  _printf_char_common.o(.text)
    _sputc                                   0x08000c89   Thumb Code    10  _sputc.o(.text)
    _printf_cs_common                        0x08000c93   Thumb Code    20  _printf_char.o(.text)
    _printf_char                             0x08000ca7   Thumb Code    16  _printf_char.o(.text)
    _printf_string                           0x08000cb7   Thumb Code     8  _printf_char.o(.text)
    __vfscanf_char                           0x08000ccd   Thumb Code    24  scanf_char.o(.text)
    _sgetc                                   0x08000ced   Thumb Code    30  _sgetc.o(.text)
    _sbackspace                              0x08000d0b   Thumb Code    34  _sgetc.o(.text)
    __rt_locale                              0x08000d2d   Thumb Code     8  rt_locale_intlibspace.o(.text)
    _ll_udiv10                               0x08000d35   Thumb Code   138  lludiv10.o(.text)
    isspace                                  0x08000dbf   Thumb Code    18  isspace.o(.text)
    _printf_fp_infnan                        0x08000dd1   Thumb Code   112  _printf_fp_infnan.o(.text)
    __vfscanf                                0x08000e51   Thumb Code   878  _scanf.o(.text)
    _btod_etento                             0x080011c5   Thumb Code   224  bigflt0.o(.text)
    __user_libspace                          0x080012a9   Thumb Code     8  libspace.o(.text)
    __user_perproc_libspace                  0x080012a9   Thumb Code     0  libspace.o(.text)
    __user_perthread_libspace                0x080012a9   Thumb Code     0  libspace.o(.text)
    __user_setup_stackheap                   0x080012b1   Thumb Code    74  sys_stackheap_outer.o(.text)
    __rt_ctype_table                         0x080012fd   Thumb Code    16  rt_ctype_table.o(.text)
    exit                                     0x0800130d   Thumb Code    18  exit.o(.text)
    strcmp                                   0x08001321   Thumb Code   124  strcmpv7em.o(.text)
    _sys_exit                                0x0800139d   Thumb Code     8  sys_exit.o(.text)
    __I$use$semihosting                      0x080013a9   Thumb Code     0  use_no_semi.o(.text)
    __use_no_semihosting_swi                 0x080013a9   Thumb Code     2  use_no_semi.o(.text)
    __semihosting_library_function           0x080013ab   Thumb Code     0  indicate_semi.o(.text)
    ADC_Enable                               0x080013ad   Thumb Code   118  stm32g4xx_hal_adc.o(.text.ADC_Enable)
    BusFault_Handler                         0x08001425   Thumb Code     2  stm32g4xx_it.o(.text.BusFault_Handler)
    DebugMon_Handler                         0x08001429   Thumb Code     2  stm32g4xx_it.o(.text.DebugMon_Handler)
    Error_Handler                            0x0800142d   Thumb Code    10  main.o(.text.Error_Handler)
    HAL_ADCEx_MultiModeConfigChannel         0x08001439   Thumb Code   220  stm32g4xx_hal_adc_ex.o(.text.HAL_ADCEx_MultiModeConfigChannel)
    HAL_ADC_ConfigChannel                    0x08001515   Thumb Code   850  stm32g4xx_hal_adc.o(.text.HAL_ADC_ConfigChannel)
    HAL_ADC_GetValue                         0x08001869   Thumb Code     6  stm32g4xx_hal_adc.o(.text.HAL_ADC_GetValue)
    HAL_ADC_Init                             0x08001871   Thumb Code   478  stm32g4xx_hal_adc.o(.text.HAL_ADC_Init)
    HAL_ADC_MspInit                          0x08001a51   Thumb Code   256  adc.o(.text.HAL_ADC_MspInit)
    HAL_ADC_Start                            0x08001b51   Thumb Code   208  stm32g4xx_hal_adc.o(.text.HAL_ADC_Start)
    HAL_DMA_Abort                            0x08001c21   Thumb Code   110  stm32g4xx_hal_dma.o(.text.HAL_DMA_Abort)
    HAL_DMA_Abort_IT                         0x08001c91   Thumb Code   122  stm32g4xx_hal_dma.o(.text.HAL_DMA_Abort_IT)
    HAL_Delay                                0x08001d0d   Thumb Code    40  stm32g4xx_hal.o(.text.HAL_Delay)
    HAL_GPIO_Init                            0x08001d35   Thumb Code   414  stm32g4xx_hal_gpio.o(.text.HAL_GPIO_Init)
    HAL_GPIO_ReadPin                         0x08001ed5   Thumb Code    10  stm32g4xx_hal_gpio.o(.text.HAL_GPIO_ReadPin)
    HAL_GPIO_WritePin                        0x08001ee1   Thumb Code    12  stm32g4xx_hal_gpio.o(.text.HAL_GPIO_WritePin)
    HAL_GetTick                              0x08001eed   Thumb Code    12  stm32g4xx_hal.o(.text.HAL_GetTick)
    HAL_IncTick                              0x08001ef9   Thumb Code    26  stm32g4xx_hal.o(.text.HAL_IncTick)
    HAL_Init                                 0x08001f15   Thumb Code    30  stm32g4xx_hal.o(.text.HAL_Init)
    HAL_InitTick                             0x08001f35   Thumb Code    86  stm32g4xx_hal.o(.text.HAL_InitTick)
    HAL_MspInit                              0x08001f8d   Thumb Code    56  stm32g4xx_hal_msp.o(.text.HAL_MspInit)
    HAL_NVIC_EnableIRQ                       0x08001fc5   Thumb Code     8  stm32g4xx_hal_cortex.o(.text.HAL_NVIC_EnableIRQ)
    HAL_NVIC_SetPriority                     0x08001fcd   Thumb Code    30  stm32g4xx_hal_cortex.o(.text.HAL_NVIC_SetPriority)
    HAL_NVIC_SetPriorityGrouping             0x08001fed   Thumb Code     8  stm32g4xx_hal_cortex.o(.text.HAL_NVIC_SetPriorityGrouping)
    HAL_PWREx_ControlVoltageScaling          0x08001ff5   Thumb Code   238  stm32g4xx_hal_pwr_ex.o(.text.HAL_PWREx_ControlVoltageScaling)
    HAL_PWREx_DisableUCPDDeadBattery         0x080020e5   Thumb Code    18  stm32g4xx_hal_pwr_ex.o(.text.HAL_PWREx_DisableUCPDDeadBattery)
    HAL_RCCEx_PeriphCLKConfig                0x080020f9   Thumb Code   658  stm32g4xx_hal_rcc_ex.o(.text.HAL_RCCEx_PeriphCLKConfig)
    HAL_RCC_ClockConfig                      0x0800238d   Thumb Code   518  stm32g4xx_hal_rcc.o(.text.HAL_RCC_ClockConfig)
    HAL_RCC_GetHCLKFreq                      0x08002595   Thumb Code    12  stm32g4xx_hal_rcc.o(.text.HAL_RCC_GetHCLKFreq)
    HAL_RCC_GetPCLK1Freq                     0x080025a1   Thumb Code    38  stm32g4xx_hal_rcc.o(.text.HAL_RCC_GetPCLK1Freq)
    HAL_RCC_GetPCLK2Freq                     0x080025c9   Thumb Code    38  stm32g4xx_hal_rcc.o(.text.HAL_RCC_GetPCLK2Freq)
    HAL_RCC_GetSysClockFreq                  0x080025f1   Thumb Code   122  stm32g4xx_hal_rcc.o(.text.HAL_RCC_GetSysClockFreq)
    HAL_RCC_OscConfig                        0x0800266d   Thumb Code  1148  stm32g4xx_hal_rcc.o(.text.HAL_RCC_OscConfig)
    HAL_SYSTICK_Config                       0x08002ae9   Thumb Code     8  stm32g4xx_hal_cortex.o(.text.HAL_SYSTICK_Config)
    HAL_TIMEx_Break2Callback                 0x08002af1   Thumb Code     2  stm32g4xx_hal_tim_ex.o(.text.HAL_TIMEx_Break2Callback)
    HAL_TIMEx_BreakCallback                  0x08002af5   Thumb Code     2  stm32g4xx_hal_tim_ex.o(.text.HAL_TIMEx_BreakCallback)
    HAL_TIMEx_CommutCallback                 0x08002af9   Thumb Code     2  stm32g4xx_hal_tim_ex.o(.text.HAL_TIMEx_CommutCallback)
    HAL_TIMEx_ConfigBreakDeadTime            0x08002afd   Thumb Code   198  stm32g4xx_hal_tim_ex.o(.text.HAL_TIMEx_ConfigBreakDeadTime)
    HAL_TIMEx_DirectionChangeCallback        0x08002bc5   Thumb Code     2  stm32g4xx_hal_tim_ex.o(.text.HAL_TIMEx_DirectionChangeCallback)
    HAL_TIMEx_EncoderIndexCallback           0x08002bc9   Thumb Code     2  stm32g4xx_hal_tim_ex.o(.text.HAL_TIMEx_EncoderIndexCallback)
    HAL_TIMEx_IndexErrorCallback             0x08002bcd   Thumb Code     2  stm32g4xx_hal_tim_ex.o(.text.HAL_TIMEx_IndexErrorCallback)
    HAL_TIMEx_MasterConfigSynchronization    0x08002bd1   Thumb Code   168  stm32g4xx_hal_tim_ex.o(.text.HAL_TIMEx_MasterConfigSynchronization)
    HAL_TIMEx_TransitionErrorCallback        0x08002c79   Thumb Code     2  stm32g4xx_hal_tim_ex.o(.text.HAL_TIMEx_TransitionErrorCallback)
    HAL_TIM_Base_Init                        0x08002c7d   Thumb Code    98  stm32g4xx_hal_tim.o(.text.HAL_TIM_Base_Init)
    HAL_TIM_Base_MspInit                     0x08002ce1   Thumb Code   154  tim.o(.text.HAL_TIM_Base_MspInit)
    HAL_TIM_Base_Start_IT                    0x08002d7d   Thumb Code   158  stm32g4xx_hal_tim.o(.text.HAL_TIM_Base_Start_IT)
    HAL_TIM_ConfigClockSource                0x08002e1d   Thumb Code   276  stm32g4xx_hal_tim.o(.text.HAL_TIM_ConfigClockSource)
    HAL_TIM_IC_CaptureCallback               0x08002f31   Thumb Code   352  interrupt.o(.text.HAL_TIM_IC_CaptureCallback)
    HAL_TIM_IC_ConfigChannel                 0x08003091   Thumb Code   152  stm32g4xx_hal_tim.o(.text.HAL_TIM_IC_ConfigChannel)
    HAL_TIM_IC_Init                          0x08003129   Thumb Code    98  stm32g4xx_hal_tim.o(.text.HAL_TIM_IC_Init)
    HAL_TIM_IC_MspInit                       0x0800318d   Thumb Code   196  tim.o(.text.HAL_TIM_IC_MspInit)
    HAL_TIM_IC_Start                         0x08003251   Thumb Code   334  stm32g4xx_hal_tim.o(.text.HAL_TIM_IC_Start)
    HAL_TIM_IC_Start_IT                      0x080033a1   Thumb Code   368  stm32g4xx_hal_tim.o(.text.HAL_TIM_IC_Start_IT)
    HAL_TIM_IRQHandler                       0x08003521   Thumb Code   512  stm32g4xx_hal_tim.o(.text.HAL_TIM_IRQHandler)
    HAL_TIM_MspPostInit                      0x08003721   Thumb Code   132  tim.o(.text.HAL_TIM_MspPostInit)
    HAL_TIM_OC_DelayElapsedCallback          0x080037a5   Thumb Code     2  stm32g4xx_hal_tim.o(.text.HAL_TIM_OC_DelayElapsedCallback)
    HAL_TIM_PWM_ConfigChannel                0x080037a9   Thumb Code   186  stm32g4xx_hal_tim.o(.text.HAL_TIM_PWM_ConfigChannel)
    HAL_TIM_PWM_Init                         0x08003865   Thumb Code    98  stm32g4xx_hal_tim.o(.text.HAL_TIM_PWM_Init)
    HAL_TIM_PWM_MspInit                      0x080038c9   Thumb Code     2  stm32g4xx_hal_tim.o(.text.HAL_TIM_PWM_MspInit)
    HAL_TIM_PWM_PulseFinishedCallback        0x080038cd   Thumb Code     2  stm32g4xx_hal_tim.o(.text.HAL_TIM_PWM_PulseFinishedCallback)
    HAL_TIM_PWM_Start                        0x080038d1   Thumb Code   356  stm32g4xx_hal_tim.o(.text.HAL_TIM_PWM_Start)
    HAL_TIM_PeriodElapsedCallback            0x08003a35   Thumb Code   190  interrupt.o(.text.HAL_TIM_PeriodElapsedCallback)
    HAL_TIM_ReadCapturedValue                0x08003af5   Thumb Code    52  stm32g4xx_hal_tim.o(.text.HAL_TIM_ReadCapturedValue)
    HAL_TIM_TriggerCallback                  0x08003b29   Thumb Code     2  stm32g4xx_hal_tim.o(.text.HAL_TIM_TriggerCallback)
    HAL_UARTEx_DisableFifoMode               0x08003b2d   Thumb Code    54  stm32g4xx_hal_uart_ex.o(.text.HAL_UARTEx_DisableFifoMode)
    HAL_UARTEx_RxEventCallback               0x08003b65   Thumb Code     2  stm32g4xx_hal_uart.o(.text.HAL_UARTEx_RxEventCallback)
    HAL_UARTEx_RxFifoFullCallback            0x08003b69   Thumb Code     2  stm32g4xx_hal_uart_ex.o(.text.HAL_UARTEx_RxFifoFullCallback)
    HAL_UARTEx_SetRxFifoThreshold            0x08003b6d   Thumb Code    74  stm32g4xx_hal_uart_ex.o(.text.HAL_UARTEx_SetRxFifoThreshold)
    HAL_UARTEx_SetTxFifoThreshold            0x08003bb9   Thumb Code    74  stm32g4xx_hal_uart_ex.o(.text.HAL_UARTEx_SetTxFifoThreshold)
    HAL_UARTEx_TxFifoEmptyCallback           0x08003c05   Thumb Code     2  stm32g4xx_hal_uart_ex.o(.text.HAL_UARTEx_TxFifoEmptyCallback)
    HAL_UARTEx_WakeupCallback                0x08003c09   Thumb Code     2  stm32g4xx_hal_uart_ex.o(.text.HAL_UARTEx_WakeupCallback)
    HAL_UART_ErrorCallback                   0x08003c0d   Thumb Code     2  stm32g4xx_hal_uart.o(.text.HAL_UART_ErrorCallback)
    HAL_UART_IRQHandler                      0x08003c11   Thumb Code   760  stm32g4xx_hal_uart.o(.text.HAL_UART_IRQHandler)
    HAL_UART_Init                            0x08003f09   Thumb Code    98  stm32g4xx_hal_uart.o(.text.HAL_UART_Init)
    HAL_UART_MspInit                         0x08003f6d   Thumb Code   158  usart.o(.text.HAL_UART_MspInit)
    HAL_UART_Receive_IT                      0x0800400d   Thumb Code   106  stm32g4xx_hal_uart.o(.text.HAL_UART_Receive_IT)
    HAL_UART_RxCpltCallback                  0x08004079   Thumb Code    56  interrupt.o(.text.HAL_UART_RxCpltCallback)
    HAL_UART_Transmit                        0x080040b1   Thumb Code   218  stm32g4xx_hal_uart.o(.text.HAL_UART_Transmit)
    HAL_UART_TxCpltCallback                  0x0800418d   Thumb Code     2  stm32g4xx_hal_uart.o(.text.HAL_UART_TxCpltCallback)
    HardFault_Handler                        0x08004191   Thumb Code     2  stm32g4xx_it.o(.text.HardFault_Handler)
    I2CReceiveByte                           0x08004195   Thumb Code    52  i2c_hal.o(.text.I2CReceiveByte)
    I2CSendByte                              0x080041c9   Thumb Code    44  i2c_hal.o(.text.I2CSendByte)
    I2CStart                                 0x080041f5   Thumb Code    28  i2c_hal.o(.text.I2CStart)
    I2CStop                                  0x08004211   Thumb Code    28  i2c_hal.o(.text.I2CStop)
    I2CWaitAck                               0x0800422d   Thumb Code    56  i2c_hal.o(.text.I2CWaitAck)
    LCD_BusIn                                0x08004265   Thumb Code    40  lcd.o(.text.LCD_BusIn)
    LCD_BusOut                               0x0800428d   Thumb Code    42  lcd.o(.text.LCD_BusOut)
    LCD_Clear                                0x080042b9   Thumb Code    32  lcd.o(.text.LCD_Clear)
    LCD_CtrlLinesConfig                      0x080042d9   Thumb Code   160  lcd.o(.text.LCD_CtrlLinesConfig)
    LCD_DisplayChar                          0x08004379   Thumb Code    30  lcd.o(.text.LCD_DisplayChar)
    LCD_DisplayStringLine                    0x08004399   Thumb Code    48  lcd.o(.text.LCD_DisplayStringLine)
    LCD_DrawChar                             0x080043c9   Thumb Code    92  lcd.o(.text.LCD_DrawChar)
    LCD_Init                                 0x08004425   Thumb Code    52  lcd.o(.text.LCD_Init)
    LCD_ReadReg                              0x08004459   Thumb Code   136  lcd.o(.text.LCD_ReadReg)
    LCD_SetBackColor                         0x080044e1   Thumb Code    24  lcd.o(.text.LCD_SetBackColor)
    LCD_SetCursor                            0x080044f9   Thumb Code    22  lcd.o(.text.LCD_SetCursor)
    LCD_SetTextColor                         0x08004511   Thumb Code    24  lcd.o(.text.LCD_SetTextColor)
    LCD_WriteRAM                             0x08004529   Thumb Code    82  lcd.o(.text.LCD_WriteRAM)
    LCD_WriteRAM_Prepare                     0x0800457d   Thumb Code    84  lcd.o(.text.LCD_WriteRAM_Prepare)
    LCD_WriteReg                             0x080045d1   Thumb Code   102  lcd.o(.text.LCD_WriteReg)
    LED_Disp                                 0x08004639   Thumb Code    60  led.o(.text.LED_Disp)
    MX_ADC1_Init                             0x08004819   Thumb Code   172  adc.o(.text.MX_ADC1_Init)
    MX_ADC2_Init                             0x080048c5   Thumb Code   142  adc.o(.text.MX_ADC2_Init)
    MX_GPIO_Init                             0x08004955   Thumb Code   316  gpio.o(.text.MX_GPIO_Init)
    MX_TIM16_Init                            0x08004a91   Thumb Code   196  tim.o(.text.MX_TIM16_Init)
    MX_TIM17_Init                            0x08004b55   Thumb Code   196  tim.o(.text.MX_TIM17_Init)
    MX_TIM2_Init                             0x08004c19   Thumb Code   156  tim.o(.text.MX_TIM2_Init)
    MX_TIM3_Init                             0x08004cb5   Thumb Code   160  tim.o(.text.MX_TIM3_Init)
    MX_TIM4_Init                             0x08004d55   Thumb Code   126  tim.o(.text.MX_TIM4_Init)
    MX_USART1_UART_Init                      0x08004dd5   Thumb Code   126  usart.o(.text.MX_USART1_UART_Init)
    MemManage_Handler                        0x08004e55   Thumb Code     2  stm32g4xx_it.o(.text.MemManage_Handler)
    NMI_Handler                              0x08004e59   Thumb Code     2  stm32g4xx_it.o(.text.NMI_Handler)
    PendSV_Handler                           0x08004e89   Thumb Code     2  stm32g4xx_it.o(.text.PendSV_Handler)
    REG_8230_Init                            0x08004ed5   Thumb Code   280  lcd.o(.text.REG_8230_Init)
    REG_932X_Init                            0x08004fed   Thumb Code   512  lcd.o(.text.REG_932X_Init)
    SCL_Output                               0x080051ed   Thumb Code    24  i2c_hal.o(.text.SCL_Output)
    SDA_Input                                0x08005205   Thumb Code    26  i2c_hal.o(.text.SDA_Input)
    SDA_Input_Mode                           0x08005221   Thumb Code    40  i2c_hal.o(.text.SDA_Input_Mode)
    SDA_Output                               0x08005249   Thumb Code    24  i2c_hal.o(.text.SDA_Output)
    SDA_Output_Mode                          0x08005261   Thumb Code    40  i2c_hal.o(.text.SDA_Output_Mode)
    SVC_Handler                              0x08005289   Thumb Code     2  stm32g4xx_it.o(.text.SVC_Handler)
    SysTick_Handler                          0x080052bd   Thumb Code     8  stm32g4xx_it.o(.text.SysTick_Handler)
    SystemClock_Config                       0x080052c5   Thumb Code   108  main.o(.text.SystemClock_Config)
    SystemInit                               0x08005331   Thumb Code    18  system_stm32g4xx.o(.text.SystemInit)
    TIM2_IRQHandler                          0x08005345   Thumb Code    16  stm32g4xx_it.o(.text.TIM2_IRQHandler)
    TIM3_IRQHandler                          0x08005355   Thumb Code    16  stm32g4xx_it.o(.text.TIM3_IRQHandler)
    TIM4_IRQHandler                          0x08005365   Thumb Code    16  stm32g4xx_it.o(.text.TIM4_IRQHandler)
    TIM_Base_SetConfig                       0x08005375   Thumb Code   254  stm32g4xx_hal_tim.o(.text.TIM_Base_SetConfig)
    TIM_CCxChannelCmd                        0x08005475   Thumb Code    36  stm32g4xx_hal_tim.o(.text.TIM_CCxChannelCmd)
    TIM_ETR_SetConfig                        0x08005499   Thumb Code    22  stm32g4xx_hal_tim.o(.text.TIM_ETR_SetConfig)
    TIM_OC2_SetConfig                        0x08005549   Thumb Code   144  stm32g4xx_hal_tim.o(.text.TIM_OC2_SetConfig)
    TIM_TI1_SetConfig                        0x080057dd   Thumb Code   134  stm32g4xx_hal_tim.o(.text.TIM_TI1_SetConfig)
    UART_AdvFeatureConfig                    0x08005989   Thumb Code   230  stm32g4xx_hal_uart.o(.text.UART_AdvFeatureConfig)
    UART_CheckIdleState                      0x08005a71   Thumb Code   110  stm32g4xx_hal_uart.o(.text.UART_CheckIdleState)
    UART_SetConfig                           0x08006009   Thumb Code   676  stm32g4xx_hal_uart.o(.text.UART_SetConfig)
    UART_Start_Receive_IT                    0x080062cd   Thumb Code   296  stm32g4xx_hal_uart.o(.text.UART_Start_Receive_IT)
    UART_WaitOnFlagUntilTimeout              0x080063f5   Thumb Code   236  stm32g4xx_hal_uart.o(.text.UART_WaitOnFlagUntilTimeout)
    USART1_IRQHandler                        0x080064e1   Thumb Code    16  stm32g4xx_it.o(.text.USART1_IRQHandler)
    UsageFault_Handler                       0x080064f1   Thumb Code     2  stm32g4xx_it.o(.text.UsageFault_Handler)
    disp_proc                                0x08006569   Thumb Code   512  main.o(.text.disp_proc)
    eeprom_read                              0x08006801   Thumb Code    64  i2c_hal.o(.text.eeprom_read)
    eeprom_write                             0x08006841   Thumb Code    46  i2c_hal.o(.text.eeprom_write)
    getADC                                   0x08006871   Thumb Code    64  badc.o(.text.getADC)
    key_proc                                 0x080068b1   Thumb Code   194  main.o(.text.key_proc)
    main                                     0x08006975   Thumb Code   204  main.o(.text.main)
    uart_rx_porc                             0x08006a41   Thumb Code   136  main.o(.text.uart_rx_porc)
    _btod_d2e                                0x08006ad9   Thumb Code    62  btod.o(CL$$btod_d2e)
    _d2e_denorm_low                          0x08006b17   Thumb Code    70  btod.o(CL$$btod_d2e_denorm_low)
    _d2e_norm_op1                            0x08006b5d   Thumb Code    96  btod.o(CL$$btod_d2e_norm_op1)
    __btod_div_common                        0x08006bbd   Thumb Code   696  btod.o(CL$$btod_div_common)
    _e2e                                     0x08006ef5   Thumb Code   220  btod.o(CL$$btod_e2e)
    _btod_ediv                               0x08006fd1   Thumb Code    42  btod.o(CL$$btod_ediv)
    _btod_emul                               0x08006ffb   Thumb Code    42  btod.o(CL$$btod_emul)
    __btod_mult_common                       0x08007025   Thumb Code   580  btod.o(CL$$btod_mult_common)
    __ARM_fpclassify                         0x08007269   Thumb Code    48  fpclassify.o(i.__ARM_fpclassify)
    _is_digit                                0x08007299   Thumb Code    14  __printf_wp.o(i._is_digit)
    _get_lc_numeric                          0x080072a9   Thumb Code    44  lc_numeric_c.o(locale$$code)
    _get_lc_ctype                            0x080072d5   Thumb Code    44  lc_ctype_c.o(locale$$code)
    __aeabi_d2f                              0x08007301   Thumb Code     0  d2f.o(x$fpl$d2f)
    _d2f                                     0x08007301   Thumb Code    98  d2f.o(x$fpl$d2f)
    __aeabi_ddiv                             0x08007365   Thumb Code     0  ddiv.o(x$fpl$ddiv)
    _ddiv                                    0x08007365   Thumb Code   556  ddiv.o(x$fpl$ddiv)
    __aeabi_d2uiz                            0x08007619   Thumb Code     0  dfixu.o(x$fpl$dfixu)
    _dfixu                                   0x08007619   Thumb Code    90  dfixu.o(x$fpl$dfixu)
    __aeabi_ui2d                             0x08007673   Thumb Code     0  dflt_clz.o(x$fpl$dfltu)
    _dfltu                                   0x08007673   Thumb Code    38  dflt_clz.o(x$fpl$dfltu)
    __aeabi_dmul                             0x08007699   Thumb Code     0  dmul.o(x$fpl$dmul)
    _dmul                                    0x08007699   Thumb Code   332  dmul.o(x$fpl$dmul)
    __fpl_dnaninf                            0x080077ed   Thumb Code   156  dnaninf.o(x$fpl$dnaninf)
    __fpl_dretinf                            0x08007889   Thumb Code    12  dretinf.o(x$fpl$dretinf)
    __aeabi_f2d                              0x08007895   Thumb Code     0  f2d.o(x$fpl$f2d)
    _f2d                                     0x08007895   Thumb Code    86  f2d.o(x$fpl$f2d)
    __fpl_fnaninf                            0x080078eb   Thumb Code   140  fnaninf.o(x$fpl$fnaninf)
    _fp_init                                 0x08007977   Thumb Code    26  fpinit.o(x$fpl$fpinit)
    __fplib_config_fpu_vfp                   0x0800798f   Thumb Code     0  fpinit.o(x$fpl$fpinit)
    __fplib_config_pureend_doubles           0x0800798f   Thumb Code     0  fpinit.o(x$fpl$fpinit)
    __fpl_fretinf                            0x08007991   Thumb Code    10  fretinf.o(x$fpl$fretinf)
    _printf_fp_dec                           0x0800799b   Thumb Code     4  printf1.o(x$fpl$printf1)
    __I$use$fp                               0x0800799e   Number         0  usenofp.o(x$fpl$usenofp)
    AHBPrescTable                            0x08007a34   Data          16  system_stm32g4xx.o(.rodata.AHBPrescTable)
    APBPrescTable                            0x08007a44   Data           8  system_stm32g4xx.o(.rodata.APBPrescTable)
    ASCII_Table                              0x08007a4c   Data        4560  lcd.o(.rodata.ASCII_Table)
    UARTPrescTable                           0x08008c1c   Data          24  stm32g4xx_hal_uart.o(.rodata.UARTPrescTable)
    Region$$Table$$Base                      0x08008cd8   Number         0  anon$$obj.o(Region$$Table)
    Region$$Table$$Limit                     0x08008cf8   Number         0  anon$$obj.o(Region$$Table)
    __ctype                                  0x08008d21   Data           0  lc_ctype_c.o(locale$$data)
    SystemCoreClock                          0x20000004   Data           4  system_stm32g4xx.o(.data.SystemCoreClock)
    pa6_duty                                 0x20000008   Data           1  main.o(.data.pa6_duty)
    pa7_duty                                 0x20000009   Data           1  main.o(.data.pa7_duty)
    uwTickFreq                               0x2000000c   Data           4  stm32g4xx_hal.o(.data.uwTickFreq)
    uwTickPrio                               0x20000010   Data           4  stm32g4xx_hal.o(.data.uwTickPrio)
    __libspace_start                         0x20000018   Data          96  libspace.o(.bss)
    __temporary_stack_top$libspace           0x20000078   Data           0  libspace.o(.bss)
    car_data                                 0x2000007e   Data           5  main.o(.bss.car_data)
    car_time                                 0x20000083   Data          13  main.o(.bss.car_time)
    car_type                                 0x20000090   Data           5  main.o(.bss.car_type)
    ccrl_val1a                               0x20000098   Data           8  interrupt.o(.bss.ccrl_val1a)
    ccrl_val1b                               0x200000a0   Data           4  interrupt.o(.bss.ccrl_val1b)
    ccrl_val2a                               0x200000a8   Data           8  interrupt.o(.bss.ccrl_val2a)
    ccrl_val2b                               0x200000b0   Data           4  interrupt.o(.bss.ccrl_val2b)
    dummy                                    0x200000b4   Data           2  lcd.o(.bss.dummy)
    duty1                                    0x200000b8   Data           4  interrupt.o(.bss.duty1)
    duty2                                    0x200000bc   Data           4  interrupt.o(.bss.duty2)
    frq1                                     0x200000c0   Data           4  interrupt.o(.bss.frq1)
    frq2                                     0x200000c4   Data           4  interrupt.o(.bss.frq2)
    hadc1                                    0x200000c8   Data         108  adc.o(.bss.hadc1)
    hadc2                                    0x20000134   Data         108  adc.o(.bss.hadc2)
    htim16                                   0x200001a0   Data          76  tim.o(.bss.htim16)
    htim17                                   0x200001ec   Data          76  tim.o(.bss.htim17)
    htim2                                    0x20000238   Data          76  tim.o(.bss.htim2)
    htim3                                    0x20000284   Data          76  tim.o(.bss.htim3)
    htim4                                    0x200002d0   Data          76  tim.o(.bss.htim4)
    huart1                                   0x2000031c   Data         144  usart.o(.bss.huart1)
    key                                      0x200003ac   Data          32  interrupt.o(.bss.key)
    rx_pointer                               0x200003cc   Data           1  interrupt.o(.bss.rx_pointer)
    rxdat                                    0x200003cd   Data           1  interrupt.o(.bss.rxdat)
    rxdata                                   0x200003ce   Data          30  interrupt.o(.bss.rxdata)
    uwTick                                   0x200003ec   Data           4  stm32g4xx_hal.o(.bss.uwTick)
    view                                     0x200003f0   Data           1  main.o(.bss.view)



==============================================================================

Memory Map of the image

  Image Entry point : 0x080001d9

  Load Region LR_IROM1 (Base: 0x08000000, Size: 0x00008e40, Max: 0x00020000, ABSOLUTE)

    Execution Region ER_IROM1 (Exec base: 0x08000000, Load base: 0x08000000, Size: 0x00008e24, Max: 0x00020000, ABSOLUTE)

    Exec Addr    Load Addr    Size         Type   Attr      Idx    E Section Name        Object

    0x08000000   0x08000000   0x000001d8   Data   RO            3    RESET               startup_stm32g431xx.o
    0x080001d8   0x080001d8   0x00000008   Code   RO         1793  * !!!main             c_w.l(__main.o)
    0x080001e0   0x080001e0   0x00000034   Code   RO         2074    !!!scatter          c_w.l(__scatter.o)
    0x08000214   0x08000214   0x0000001a   Code   RO         2076    !!handler_copy      c_w.l(__scatter_copy.o)
    0x0800022e   0x0800022e   0x00000002   PAD
    0x08000230   0x08000230   0x0000001c   Code   RO         2078    !!handler_zi        c_w.l(__scatter_zi.o)
    0x0800024c   0x0800024c   0x00000000   Code   RO         1782    .ARM.Collect$$_printf_percent$$00000000  c_w.l(_printf_percent.o)
    0x0800024c   0x0800024c   0x00000006   Code   RO         1781    .ARM.Collect$$_printf_percent$$00000003  c_w.l(_printf_f.o)
    0x08000252   0x08000252   0x00000006   Code   RO         1780    .ARM.Collect$$_printf_percent$$00000009  c_w.l(_printf_d.o)
    0x08000258   0x08000258   0x00000006   Code   RO         1779    .ARM.Collect$$_printf_percent$$00000014  c_w.l(_printf_s.o)
    0x0800025e   0x0800025e   0x00000004   Code   RO         1834    .ARM.Collect$$_printf_percent$$00000017  c_w.l(_printf_percent_end.o)
    0x08000262   0x08000262   0x00000002   Code   RO         1936    .ARM.Collect$$libinit$$00000000  c_w.l(libinit.o)
    0x08000264   0x08000264   0x00000004   Code   RO         1937    .ARM.Collect$$libinit$$00000001  c_w.l(libinit2.o)
    0x08000268   0x08000268   0x00000000   Code   RO         1940    .ARM.Collect$$libinit$$00000004  c_w.l(libinit2.o)
    0x08000268   0x08000268   0x00000000   Code   RO         1943    .ARM.Collect$$libinit$$0000000A  c_w.l(libinit2.o)
    0x08000268   0x08000268   0x00000000   Code   RO         1945    .ARM.Collect$$libinit$$0000000C  c_w.l(libinit2.o)
    0x08000268   0x08000268   0x00000000   Code   RO         1947    .ARM.Collect$$libinit$$0000000E  c_w.l(libinit2.o)
    0x08000268   0x08000268   0x00000006   Code   RO         1948    .ARM.Collect$$libinit$$0000000F  c_w.l(libinit2.o)
    0x0800026e   0x0800026e   0x00000000   Code   RO         1950    .ARM.Collect$$libinit$$00000011  c_w.l(libinit2.o)
    0x0800026e   0x0800026e   0x0000000c   Code   RO         1951    .ARM.Collect$$libinit$$00000012  c_w.l(libinit2.o)
    0x0800027a   0x0800027a   0x00000000   Code   RO         1952    .ARM.Collect$$libinit$$00000013  c_w.l(libinit2.o)
    0x0800027a   0x0800027a   0x00000000   Code   RO         1954    .ARM.Collect$$libinit$$00000015  c_w.l(libinit2.o)
    0x0800027a   0x0800027a   0x0000000a   Code   RO         1955    .ARM.Collect$$libinit$$00000016  c_w.l(libinit2.o)
    0x08000284   0x08000284   0x00000000   Code   RO         1956    .ARM.Collect$$libinit$$00000017  c_w.l(libinit2.o)
    0x08000284   0x08000284   0x00000000   Code   RO         1958    .ARM.Collect$$libinit$$00000019  c_w.l(libinit2.o)
    0x08000284   0x08000284   0x00000000   Code   RO         1960    .ARM.Collect$$libinit$$0000001B  c_w.l(libinit2.o)
    0x08000284   0x08000284   0x00000000   Code   RO         1962    .ARM.Collect$$libinit$$0000001D  c_w.l(libinit2.o)
    0x08000284   0x08000284   0x00000000   Code   RO         1964    .ARM.Collect$$libinit$$0000001F  c_w.l(libinit2.o)
    0x08000284   0x08000284   0x00000000   Code   RO         1966    .ARM.Collect$$libinit$$00000021  c_w.l(libinit2.o)
    0x08000284   0x08000284   0x00000000   Code   RO         1968    .ARM.Collect$$libinit$$00000023  c_w.l(libinit2.o)
    0x08000284   0x08000284   0x00000000   Code   RO         1970    .ARM.Collect$$libinit$$00000025  c_w.l(libinit2.o)
    0x08000284   0x08000284   0x00000000   Code   RO         1974    .ARM.Collect$$libinit$$0000002C  c_w.l(libinit2.o)
    0x08000284   0x08000284   0x00000000   Code   RO         1976    .ARM.Collect$$libinit$$0000002E  c_w.l(libinit2.o)
    0x08000284   0x08000284   0x00000000   Code   RO         1978    .ARM.Collect$$libinit$$00000030  c_w.l(libinit2.o)
    0x08000284   0x08000284   0x00000000   Code   RO         1980    .ARM.Collect$$libinit$$00000032  c_w.l(libinit2.o)
    0x08000284   0x08000284   0x00000002   Code   RO         1981    .ARM.Collect$$libinit$$00000033  c_w.l(libinit2.o)
    0x08000286   0x08000286   0x00000002   Code   RO         2039    .ARM.Collect$$libshutdown$$00000000  c_w.l(libshutdown.o)
    0x08000288   0x08000288   0x00000000   Code   RO         2057    .ARM.Collect$$libshutdown$$00000002  c_w.l(libshutdown2.o)
    0x08000288   0x08000288   0x00000000   Code   RO         2059    .ARM.Collect$$libshutdown$$00000004  c_w.l(libshutdown2.o)
    0x08000288   0x08000288   0x00000000   Code   RO         2062    .ARM.Collect$$libshutdown$$00000007  c_w.l(libshutdown2.o)
    0x08000288   0x08000288   0x00000000   Code   RO         2065    .ARM.Collect$$libshutdown$$0000000A  c_w.l(libshutdown2.o)
    0x08000288   0x08000288   0x00000000   Code   RO         2067    .ARM.Collect$$libshutdown$$0000000C  c_w.l(libshutdown2.o)
    0x08000288   0x08000288   0x00000000   Code   RO         2070    .ARM.Collect$$libshutdown$$0000000F  c_w.l(libshutdown2.o)
    0x08000288   0x08000288   0x00000002   Code   RO         2071    .ARM.Collect$$libshutdown$$00000010  c_w.l(libshutdown2.o)
    0x0800028a   0x0800028a   0x00000000   Code   RO         1817    .ARM.Collect$$rtentry$$00000000  c_w.l(__rtentry.o)
    0x0800028a   0x0800028a   0x00000000   Code   RO         1849    .ARM.Collect$$rtentry$$00000002  c_w.l(__rtentry2.o)
    0x0800028a   0x0800028a   0x00000006   Code   RO         1861    .ARM.Collect$$rtentry$$00000004  c_w.l(__rtentry4.o)
    0x08000290   0x08000290   0x00000000   Code   RO         1851    .ARM.Collect$$rtentry$$00000009  c_w.l(__rtentry2.o)
    0x08000290   0x08000290   0x00000004   Code   RO         1852    .ARM.Collect$$rtentry$$0000000A  c_w.l(__rtentry2.o)
    0x08000294   0x08000294   0x00000000   Code   RO         1854    .ARM.Collect$$rtentry$$0000000C  c_w.l(__rtentry2.o)
    0x08000294   0x08000294   0x00000008   Code   RO         1855    .ARM.Collect$$rtentry$$0000000D  c_w.l(__rtentry2.o)
    0x0800029c   0x0800029c   0x00000002   Code   RO         1982    .ARM.Collect$$rtexit$$00000000  c_w.l(rtexit.o)
    0x0800029e   0x0800029e   0x00000000   Code   RO         2004    .ARM.Collect$$rtexit$$00000002  c_w.l(rtexit2.o)
    0x0800029e   0x0800029e   0x00000004   Code   RO         2005    .ARM.Collect$$rtexit$$00000003  c_w.l(rtexit2.o)
    0x080002a2   0x080002a2   0x00000006   Code   RO         2006    .ARM.Collect$$rtexit$$00000004  c_w.l(rtexit2.o)
    0x080002a8   0x080002a8   0x00000040   Code   RO            4    .text               startup_stm32g431xx.o
    0x080002e8   0x080002e8   0x000000f0   Code   RO         1747    .text               c_w.l(lludivv7m.o)
    0x080003d8   0x080003d8   0x00000028   Code   RO         1751    .text               c_w.l(noretval__2sprintf.o)
    0x08000400   0x08000400   0x00000052   Code   RO         1755    .text               c_w.l(_printf_str.o)
    0x08000452   0x08000452   0x00000002   PAD
    0x08000454   0x08000454   0x00000078   Code   RO         1757    .text               c_w.l(_printf_dec.o)
    0x080004cc   0x080004cc   0x0000010e   Code   RO         1767    .text               c_w.l(__printf_wp.o)
    0x080005da   0x080005da   0x00000002   PAD
    0x080005dc   0x080005dc   0x0000003c   Code   RO         1783    .text               c_w.l(__0sscanf.o)
    0x08000618   0x08000618   0x000000e0   Code   RO         1785    .text               c_w.l(_scanf_str.o)
    0x080006f8   0x080006f8   0x0000003e   Code   RO         1787    .text               c_w.l(strlen.o)
    0x08000736   0x08000736   0x0000004e   Code   RO         1789    .text               c_w.l(rt_memclr_w.o)
    0x08000784   0x08000784   0x00000006   Code   RO         1791    .text               c_w.l(heapauxi.o)
    0x0800078a   0x0800078a   0x000000b2   Code   RO         1822    .text               c_w.l(_printf_intcommon.o)
    0x0800083c   0x0800083c   0x0000041c   Code   RO         1824    .text               c_w.l(_printf_fp_dec.o)
    0x08000c58   0x08000c58   0x00000030   Code   RO         1828    .text               c_w.l(_printf_char_common.o)
    0x08000c88   0x08000c88   0x0000000a   Code   RO         1830    .text               c_w.l(_sputc.o)
    0x08000c92   0x08000c92   0x0000002c   Code   RO         1832    .text               c_w.l(_printf_char.o)
    0x08000cbe   0x08000cbe   0x00000002   PAD
    0x08000cc0   0x08000cc0   0x0000002c   Code   RO         1835    .text               c_w.l(scanf_char.o)
    0x08000cec   0x08000cec   0x00000040   Code   RO         1837    .text               c_w.l(_sgetc.o)
    0x08000d2c   0x08000d2c   0x00000008   Code   RO         1868    .text               c_w.l(rt_locale_intlibspace.o)
    0x08000d34   0x08000d34   0x0000008a   Code   RO         1870    .text               c_w.l(lludiv10.o)
    0x08000dbe   0x08000dbe   0x00000012   Code   RO         1872    .text               c_w.l(isspace.o)
    0x08000dd0   0x08000dd0   0x00000080   Code   RO         1874    .text               c_w.l(_printf_fp_infnan.o)
    0x08000e50   0x08000e50   0x00000374   Code   RO         1878    .text               c_w.l(_scanf.o)
    0x080011c4   0x080011c4   0x000000e4   Code   RO         1880    .text               c_w.l(bigflt0.o)
    0x080012a8   0x080012a8   0x00000008   Code   RO         1914    .text               c_w.l(libspace.o)
    0x080012b0   0x080012b0   0x0000004a   Code   RO         1917    .text               c_w.l(sys_stackheap_outer.o)
    0x080012fa   0x080012fa   0x00000002   PAD
    0x080012fc   0x080012fc   0x00000010   Code   RO         1919    .text               c_w.l(rt_ctype_table.o)
    0x0800130c   0x0800130c   0x00000012   Code   RO         1923    .text               c_w.l(exit.o)
    0x0800131e   0x0800131e   0x00000002   PAD
    0x08001320   0x08001320   0x0000007c   Code   RO         1929    .text               c_w.l(strcmpv7em.o)
    0x0800139c   0x0800139c   0x0000000c   Code   RO         1999    .text               c_w.l(sys_exit.o)
    0x080013a8   0x080013a8   0x00000002   Code   RO         2026    .text               c_w.l(use_no_semi.o)
    0x080013aa   0x080013aa   0x00000000   Code   RO         2028    .text               c_w.l(indicate_semi.o)
    0x080013aa   0x080013aa   0x00000002   PAD
    0x080013ac   0x080013ac   0x00000076   Code   RO          189    .text.ADC_Enable    stm32g4xx_hal_adc.o
    0x08001422   0x08001422   0x00000002   PAD
    0x08001424   0x08001424   0x00000002   Code   RO          122    .text.BusFault_Handler  stm32g4xx_it.o
    0x08001426   0x08001426   0x00000002   PAD
    0x08001428   0x08001428   0x00000002   Code   RO          128    .text.DebugMon_Handler  stm32g4xx_it.o
    0x0800142a   0x0800142a   0x00000002   PAD
    0x0800142c   0x0800142c   0x0000000a   Code   RO           19    .text.Error_Handler  main.o
    0x08001436   0x08001436   0x00000002   PAD
    0x08001438   0x08001438   0x000000dc   Code   RO          395    .text.HAL_ADCEx_MultiModeConfigChannel  stm32g4xx_hal_adc_ex.o
    0x08001514   0x08001514   0x00000352   Code   RO          235    .text.HAL_ADC_ConfigChannel  stm32g4xx_hal_adc.o
    0x08001866   0x08001866   0x00000002   PAD
    0x08001868   0x08001868   0x00000006   Code   RO          217    .text.HAL_ADC_GetValue  stm32g4xx_hal_adc.o
    0x0800186e   0x0800186e   0x00000002   PAD
    0x08001870   0x08001870   0x000001de   Code   RO          157    .text.HAL_ADC_Init  stm32g4xx_hal_adc.o
    0x08001a4e   0x08001a4e   0x00000002   PAD
    0x08001a50   0x08001a50   0x00000100   Code   RO           53    .text.HAL_ADC_MspInit  adc.o
    0x08001b50   0x08001b50   0x000000d0   Code   RO          185    .text.HAL_ADC_Start  stm32g4xx_hal_adc.o
    0x08001c20   0x08001c20   0x0000006e   Code   RO          751    .text.HAL_DMA_Abort  stm32g4xx_hal_dma.o
    0x08001c8e   0x08001c8e   0x00000002   PAD
    0x08001c90   0x08001c90   0x0000007a   Code   RO          753    .text.HAL_DMA_Abort_IT  stm32g4xx_hal_dma.o
    0x08001d0a   0x08001d0a   0x00000002   PAD
    0x08001d0c   0x08001d0c   0x00000028   Code   RO          440    .text.HAL_Delay     stm32g4xx_hal.o
    0x08001d34   0x08001d34   0x0000019e   Code   RO          687    .text.HAL_GPIO_Init  stm32g4xx_hal_gpio.o
    0x08001ed2   0x08001ed2   0x00000002   PAD
    0x08001ed4   0x08001ed4   0x0000000a   Code   RO          691    .text.HAL_GPIO_ReadPin  stm32g4xx_hal_gpio.o
    0x08001ede   0x08001ede   0x00000002   PAD
    0x08001ee0   0x08001ee0   0x0000000c   Code   RO          693    .text.HAL_GPIO_WritePin  stm32g4xx_hal_gpio.o
    0x08001eec   0x08001eec   0x0000000c   Code   RO          432    .text.HAL_GetTick   stm32g4xx_hal.o
    0x08001ef8   0x08001ef8   0x0000001a   Code   RO          430    .text.HAL_IncTick   stm32g4xx_hal.o
    0x08001f12   0x08001f12   0x00000002   PAD
    0x08001f14   0x08001f14   0x0000001e   Code   RO          420    .text.HAL_Init      stm32g4xx_hal.o
    0x08001f32   0x08001f32   0x00000002   PAD
    0x08001f34   0x08001f34   0x00000056   Code   RO          422    .text.HAL_InitTick  stm32g4xx_hal.o
    0x08001f8a   0x08001f8a   0x00000002   PAD
    0x08001f8c   0x08001f8c   0x00000038   Code   RO          149    .text.HAL_MspInit   stm32g4xx_hal_msp.o
    0x08001fc4   0x08001fc4   0x00000008   Code   RO          927    .text.HAL_NVIC_EnableIRQ  stm32g4xx_hal_cortex.o
    0x08001fcc   0x08001fcc   0x0000001e   Code   RO          919    .text.HAL_NVIC_SetPriority  stm32g4xx_hal_cortex.o
    0x08001fea   0x08001fea   0x00000002   PAD
    0x08001fec   0x08001fec   0x00000008   Code   RO          915    .text.HAL_NVIC_SetPriorityGrouping  stm32g4xx_hal_cortex.o
    0x08001ff4   0x08001ff4   0x000000ee   Code   RO          835    .text.HAL_PWREx_ControlVoltageScaling  stm32g4xx_hal_pwr_ex.o
    0x080020e2   0x080020e2   0x00000002   PAD
    0x080020e4   0x080020e4   0x00000012   Code   RO          905    .text.HAL_PWREx_DisableUCPDDeadBattery  stm32g4xx_hal_pwr_ex.o
    0x080020f6   0x080020f6   0x00000002   PAD
    0x080020f8   0x080020f8   0x00000292   Code   RO          541    .text.HAL_RCCEx_PeriphCLKConfig  stm32g4xx_hal_rcc_ex.o
    0x0800238a   0x0800238a   0x00000002   PAD
    0x0800238c   0x0800238c   0x00000206   Code   RO          505    .text.HAL_RCC_ClockConfig  stm32g4xx_hal_rcc.o
    0x08002592   0x08002592   0x00000002   PAD
    0x08002594   0x08002594   0x0000000c   Code   RO          513    .text.HAL_RCC_GetHCLKFreq  stm32g4xx_hal_rcc.o
    0x080025a0   0x080025a0   0x00000026   Code   RO          515    .text.HAL_RCC_GetPCLK1Freq  stm32g4xx_hal_rcc.o
    0x080025c6   0x080025c6   0x00000002   PAD
    0x080025c8   0x080025c8   0x00000026   Code   RO          517    .text.HAL_RCC_GetPCLK2Freq  stm32g4xx_hal_rcc.o
    0x080025ee   0x080025ee   0x00000002   PAD
    0x080025f0   0x080025f0   0x0000007a   Code   RO          509    .text.HAL_RCC_GetSysClockFreq  stm32g4xx_hal_rcc.o
    0x0800266a   0x0800266a   0x00000002   PAD
    0x0800266c   0x0800266c   0x0000047c   Code   RO          503    .text.HAL_RCC_OscConfig  stm32g4xx_hal_rcc.o
    0x08002ae8   0x08002ae8   0x00000008   Code   RO          939    .text.HAL_SYSTICK_Config  stm32g4xx_hal_cortex.o
    0x08002af0   0x08002af0   0x00000002   Code   RO         1361    .text.HAL_TIMEx_Break2Callback  stm32g4xx_hal_tim_ex.o
    0x08002af2   0x08002af2   0x00000002   PAD
    0x08002af4   0x08002af4   0x00000002   Code   RO         1359    .text.HAL_TIMEx_BreakCallback  stm32g4xx_hal_tim_ex.o
    0x08002af6   0x08002af6   0x00000002   PAD
    0x08002af8   0x08002af8   0x00000002   Code   RO         1355    .text.HAL_TIMEx_CommutCallback  stm32g4xx_hal_tim_ex.o
    0x08002afa   0x08002afa   0x00000002   PAD
    0x08002afc   0x08002afc   0x000000c6   Code   RO         1307    .text.HAL_TIMEx_ConfigBreakDeadTime  stm32g4xx_hal_tim_ex.o
    0x08002bc2   0x08002bc2   0x00000002   PAD
    0x08002bc4   0x08002bc4   0x00000002   Code   RO         1365    .text.HAL_TIMEx_DirectionChangeCallback  stm32g4xx_hal_tim_ex.o
    0x08002bc6   0x08002bc6   0x00000002   PAD
    0x08002bc8   0x08002bc8   0x00000002   Code   RO         1363    .text.HAL_TIMEx_EncoderIndexCallback  stm32g4xx_hal_tim_ex.o
    0x08002bca   0x08002bca   0x00000002   PAD
    0x08002bcc   0x08002bcc   0x00000002   Code   RO         1367    .text.HAL_TIMEx_IndexErrorCallback  stm32g4xx_hal_tim_ex.o
    0x08002bce   0x08002bce   0x00000002   PAD
    0x08002bd0   0x08002bd0   0x000000a8   Code   RO         1305    .text.HAL_TIMEx_MasterConfigSynchronization  stm32g4xx_hal_tim_ex.o
    0x08002c78   0x08002c78   0x00000002   Code   RO         1369    .text.HAL_TIMEx_TransitionErrorCallback  stm32g4xx_hal_tim_ex.o
    0x08002c7a   0x08002c7a   0x00000002   PAD
    0x08002c7c   0x08002c7c   0x00000062   Code   RO          987    .text.HAL_TIM_Base_Init  stm32g4xx_hal_tim.o
    0x08002cde   0x08002cde   0x00000002   PAD
    0x08002ce0   0x08002ce0   0x0000009a   Code   RO           82    .text.HAL_TIM_Base_MspInit  tim.o
    0x08002d7a   0x08002d7a   0x00000002   PAD
    0x08002d7c   0x08002d7c   0x0000009e   Code   RO         1001    .text.HAL_TIM_Base_Start_IT  stm32g4xx_hal_tim.o
    0x08002e1a   0x08002e1a   0x00000002   PAD
    0x08002e1c   0x08002e1c   0x00000114   Code   RO         1183    .text.HAL_TIM_ConfigClockSource  stm32g4xx_hal_tim.o
    0x08002f30   0x08002f30   0x00000160   Code   RO         1592    .text.HAL_TIM_IC_CaptureCallback  interrupt.o
    0x08003090   0x08003090   0x00000098   Code   RO         1147    .text.HAL_TIM_IC_ConfigChannel  stm32g4xx_hal_tim.o
    0x08003128   0x08003128   0x00000062   Code   RO         1061    .text.HAL_TIM_IC_Init  stm32g4xx_hal_tim.o
    0x0800318a   0x0800318a   0x00000002   PAD
    0x0800318c   0x0800318c   0x000000c4   Code   RO           80    .text.HAL_TIM_IC_MspInit  tim.o
    0x08003250   0x08003250   0x0000014e   Code   RO         1069    .text.HAL_TIM_IC_Start  stm32g4xx_hal_tim.o
    0x0800339e   0x0800339e   0x00000002   PAD
    0x080033a0   0x080033a0   0x00000180   Code   RO         1073    .text.HAL_TIM_IC_Start_IT  stm32g4xx_hal_tim.o
    0x08003520   0x08003520   0x00000200   Code   RO         1121    .text.HAL_TIM_IRQHandler  stm32g4xx_hal_tim.o
    0x08003720   0x08003720   0x00000084   Code   RO           76    .text.HAL_TIM_MspPostInit  tim.o
    0x080037a4   0x080037a4   0x00000002   Code   RO         1125    .text.HAL_TIM_OC_DelayElapsedCallback  stm32g4xx_hal_tim.o
    0x080037a6   0x080037a6   0x00000002   PAD
    0x080037a8   0x080037a8   0x000000ba   Code   RO         1157    .text.HAL_TIM_PWM_ConfigChannel  stm32g4xx_hal_tim.o
    0x08003862   0x08003862   0x00000002   PAD
    0x08003864   0x08003864   0x00000062   Code   RO         1041    .text.HAL_TIM_PWM_Init  stm32g4xx_hal_tim.o
    0x080038c6   0x080038c6   0x00000002   PAD
    0x080038c8   0x080038c8   0x00000002   Code   RO         1043    .text.HAL_TIM_PWM_MspInit  stm32g4xx_hal_tim.o
    0x080038ca   0x080038ca   0x00000002   PAD
    0x080038cc   0x080038cc   0x00000002   Code   RO         1127    .text.HAL_TIM_PWM_PulseFinishedCallback  stm32g4xx_hal_tim.o
    0x080038ce   0x080038ce   0x00000002   PAD
    0x080038d0   0x080038d0   0x00000164   Code   RO         1049    .text.HAL_TIM_PWM_Start  stm32g4xx_hal_tim.o
    0x08003a34   0x08003a34   0x000000be   Code   RO         1590    .text.HAL_TIM_PeriodElapsedCallback  interrupt.o
    0x08003af2   0x08003af2   0x00000002   PAD
    0x08003af4   0x08003af4   0x00000034   Code   RO         1199    .text.HAL_TIM_ReadCapturedValue  stm32g4xx_hal_tim.o
    0x08003b28   0x08003b28   0x00000002   Code   RO         1131    .text.HAL_TIM_TriggerCallback  stm32g4xx_hal_tim.o
    0x08003b2a   0x08003b2a   0x00000002   PAD
    0x08003b2c   0x08003b2c   0x00000036   Code   RO         1554    .text.HAL_UARTEx_DisableFifoMode  stm32g4xx_hal_uart_ex.o
    0x08003b62   0x08003b62   0x00000002   PAD
    0x08003b64   0x08003b64   0x00000002   Code   RO         1477    .text.HAL_UARTEx_RxEventCallback  stm32g4xx_hal_uart.o
    0x08003b66   0x08003b66   0x00000002   PAD
    0x08003b68   0x08003b68   0x00000002   Code   RO         1536    .text.HAL_UARTEx_RxFifoFullCallback  stm32g4xx_hal_uart_ex.o
    0x08003b6a   0x08003b6a   0x00000002   PAD
    0x08003b6c   0x08003b6c   0x0000004a   Code   RO         1558    .text.HAL_UARTEx_SetRxFifoThreshold  stm32g4xx_hal_uart_ex.o
    0x08003bb6   0x08003bb6   0x00000002   PAD
    0x08003bb8   0x08003bb8   0x0000004a   Code   RO         1556    .text.HAL_UARTEx_SetTxFifoThreshold  stm32g4xx_hal_uart_ex.o
    0x08003c02   0x08003c02   0x00000002   PAD
    0x08003c04   0x08003c04   0x00000002   Code   RO         1538    .text.HAL_UARTEx_TxFifoEmptyCallback  stm32g4xx_hal_uart_ex.o
    0x08003c06   0x08003c06   0x00000002   PAD
    0x08003c08   0x08003c08   0x00000002   Code   RO         1534    .text.HAL_UARTEx_WakeupCallback  stm32g4xx_hal_uart_ex.o
    0x08003c0a   0x08003c0a   0x00000002   PAD
    0x08003c0c   0x08003c0c   0x00000002   Code   RO         1475    .text.HAL_UART_ErrorCallback  stm32g4xx_hal_uart.o
    0x08003c0e   0x08003c0e   0x00000002   PAD
    0x08003c10   0x08003c10   0x000002f8   Code   RO         1471    .text.HAL_UART_IRQHandler  stm32g4xx_hal_uart.o
    0x08003f08   0x08003f08   0x00000062   Code   RO         1383    .text.HAL_UART_Init  stm32g4xx_hal_uart.o
    0x08003f6a   0x08003f6a   0x00000002   PAD
    0x08003f6c   0x08003f6c   0x0000009e   Code   RO          103    .text.HAL_UART_MspInit  usart.o
    0x0800400a   0x0800400a   0x00000002   PAD
    0x0800400c   0x0800400c   0x0000006a   Code   RO         1419    .text.HAL_UART_Receive_IT  stm32g4xx_hal_uart.o
    0x08004076   0x08004076   0x00000002   PAD
    0x08004078   0x08004078   0x00000038   Code   RO         1594    .text.HAL_UART_RxCpltCallback  interrupt.o
    0x080040b0   0x080040b0   0x000000da   Code   RO         1403    .text.HAL_UART_Transmit  stm32g4xx_hal_uart.o
    0x0800418a   0x0800418a   0x00000002   PAD
    0x0800418c   0x0800418c   0x00000002   Code   RO         1481    .text.HAL_UART_TxCpltCallback  stm32g4xx_hal_uart.o
    0x0800418e   0x0800418e   0x00000002   PAD
    0x08004190   0x08004190   0x00000002   Code   RO          118    .text.HardFault_Handler  stm32g4xx_it.o
    0x08004192   0x08004192   0x00000002   PAD
    0x08004194   0x08004194   0x00000034   Code   RO         1730    .text.I2CReceiveByte  i2c_hal.o
    0x080041c8   0x080041c8   0x0000002c   Code   RO         1728    .text.I2CSendByte   i2c_hal.o
    0x080041f4   0x080041f4   0x0000001c   Code   RO         1718    .text.I2CStart      i2c_hal.o
    0x08004210   0x08004210   0x0000001c   Code   RO         1720    .text.I2CStop       i2c_hal.o
    0x0800422c   0x0800422c   0x00000038   Code   RO         1722    .text.I2CWaitAck    i2c_hal.o
    0x08004264   0x08004264   0x00000028   Code   RO         1664    .text.LCD_BusIn     lcd.o
    0x0800428c   0x0800428c   0x0000002a   Code   RO         1666    .text.LCD_BusOut    lcd.o
    0x080042b6   0x080042b6   0x00000002   PAD
    0x080042b8   0x080042b8   0x00000020   Code   RO         1638    .text.LCD_Clear     lcd.o
    0x080042d8   0x080042d8   0x000000a0   Code   RO         1626    .text.LCD_CtrlLinesConfig  lcd.o
    0x08004378   0x08004378   0x0000001e   Code   RO         1648    .text.LCD_DisplayChar  lcd.o
    0x08004396   0x08004396   0x00000002   PAD
    0x08004398   0x08004398   0x00000030   Code   RO         1636    .text.LCD_DisplayStringLine  lcd.o
    0x080043c8   0x080043c8   0x0000005c   Code   RO         1646    .text.LCD_DrawChar  lcd.o
    0x08004424   0x08004424   0x00000034   Code   RO         1624    .text.LCD_Init      lcd.o
    0x08004458   0x08004458   0x00000088   Code   RO         1628    .text.LCD_ReadReg   lcd.o
    0x080044e0   0x080044e0   0x00000018   Code   RO         1632    .text.LCD_SetBackColor  lcd.o
    0x080044f8   0x080044f8   0x00000016   Code   RO         1640    .text.LCD_SetCursor  lcd.o
    0x0800450e   0x0800450e   0x00000002   PAD
    0x08004510   0x08004510   0x00000018   Code   RO         1630    .text.LCD_SetTextColor  lcd.o
    0x08004528   0x08004528   0x00000052   Code   RO         1644    .text.LCD_WriteRAM  lcd.o
    0x0800457a   0x0800457a   0x00000002   PAD
    0x0800457c   0x0800457c   0x00000054   Code   RO         1642    .text.LCD_WriteRAM_Prepare  lcd.o
    0x080045d0   0x080045d0   0x00000066   Code   RO         1620    .text.LCD_WriteReg  lcd.o
    0x08004636   0x08004636   0x00000002   PAD
    0x08004638   0x08004638   0x0000003c   Code   RO         1690    .text.LED_Disp      led.o
    0x08004674   0x08004674   0x00000010   Code   RO          163    .text.LL_ADC_DisableDeepPowerDown  stm32g4xx_hal_adc.o
    0x08004684   0x08004684   0x00000012   Code   RO          293    .text.LL_ADC_Enable  stm32g4xx_hal_adc.o
    0x08004696   0x08004696   0x00000002   PAD
    0x08004698   0x08004698   0x00000014   Code   RO          167    .text.LL_ADC_EnableInternalRegulator  stm32g4xx_hal_adc.o
    0x080046ac   0x080046ac   0x00000010   Code   RO          255    .text.LL_ADC_GetCommonPathInternalCh  stm32g4xx_hal_adc.o
    0x080046bc   0x080046bc   0x00000010   Code   RO          187    .text.LL_ADC_GetMultimode  stm32g4xx_hal_adc.o
    0x080046cc   0x080046cc   0x0000000c   Code   RO          249    .text.LL_ADC_GetOffsetChannel  stm32g4xx_hal_adc.o
    0x080046d8   0x080046d8   0x00000008   Code   RO          175    .text.LL_ADC_INJ_IsConversionOngoing  stm32g4xx_hal_adc.o
    0x080046e0   0x080046e0   0x00000008   Code   RO          161    .text.LL_ADC_IsDeepPowerDownEnabled  stm32g4xx_hal_adc.o
    0x080046e8   0x080046e8   0x00000008   Code   RO          171    .text.LL_ADC_IsEnabled  stm32g4xx_hal_adc.o
    0x080046f0   0x080046f0   0x00000008   Code   RO          321    .text.LL_ADC_IsEnabled  stm32g4xx_hal_adc_ex.o
    0x080046f8   0x080046f8   0x00000008   Code   RO          165    .text.LL_ADC_IsInternalRegulatorEnabled  stm32g4xx_hal_adc.o
    0x08004700   0x08004700   0x00000008   Code   RO          169    .text.LL_ADC_REG_IsConversionOngoing  stm32g4xx_hal_adc.o
    0x08004708   0x08004708   0x00000008   Code   RO          317    .text.LL_ADC_REG_IsConversionOngoing  stm32g4xx_hal_adc_ex.o
    0x08004710   0x08004710   0x00000026   Code   RO          237    .text.LL_ADC_REG_SetSequencerRanks  stm32g4xx_hal_adc.o
    0x08004736   0x08004736   0x00000002   PAD
    0x08004738   0x08004738   0x00000012   Code   RO          191    .text.LL_ADC_REG_StartConversion  stm32g4xx_hal_adc.o
    0x0800474a   0x0800474a   0x00000002   PAD
    0x0800474c   0x0800474c   0x00000022   Code   RO          239    .text.LL_ADC_SetChannelSamplingTime  stm32g4xx_hal_adc.o
    0x0800476e   0x0800476e   0x00000002   PAD
    0x08004770   0x08004770   0x0000001e   Code   RO          253    .text.LL_ADC_SetChannelSingleDiff  stm32g4xx_hal_adc.o
    0x0800478e   0x0800478e   0x00000002   PAD
    0x08004790   0x08004790   0x00000014   Code   RO          173    .text.LL_ADC_SetCommonClock  stm32g4xx_hal_adc.o
    0x080047a4   0x080047a4   0x00000014   Code   RO          257    .text.LL_ADC_SetCommonPathInternalCh  stm32g4xx_hal_adc.o
    0x080047b8   0x080047b8   0x00000024   Code   RO          243    .text.LL_ADC_SetOffset  stm32g4xx_hal_adc.o
    0x080047dc   0x080047dc   0x00000010   Code   RO          247    .text.LL_ADC_SetOffsetSaturation  stm32g4xx_hal_adc.o
    0x080047ec   0x080047ec   0x00000010   Code   RO          245    .text.LL_ADC_SetOffsetSign  stm32g4xx_hal_adc.o
    0x080047fc   0x080047fc   0x0000000e   Code   RO          251    .text.LL_ADC_SetOffsetState  stm32g4xx_hal_adc.o
    0x0800480a   0x0800480a   0x00000002   PAD
    0x0800480c   0x0800480c   0x0000000c   Code   RO          241    .text.LL_ADC_SetSamplingTimeCommonConfig  stm32g4xx_hal_adc.o
    0x08004818   0x08004818   0x000000ac   Code   RO           49    .text.MX_ADC1_Init  adc.o
    0x080048c4   0x080048c4   0x0000008e   Code   RO           51    .text.MX_ADC2_Init  adc.o
    0x08004952   0x08004952   0x00000002   PAD
    0x08004954   0x08004954   0x0000013c   Code   RO           40    .text.MX_GPIO_Init  gpio.o
    0x08004a90   0x08004a90   0x000000c4   Code   RO           74    .text.MX_TIM16_Init  tim.o
    0x08004b54   0x08004b54   0x000000c4   Code   RO           78    .text.MX_TIM17_Init  tim.o
    0x08004c18   0x08004c18   0x0000009c   Code   RO           68    .text.MX_TIM2_Init  tim.o
    0x08004cb4   0x08004cb4   0x000000a0   Code   RO           70    .text.MX_TIM3_Init  tim.o
    0x08004d54   0x08004d54   0x0000007e   Code   RO           72    .text.MX_TIM4_Init  tim.o
    0x08004dd2   0x08004dd2   0x00000002   PAD
    0x08004dd4   0x08004dd4   0x0000007e   Code   RO          101    .text.MX_USART1_UART_Init  usart.o
    0x08004e52   0x08004e52   0x00000002   PAD
    0x08004e54   0x08004e54   0x00000002   Code   RO          120    .text.MemManage_Handler  stm32g4xx_it.o
    0x08004e56   0x08004e56   0x00000002   PAD
    0x08004e58   0x08004e58   0x00000002   Code   RO          116    .text.NMI_Handler   stm32g4xx_it.o
    0x08004e5a   0x08004e5a   0x00000002   PAD
    0x08004e5c   0x08004e5c   0x0000002c   Code   RO          925    .text.NVIC_EncodePriority  stm32g4xx_hal_cortex.o
    0x08004e88   0x08004e88   0x00000002   Code   RO          130    .text.PendSV_Handler  stm32g4xx_it.o
    0x08004e8a   0x08004e8a   0x00000002   PAD
    0x08004e8c   0x08004e8c   0x00000048   Code   RO          507    .text.RCC_GetSysClockFreqFromPLLSource  stm32g4xx_hal_rcc.o
    0x08004ed4   0x08004ed4   0x00000118   Code   RO         1618    .text.REG_8230_Init  lcd.o
    0x08004fec   0x08004fec   0x00000200   Code   RO         1622    .text.REG_932X_Init  lcd.o
    0x080051ec   0x080051ec   0x00000018   Code   RO         1714    .text.SCL_Output    i2c_hal.o
    0x08005204   0x08005204   0x0000001a   Code   RO         1716    .text.SDA_Input     i2c_hal.o
    0x0800521e   0x0800521e   0x00000002   PAD
    0x08005220   0x08005220   0x00000028   Code   RO         1708    .text.SDA_Input_Mode  i2c_hal.o
    0x08005248   0x08005248   0x00000018   Code   RO         1712    .text.SDA_Output    i2c_hal.o
    0x08005260   0x08005260   0x00000028   Code   RO         1710    .text.SDA_Output_Mode  i2c_hal.o
    0x08005288   0x08005288   0x00000002   Code   RO          126    .text.SVC_Handler   stm32g4xx_it.o
    0x0800528a   0x0800528a   0x00000002   PAD
    0x0800528c   0x0800528c   0x0000002e   Code   RO          941    .text.SysTick_Config  stm32g4xx_hal_cortex.o
    0x080052ba   0x080052ba   0x00000002   PAD
    0x080052bc   0x080052bc   0x00000008   Code   RO          132    .text.SysTick_Handler  stm32g4xx_it.o
    0x080052c4   0x080052c4   0x0000006c   Code   RO           13    .text.SystemClock_Config  main.o
    0x08005330   0x08005330   0x00000012   Code   RO         1575    .text.SystemInit    system_stm32g4xx.o
    0x08005342   0x08005342   0x00000002   PAD
    0x08005344   0x08005344   0x00000010   Code   RO          134    .text.TIM2_IRQHandler  stm32g4xx_it.o
    0x08005354   0x08005354   0x00000010   Code   RO          136    .text.TIM3_IRQHandler  stm32g4xx_it.o
    0x08005364   0x08005364   0x00000010   Code   RO          138    .text.TIM4_IRQHandler  stm32g4xx_it.o
    0x08005374   0x08005374   0x000000fe   Code   RO          991    .text.TIM_Base_SetConfig  stm32g4xx_hal_tim.o
    0x08005472   0x08005472   0x00000002   PAD
    0x08005474   0x08005474   0x00000024   Code   RO         1025    .text.TIM_CCxChannelCmd  stm32g4xx_hal_tim.o
    0x08005498   0x08005498   0x00000016   Code   RO         1181    .text.TIM_ETR_SetConfig  stm32g4xx_hal_tim.o
    0x080054ae   0x080054ae   0x00000002   PAD
    0x080054b0   0x080054b0   0x00000016   Code   RO         1187    .text.TIM_ITRx_SetConfig  stm32g4xx_hal_tim.o
    0x080054c6   0x080054c6   0x00000002   PAD
    0x080054c8   0x080054c8   0x0000007e   Code   RO         1135    .text.TIM_OC1_SetConfig  stm32g4xx_hal_tim.o
    0x08005546   0x08005546   0x00000002   PAD
    0x08005548   0x08005548   0x00000090   Code   RO         1137    .text.TIM_OC2_SetConfig  stm32g4xx_hal_tim.o
    0x080055d8   0x080055d8   0x00000090   Code   RO         1139    .text.TIM_OC3_SetConfig  stm32g4xx_hal_tim.o
    0x08005668   0x08005668   0x00000090   Code   RO         1141    .text.TIM_OC4_SetConfig  stm32g4xx_hal_tim.o
    0x080056f8   0x080056f8   0x0000005e   Code   RO         1143    .text.TIM_OC5_SetConfig  stm32g4xx_hal_tim.o
    0x08005756   0x08005756   0x00000002   PAD
    0x08005758   0x08005758   0x00000060   Code   RO         1145    .text.TIM_OC6_SetConfig  stm32g4xx_hal_tim.o
    0x080057b8   0x080057b8   0x00000022   Code   RO         1185    .text.TIM_TI1_ConfigInputStage  stm32g4xx_hal_tim.o
    0x080057da   0x080057da   0x00000002   PAD
    0x080057dc   0x080057dc   0x00000086   Code   RO         1149    .text.TIM_TI1_SetConfig  stm32g4xx_hal_tim.o
    0x08005862   0x08005862   0x00000002   PAD
    0x08005864   0x08005864   0x00000024   Code   RO         1189    .text.TIM_TI2_ConfigInputStage  stm32g4xx_hal_tim.o
    0x08005888   0x08005888   0x0000003c   Code   RO         1151    .text.TIM_TI2_SetConfig  stm32g4xx_hal_tim.o
    0x080058c4   0x080058c4   0x00000034   Code   RO         1153    .text.TIM_TI3_SetConfig  stm32g4xx_hal_tim.o
    0x080058f8   0x080058f8   0x0000003c   Code   RO         1155    .text.TIM_TI4_SetConfig  stm32g4xx_hal_tim.o
    0x08005934   0x08005934   0x00000054   Code   RO         1552    .text.UARTEx_SetNbDataToProcess  stm32g4xx_hal_uart_ex.o
    0x08005988   0x08005988   0x000000e6   Code   RO         1389    .text.UART_AdvFeatureConfig  stm32g4xx_hal_uart.o
    0x08005a6e   0x08005a6e   0x00000002   PAD
    0x08005a70   0x08005a70   0x0000006e   Code   RO         1391    .text.UART_CheckIdleState  stm32g4xx_hal_uart.o
    0x08005ade   0x08005ade   0x00000002   PAD
    0x08005ae0   0x08005ae0   0x00000014   Code   RO         1473    .text.UART_DMAAbortOnError  stm32g4xx_hal_uart.o
    0x08005af4   0x08005af4   0x0000005a   Code   RO         1443    .text.UART_EndRxTransfer  stm32g4xx_hal_uart.o
    0x08005b4e   0x08005b4e   0x00000002   PAD
    0x08005b50   0x08005b50   0x00000028   Code   RO         1479    .text.UART_EndTransmit_IT  stm32g4xx_hal_uart.o
    0x08005b78   0x08005b78   0x000000a6   Code   RO         1515    .text.UART_RxISR_16BIT  stm32g4xx_hal_uart.o
    0x08005c1e   0x08005c1e   0x00000002   PAD
    0x08005c20   0x08005c20   0x0000019c   Code   RO         1511    .text.UART_RxISR_16BIT_FIFOEN  stm32g4xx_hal_uart.o
    0x08005dbc   0x08005dbc   0x000000aa   Code   RO         1517    .text.UART_RxISR_8BIT  stm32g4xx_hal_uart.o
    0x08005e66   0x08005e66   0x00000002   PAD
    0x08005e68   0x08005e68   0x000001a0   Code   RO         1513    .text.UART_RxISR_8BIT_FIFOEN  stm32g4xx_hal_uart.o
    0x08006008   0x08006008   0x000002c4   Code   RO         1387    .text.UART_SetConfig  stm32g4xx_hal_uart.o
    0x080062cc   0x080062cc   0x00000128   Code   RO         1421    .text.UART_Start_Receive_IT  stm32g4xx_hal_uart.o
    0x080063f4   0x080063f4   0x000000ec   Code   RO         1405    .text.UART_WaitOnFlagUntilTimeout  stm32g4xx_hal_uart.o
    0x080064e0   0x080064e0   0x00000010   Code   RO          140    .text.USART1_IRQHandler  stm32g4xx_it.o
    0x080064f0   0x080064f0   0x00000002   Code   RO          124    .text.UsageFault_Handler  stm32g4xx_it.o
    0x080064f2   0x080064f2   0x00000002   PAD
    0x080064f4   0x080064f4   0x00000020   Code   RO          929    .text.__NVIC_EnableIRQ  stm32g4xx_hal_cortex.o
    0x08006514   0x08006514   0x00000010   Code   RO          921    .text.__NVIC_GetPriorityGrouping  stm32g4xx_hal_cortex.o
    0x08006524   0x08006524   0x00000022   Code   RO          923    .text.__NVIC_SetPriority  stm32g4xx_hal_cortex.o
    0x08006546   0x08006546   0x00000002   PAD
    0x08006548   0x08006548   0x00000020   Code   RO          917    .text.__NVIC_SetPriorityGrouping  stm32g4xx_hal_cortex.o
    0x08006568   0x08006568   0x00000298   Code   RO           17    .text.disp_proc     main.o
    0x08006800   0x08006800   0x00000040   Code   RO         1734    .text.eeprom_read   i2c_hal.o
    0x08006840   0x08006840   0x0000002e   Code   RO         1736    .text.eeprom_write  i2c_hal.o
    0x0800686e   0x0800686e   0x00000002   PAD
    0x08006870   0x08006870   0x00000040   Code   RO         1699    .text.getADC        badc.o
    0x080068b0   0x080068b0   0x000000c2   Code   RO           15    .text.key_proc      main.o
    0x08006972   0x08006972   0x00000002   PAD
    0x08006974   0x08006974   0x000000cc   Code   RO           11    .text.main          main.o
    0x08006a40   0x08006a40   0x00000098   Code   RO           21    .text.uart_rx_porc  main.o
    0x08006ad8   0x08006ad8   0x0000003e   Code   RO         1883    CL$$btod_d2e        c_w.l(btod.o)
    0x08006b16   0x08006b16   0x00000046   Code   RO         1885    CL$$btod_d2e_denorm_low  c_w.l(btod.o)
    0x08006b5c   0x08006b5c   0x00000060   Code   RO         1884    CL$$btod_d2e_norm_op1  c_w.l(btod.o)
    0x08006bbc   0x08006bbc   0x00000338   Code   RO         1893    CL$$btod_div_common  c_w.l(btod.o)
    0x08006ef4   0x08006ef4   0x000000dc   Code   RO         1890    CL$$btod_e2e        c_w.l(btod.o)
    0x08006fd0   0x08006fd0   0x0000002a   Code   RO         1887    CL$$btod_ediv       c_w.l(btod.o)
    0x08006ffa   0x08006ffa   0x0000002a   Code   RO         1886    CL$$btod_emul       c_w.l(btod.o)
    0x08007024   0x08007024   0x00000244   Code   RO         1892    CL$$btod_mult_common  c_w.l(btod.o)
    0x08007268   0x08007268   0x00000030   Code   RO         1912    i.__ARM_fpclassify  m_wm.l(fpclassify.o)
    0x08007298   0x08007298   0x0000000e   Code   RO         1769    i._is_digit         c_w.l(__printf_wp.o)
    0x080072a6   0x080072a6   0x00000002   PAD
    0x080072a8   0x080072a8   0x0000002c   Code   RO         1908    locale$$code        c_w.l(lc_numeric_c.o)
    0x080072d4   0x080072d4   0x0000002c   Code   RO         1989    locale$$code        c_w.l(lc_ctype_c.o)
    0x08007300   0x08007300   0x00000062   Code   RO         1795    x$fpl$d2f           fz_wm.l(d2f.o)
    0x08007362   0x08007362   0x00000002   PAD
    0x08007364   0x08007364   0x000002b4   Code   RO         1798    x$fpl$ddiv          fz_wm.l(ddiv.o)
    0x08007618   0x08007618   0x0000005a   Code   RO         1801    x$fpl$dfixu         fz_wm.l(dfixu.o)
    0x08007672   0x08007672   0x00000026   Code   RO         1805    x$fpl$dfltu         fz_wm.l(dflt_clz.o)
    0x08007698   0x08007698   0x00000154   Code   RO         1811    x$fpl$dmul          fz_wm.l(dmul.o)
    0x080077ec   0x080077ec   0x0000009c   Code   RO         1839    x$fpl$dnaninf       fz_wm.l(dnaninf.o)
    0x08007888   0x08007888   0x0000000c   Code   RO         1841    x$fpl$dretinf       fz_wm.l(dretinf.o)
    0x08007894   0x08007894   0x00000056   Code   RO         1813    x$fpl$f2d           fz_wm.l(f2d.o)
    0x080078ea   0x080078ea   0x0000008c   Code   RO         1843    x$fpl$fnaninf       fz_wm.l(fnaninf.o)
    0x08007976   0x08007976   0x0000001a   Code   RO         1997    x$fpl$fpinit        fz_wm.l(fpinit.o)
    0x08007990   0x08007990   0x0000000a   Code   RO         1845    x$fpl$fretinf       fz_wm.l(fretinf.o)
    0x0800799a   0x0800799a   0x00000004   Code   RO         1815    x$fpl$printf1       fz_wm.l(printf1.o)
    0x0800799e   0x0800799e   0x00000000   Code   RO         1847    x$fpl$usenofp       fz_wm.l(usenofp.o)
    0x0800799e   0x0800799e   0x00000002   PAD
    0x080079a0   0x080079a0   0x00000094   Data   RO         1881    .constdata          c_w.l(bigflt0.o)
    0x08007a34   0x08007a34   0x00000010   Data   RO         1580    .rodata.AHBPrescTable  system_stm32g4xx.o
    0x08007a44   0x08007a44   0x00000008   Data   RO         1581    .rodata.APBPrescTable  system_stm32g4xx.o
    0x08007a4c   0x08007a4c   0x000011d0   Data   RO         1678    .rodata.ASCII_Table  lcd.o
    0x08008c1c   0x08008c1c   0x00000018   Data   RO         1523    .rodata.UARTPrescTable  stm32g4xx_hal_uart.o
    0x08008c34   0x08008c34   0x00000010   Data   RO         1566    .rodata.cst8        stm32g4xx_hal_uart_ex.o
    0x08008c44   0x08008c44   0x00000051   Data   RO           27    .rodata.str1.1      main.o
    0x08008c95   0x08008c95   0x00000003   PAD
    0x08008c98   0x08008c98   0x0000003d   Data   RO           26    .rodata.str1.4      main.o
    0x08008cd5   0x08008cd5   0x00000003   PAD
    0x08008cd8   0x08008cd8   0x00000020   Data   RO         2073    Region$$Table       anon$$obj.o
    0x08008cf8   0x08008cf8   0x0000001c   Data   RO         1907    locale$$data        c_w.l(lc_numeric_c.o)
    0x08008d14   0x08008d14   0x00000110   Data   RO         1988    locale$$data        c_w.l(lc_ctype_c.o)


    Execution Region RW_IRAM1 (Exec base: 0x20000000, Load base: 0x08008e28, Size: 0x000009f8, Max: 0x00008000, ABSOLUTE)

    Exec Addr    Load Addr    Size         Type   Attr      Idx    E Section Name        Object

    0x20000000   0x08008e28   0x00000002   Data   RW         1681    .data.BackColor     lcd.o
    0x20000002   0x08008e2a   0x00000002   PAD
    0x20000004   0x08008e2c   0x00000004   Data   RW         1579    .data.SystemCoreClock  system_stm32g4xx.o
    0x20000008   0x08008e30   0x00000001   Data   RW           24    .data.pa6_duty      main.o
    0x20000009   0x08008e31   0x00000001   Data   RW           25    .data.pa7_duty      main.o
    0x2000000a   0x08008e32   0x00000002   PAD
    0x2000000c   0x08008e34   0x00000004   Data   RW          491    .data.uwTickFreq    stm32g4xx_hal.o
    0x20000010   0x08008e38   0x00000004   Data   RW          490    .data.uwTickPrio    stm32g4xx_hal.o
    0x20000014   0x08008e3c   0x00000004   PAD
    0x20000018        -       0x00000060   Zero   RW         1915    .bss                c_w.l(libspace.o)
    0x20000078        -       0x00000004   Zero   RW           59    .bss.HAL_RCC_ADC12_CLK_ENABLED  adc.o
    0x2000007c        -       0x00000002   Zero   RW         1680    .bss.TextColor      lcd.o
    0x2000007e        -       0x00000005   Zero   RW           29    .bss.car_data       main.o
    0x20000083        -       0x0000000d   Zero   RW           30    .bss.car_time       main.o
    0x20000090        -       0x00000005   Zero   RW           28    .bss.car_type       main.o
    0x20000095   0x08008e3c   0x00000003   PAD
    0x20000098        -       0x00000008   Zero   RW         1597    .bss.ccrl_val1a     interrupt.o
    0x200000a0        -       0x00000004   Zero   RW         1599    .bss.ccrl_val1b     interrupt.o
    0x200000a4   0x08008e3c   0x00000004   PAD
    0x200000a8        -       0x00000008   Zero   RW         1598    .bss.ccrl_val2a     interrupt.o
    0x200000b0        -       0x00000004   Zero   RW         1600    .bss.ccrl_val2b     interrupt.o
    0x200000b4        -       0x00000002   Zero   RW         1679    .bss.dummy          lcd.o
    0x200000b6   0x08008e3c   0x00000002   PAD
    0x200000b8        -       0x00000004   Zero   RW         1603    .bss.duty1          interrupt.o
    0x200000bc        -       0x00000004   Zero   RW         1604    .bss.duty2          interrupt.o
    0x200000c0        -       0x00000004   Zero   RW         1601    .bss.frq1           interrupt.o
    0x200000c4        -       0x00000004   Zero   RW         1602    .bss.frq2           interrupt.o
    0x200000c8        -       0x0000006c   Zero   RW           57    .bss.hadc1          adc.o
    0x20000134        -       0x0000006c   Zero   RW           58    .bss.hadc2          adc.o
    0x200001a0        -       0x0000004c   Zero   RW           91    .bss.htim16         tim.o
    0x200001ec        -       0x0000004c   Zero   RW           92    .bss.htim17         tim.o
    0x20000238        -       0x0000004c   Zero   RW           88    .bss.htim2          tim.o
    0x20000284        -       0x0000004c   Zero   RW           89    .bss.htim3          tim.o
    0x200002d0        -       0x0000004c   Zero   RW           90    .bss.htim4          tim.o
    0x2000031c        -       0x00000090   Zero   RW          107    .bss.huart1         usart.o
    0x200003ac        -       0x00000020   Zero   RW         1596    .bss.key            interrupt.o
    0x200003cc        -       0x00000001   Zero   RW         1607    .bss.rx_pointer     interrupt.o
    0x200003cd        -       0x00000001   Zero   RW         1605    .bss.rxdat          interrupt.o
    0x200003ce        -       0x0000001e   Zero   RW         1606    .bss.rxdata         interrupt.o
    0x200003ec        -       0x00000004   Zero   RW          492    .bss.uwTick         stm32g4xx_hal.o
    0x200003f0        -       0x00000001   Zero   RW           23    .bss.view           main.o
    0x200003f1   0x08008e3c   0x00000007   PAD
    0x200003f8        -       0x00000200   Zero   RW            2    HEAP                startup_stm32g431xx.o
    0x200005f8        -       0x00000400   Zero   RW            1    STACK               startup_stm32g431xx.o


==============================================================================

Image component sizes


      Code (inc. data)   RO Data    RW Data    ZI Data      Debug   Object Name

       570          0          0          0        220       7503   adc.o
        64         16          0          0          0       4348   badc.o
       316          0          0          0          0       2481   gpio.o
       472          0          0          0          0       3683   i2c_hal.o
       598         16          0          0        104       7387   interrupt.o
      1762          0       4560          2          4       9742   lcd.o
        60          0          0          0          0       1147   led.o
      1332        168        142          2         24       3925   main.o
        64         26        472          0       1536        832   startup_stm32g431xx.o
       194          0          0          8          4       8594   stm32g4xx_hal.o
      2052          0          0          0          0      23719   stm32g4xx_hal_adc.o
       236          0          0          0          0      21186   stm32g4xx_hal_adc_ex.o
       258          0          0          0          0      10441   stm32g4xx_hal_cortex.o
       232          0          0          0          0       8609   stm32g4xx_hal_dma.o
       436          0          0          0          0       5369   stm32g4xx_hal_gpio.o
        56          0          0          0          0       1600   stm32g4xx_hal_msp.o
       256          0          0          0          0       9513   stm32g4xx_hal_pwr_ex.o
      1948          0          0          0          0       9235   stm32g4xx_hal_rcc.o
       658          0          0          0          0      10612   stm32g4xx_hal_rcc_ex.o
      4170         54          0          0          0      49062   stm32g4xx_hal_tim.o
       380          0          0          0          0      27383   stm32g4xx_hal_tim_ex.o
      4082         62         24          0          0      33065   stm32g4xx_hal_uart.o
       292          0         16          0          0      10074   stm32g4xx_hal_uart_ex.o
        88          0          0          0          0       2312   stm32g4xx_it.o
        18          0         24          4          0       2750   system_stm32g4xx.o
      1316          0          0          0        380      10915   tim.o
       284          0          0          0        144       8098   usart.o

    ----------------------------------------------------------------------
     22380        342       5276         20       2436     293585   Object Totals
         0          0         32          0          0          0   (incl. Generated)
       186          0          6          4         20          0   (incl. Padding)

    ----------------------------------------------------------------------

      Code (inc. data)   RO Data    RW Data    ZI Data      Debug   Library Member Name

        60          8          0          0          0         84   __0sscanf.o
         8          0          0          0          0         68   __main.o
       284          0          0          0          0        156   __printf_wp.o
         0          0          0          0          0          0   __rtentry.o
        12          0          0          0          0          0   __rtentry2.o
         6          0          0          0          0          0   __rtentry4.o
        52          8          0          0          0          0   __scatter.o
        26          0          0          0          0          0   __scatter_copy.o
        28          0          0          0          0          0   __scatter_zi.o
        44          0          0          0          0        108   _printf_char.o
        48          6          0          0          0         96   _printf_char_common.o
         6          0          0          0          0          0   _printf_d.o
       120         16          0          0          0         92   _printf_dec.o
         6          0          0          0          0          0   _printf_f.o
      1052          0          0          0          0        148   _printf_fp_dec.o
       128         16          0          0          0         84   _printf_fp_infnan.o
       178          0          0          0          0         88   _printf_intcommon.o
         0          0          0          0          0          0   _printf_percent.o
         4          0          0          0          0          0   _printf_percent_end.o
         6          0          0          0          0          0   _printf_s.o
        82          0          0          0          0         80   _printf_str.o
       884          6          0          0          0        100   _scanf.o
       224          0          0          0          0         96   _scanf_str.o
        64          0          0          0          0         84   _sgetc.o
        10          0          0          0          0         68   _sputc.o
       228          4        148          0          0         96   bigflt0.o
      1936        128          0          0          0        668   btod.o
        18          0          0          0          0         80   exit.o
         6          0          0          0          0        152   heapauxi.o
         0          0          0          0          0          0   indicate_semi.o
        18          0          0          0          0         76   isspace.o
        44         10        272          0          0         76   lc_ctype_c.o
        44         10         28          0          0         76   lc_numeric_c.o
         2          0          0          0          0          0   libinit.o
        34          0          0          0          0          0   libinit2.o
         2          0          0          0          0          0   libshutdown.o
         2          0          0          0          0          0   libshutdown2.o
         8          4          0          0         96         68   libspace.o
       138          0          0          0          0         80   lludiv10.o
       240          0          0          0          0        100   lludivv7m.o
        40          6          0          0          0         84   noretval__2sprintf.o
        16          4          0          0          0         76   rt_ctype_table.o
         8          4          0          0          0         68   rt_locale_intlibspace.o
        78          0          0          0          0         80   rt_memclr_w.o
         2          0          0          0          0          0   rtexit.o
        10          0          0          0          0          0   rtexit2.o
        44          8          0          0          0         84   scanf_char.o
       124          0          0          0          0         88   strcmpv7em.o
        62          0          0          0          0         76   strlen.o
        12          4          0          0          0         68   sys_exit.o
        74          0          0          0          0         80   sys_stackheap_outer.o
         2          0          0          0          0         68   use_no_semi.o
        98          4          0          0          0        140   d2f.o
       692        140          0          0          0        264   ddiv.o
        90          4          0          0          0        140   dfixu.o
        38          0          0          0          0        116   dflt_clz.o
       340         12          0          0          0        152   dmul.o
       156          4          0          0          0        140   dnaninf.o
        12          0          0          0          0        116   dretinf.o
        86          4          0          0          0        132   f2d.o
       140          4          0          0          0        132   fnaninf.o
        26          0          0          0          0        116   fpinit.o
        10          0          0          0          0        116   fretinf.o
         4          0          0          0          0        116   printf1.o
         0          0          0          0          0          0   usenofp.o
        48          0          0          0          0        124   fpclassify.o

    ----------------------------------------------------------------------
      8284        414        448          0         96       5400   Library Totals
        20          0          0          0          0          0   (incl. Padding)

    ----------------------------------------------------------------------

      Code (inc. data)   RO Data    RW Data    ZI Data      Debug   Library Name

      6524        242        448          0         96       3596   c_w.l
      1692        172          0          0          0       1680   fz_wm.l
        48          0          0          0          0        124   m_wm.l

    ----------------------------------------------------------------------
      8284        414        448          0         96       5400   Library Totals

    ----------------------------------------------------------------------

==============================================================================


      Code (inc. data)   RO Data    RW Data    ZI Data      Debug   

     30664        756       5724         20       2532     295409   Grand Totals
     30664        756       5724         20       2532     295409   ELF Image Totals
     30664        756       5724         20          0          0   ROM Totals

==============================================================================

    Total RO  Size (Code + RO Data)                36388 (  35.54kB)
    Total RW  Size (RW Data + ZI Data)              2552 (   2.49kB)
    Total ROM Size (Code + RO Data + RW Data)      36408 (  35.55kB)

==============================================================================

