<html>
<body>
<pre>
<h1>µVision Build Log</h1>
<h2>Tool Versions:</h2>
IDE-Version: ¦ÌVision V5.35.0.0
Copyright (C) 2021 ARM Ltd and ARM Germany GmbH. All rights reserved.
License Information: blue blue, blue, LIC=PE7DL-0BDJR-NNKAF-6VIC0-9AMNK-15DBL
 
Tool Versions:
Toolchain:       MDK-ARM Plus  Version: 5.35.0.2
Toolchain Path:  D:\keil_mdk\ARM\ARMCLANG\Bin
C Compiler:      ArmClang.exe V6.16
Assembler:       Armasm.exe V6.16
Linker/Locator:  ArmLink.exe V6.16
Library Manager: ArmAr.exe V6.16
Hex Converter:   FromElf.exe V6.16
CPU DLL:         SARMCM3.DLL V5.35.0.2
Dialog DLL:      DCM.DLL V1.17.3.0
Target DLL:      CMSIS_AGDI.dll V1.33.0.0
Dialog DLL:      TCM.DLL V1.53.0.0
 
<h2>Project:</h2>
D:\keil_mdk_project\AAanqiaobeiqianrushi\UART\MDK-ARM\ADC.uvprojx
Project File Date:  12/03/2023

<h2>Output:</h2>
*** Using Compiler 'V6.16', folder: 'D:\keil_mdk\ARM\ARMCLANG\Bin'
Rebuild target 'ADC'
compiling stm32g4xx_ll_adc.c...
compiling main.c...
compiling usart.c...
compiling tim.c...
assembling startup_stm32g431xx.s...
compiling stm32g4xx_hal_msp.c...
compiling stm32g4xx_it.c...
compiling gpio.c...
compiling adc.c...
compiling stm32g4xx_hal_adc.c...
compiling stm32g4xx_hal_adc_ex.c...
compiling stm32g4xx_hal.c...
compiling stm32g4xx_hal_flash_ramfunc.c...
compiling stm32g4xx_hal_flash.c...
compiling stm32g4xx_hal_gpio.c...
compiling stm32g4xx_hal_rcc.c...
compiling stm32g4xx_hal_flash_ex.c...
compiling stm32g4xx_hal_rcc_ex.c...
compiling stm32g4xx_hal_exti.c...
compiling stm32g4xx_hal_dma.c...
compiling stm32g4xx_hal_dma_ex.c...
compiling stm32g4xx_hal_pwr.c...
compiling stm32g4xx_hal_pwr_ex.c...
compiling stm32g4xx_hal_cortex.c...
compiling system_stm32g4xx.c...
compiling interrupt.c...
compiling stm32g4xx_hal_uart_ex.c...
compiling led.c...
compiling badc.c...
../bsp/lcd.c(198): warning: passing 'char [21]' to parameter of type 'u8 *' (aka 'unsigned char *') converts between pointers to integer types where one is of the unique plain 'char' type and the other is not [-Wpointer-sign]
        LCD_DisplayStringLine(Line, "                    ");
                                    ^~~~~~~~~~~~~~~~~~~~~~
../bsp/lcd.h(187): note: passing argument to parameter 'ptr' here
void LCD_DisplayStringLine(u8 Line, u8 *ptr);
                                        ^
1 warning generated.
compiling lcd.c...
compiling stm32g4xx_hal_tim_ex.c...
compiling i2c_hal.c...
compiling stm32g4xx_hal_uart.c...
compiling stm32g4xx_hal_tim.c...
linking...
Program Size: Code=30664 RO-data=5724 RW-data=20 ZI-data=2532  
FromELF: creating hex file...
"ADC\ADC.axf" - 0 Error(s), 1 Warning(s).

<h2>Software Packages used:</h2>

Package Vendor: ARM
                http://www.keil.com/pack/ARM.CMSIS.5.8.0.pack
                ARM.CMSIS.5.8.0
                CMSIS (Common Microcontroller Software Interface Standard)
   * Component: CORE Version: 5.5.0

Package Vendor: Keil
                https://www.keil.com/pack/Keil.STM32G4xx_DFP.1.5.0.pack
                Keil.STM32G4xx_DFP.1.5.0
                STMicroelectronics STM32G4 Series Device Support, Drivers and Examples

<h2>Collection of Component include folders:</h2>
  .\RTE\_ADC
  D:\keil_mdk\ARM\PACK\ARM\CMSIS\5.8.0\CMSIS\Core\Include
  D:\keil_mdk\ARM\PACK\Keil\STM32G4xx_DFP\1.5.0\Drivers\CMSIS\Device\ST\STM32G4xx\Include

<h2>Collection of Component Files used:</h2>

   * Component: ARM::CMSIS:CORE:5.5.0
      Include file:  CMSIS\Core\Include\tz_context.h
Build Time Elapsed:  00:00:04
</pre>
</body>
</html>
